Archive member included to satisfy reference by file (symbol)

C:/ST/STM32CubeIDE_2.1.1/STM32CubeIDE/plugins/com.st.stm32cube.ide.mcu.externaltools.gnu-tools-for-stm32.14.3.rel1.win32_1.0.100.202602081740/tools/bin/../lib/gcc/arm-none-eabi/14.3.1/../../../../arm-none-eabi/lib/thumb/v7-m/nofp\libc_nano.a(libc_a-exit.o)
                              C:/ST/STM32CubeIDE_2.1.1/STM32CubeIDE/plugins/com.st.stm32cube.ide.mcu.externaltools.gnu-tools-for-stm32.14.3.rel1.win32_1.0.100.202602081740/tools/bin/../lib/gcc/arm-none-eabi/14.3.1/../../../../arm-none-eabi/lib/thumb/v7-m/nofp/crt0.o (exit)
C:/ST/STM32CubeIDE_2.1.1/STM32CubeIDE/plugins/com.st.stm32cube.ide.mcu.externaltools.gnu-tools-for-stm32.14.3.rel1.win32_1.0.100.202602081740/tools/bin/../lib/gcc/arm-none-eabi/14.3.1/../../../../arm-none-eabi/lib/thumb/v7-m/nofp\libc_nano.a(libc_a-findfp.o)
                              C:/ST/STM32CubeIDE_2.1.1/STM32CubeIDE/plugins/com.st.stm32cube.ide.mcu.externaltools.gnu-tools-for-stm32.14.3.rel1.win32_1.0.100.202602081740/tools/bin/../lib/gcc/arm-none-eabi/14.3.1/../../../../arm-none-eabi/lib/thumb/v7-m/nofp\libc_nano.a(libc_a-exit.o) (__stdio_exit_handler)
C:/ST/STM32CubeIDE_2.1.1/STM32CubeIDE/plugins/com.st.stm32cube.ide.mcu.externaltools.gnu-tools-for-stm32.14.3.rel1.win32_1.0.100.202602081740/tools/bin/../lib/gcc/arm-none-eabi/14.3.1/../../../../arm-none-eabi/lib/thumb/v7-m/nofp\libc_nano.a(libc_a-fwalk.o)
                              C:/ST/STM32CubeIDE_2.1.1/STM32CubeIDE/plugins/com.st.stm32cube.ide.mcu.externaltools.gnu-tools-for-stm32.14.3.rel1.win32_1.0.100.202602081740/tools/bin/../lib/gcc/arm-none-eabi/14.3.1/../../../../arm-none-eabi/lib/thumb/v7-m/nofp\libc_nano.a(libc_a-findfp.o) (_fwalk_sglue)
C:/ST/STM32CubeIDE_2.1.1/STM32CubeIDE/plugins/com.st.stm32cube.ide.mcu.externaltools.gnu-tools-for-stm32.14.3.rel1.win32_1.0.100.202602081740/tools/bin/../lib/gcc/arm-none-eabi/14.3.1/../../../../arm-none-eabi/lib/thumb/v7-m/nofp\libc_nano.a(libc_a-stdio.o)
                              C:/ST/STM32CubeIDE_2.1.1/STM32CubeIDE/plugins/com.st.stm32cube.ide.mcu.externaltools.gnu-tools-for-stm32.14.3.rel1.win32_1.0.100.202602081740/tools/bin/../lib/gcc/arm-none-eabi/14.3.1/../../../../arm-none-eabi/lib/thumb/v7-m/nofp\libc_nano.a(libc_a-findfp.o) (__sread)
C:/ST/STM32CubeIDE_2.1.1/STM32CubeIDE/plugins/com.st.stm32cube.ide.mcu.externaltools.gnu-tools-for-stm32.14.3.rel1.win32_1.0.100.202602081740/tools/bin/../lib/gcc/arm-none-eabi/14.3.1/../../../../arm-none-eabi/lib/thumb/v7-m/nofp\libc_nano.a(libc_a-memset.o)
                              C:/ST/STM32CubeIDE_2.1.1/STM32CubeIDE/plugins/com.st.stm32cube.ide.mcu.externaltools.gnu-tools-for-stm32.14.3.rel1.win32_1.0.100.202602081740/tools/bin/../lib/gcc/arm-none-eabi/14.3.1/../../../../arm-none-eabi/lib/thumb/v7-m/nofp/crt0.o (memset)
C:/ST/STM32CubeIDE_2.1.1/STM32CubeIDE/plugins/com.st.stm32cube.ide.mcu.externaltools.gnu-tools-for-stm32.14.3.rel1.win32_1.0.100.202602081740/tools/bin/../lib/gcc/arm-none-eabi/14.3.1/../../../../arm-none-eabi/lib/thumb/v7-m/nofp\libc_nano.a(libc_a-closer.o)
                              C:/ST/STM32CubeIDE_2.1.1/STM32CubeIDE/plugins/com.st.stm32cube.ide.mcu.externaltools.gnu-tools-for-stm32.14.3.rel1.win32_1.0.100.202602081740/tools/bin/../lib/gcc/arm-none-eabi/14.3.1/../../../../arm-none-eabi/lib/thumb/v7-m/nofp\libc_nano.a(libc_a-stdio.o) (_close_r)
C:/ST/STM32CubeIDE_2.1.1/STM32CubeIDE/plugins/com.st.stm32cube.ide.mcu.externaltools.gnu-tools-for-stm32.14.3.rel1.win32_1.0.100.202602081740/tools/bin/../lib/gcc/arm-none-eabi/14.3.1/../../../../arm-none-eabi/lib/thumb/v7-m/nofp\libc_nano.a(libc_a-reent.o)
                              C:/ST/STM32CubeIDE_2.1.1/STM32CubeIDE/plugins/com.st.stm32cube.ide.mcu.externaltools.gnu-tools-for-stm32.14.3.rel1.win32_1.0.100.202602081740/tools/bin/../lib/gcc/arm-none-eabi/14.3.1/../../../../arm-none-eabi/lib/thumb/v7-m/nofp\libc_nano.a(libc_a-closer.o) (errno)
C:/ST/STM32CubeIDE_2.1.1/STM32CubeIDE/plugins/com.st.stm32cube.ide.mcu.externaltools.gnu-tools-for-stm32.14.3.rel1.win32_1.0.100.202602081740/tools/bin/../lib/gcc/arm-none-eabi/14.3.1/../../../../arm-none-eabi/lib/thumb/v7-m/nofp\libc_nano.a(libc_a-impure.o)
                              C:/ST/STM32CubeIDE_2.1.1/STM32CubeIDE/plugins/com.st.stm32cube.ide.mcu.externaltools.gnu-tools-for-stm32.14.3.rel1.win32_1.0.100.202602081740/tools/bin/../lib/gcc/arm-none-eabi/14.3.1/../../../../arm-none-eabi/lib/thumb/v7-m/nofp\libc_nano.a(libc_a-reent.o) (_impure_ptr)
C:/ST/STM32CubeIDE_2.1.1/STM32CubeIDE/plugins/com.st.stm32cube.ide.mcu.externaltools.gnu-tools-for-stm32.14.3.rel1.win32_1.0.100.202602081740/tools/bin/../lib/gcc/arm-none-eabi/14.3.1/../../../../arm-none-eabi/lib/thumb/v7-m/nofp\libc_nano.a(libc_a-lseekr.o)
[...]
Memory Configuration

Name             Origin             Length             Attributes
RAM              0x20000000         0x00005000         xrw
FLASH            0x08000000         0x00010000         xr
*default*        0x00000000         0xffffffff

Linker script and memory map

LOAD C:/ST/STM32CubeIDE_2.1.1/STM32CubeIDE/plugins/com.st.stm32cube.ide.mcu.externaltools.gnu-tools-for-stm32.14.3.rel1.win32_1.0.100.202602081740/tools/bin/../lib/gcc/arm-none-eabi/14.3.1/thumb/v7-m/nofp/crti.o
LOAD C:/ST/STM32CubeIDE_2.1.1/STM32CubeIDE/plugins/com.st.stm32cube.ide.mcu.externaltools.gnu-tools-for-stm32.14.3.rel1.win32_1.0.100.202602081740/tools/bin/../lib/gcc/arm-none-eabi/14.3.1/thumb/v7-m/nofp/crtbegin.o
LOAD C:/ST/STM32CubeIDE_2.1.1/STM32CubeIDE/plugins/com.st.stm32cube.ide.mcu.externaltools.gnu-tools-for-stm32.14.3.rel1.win32_1.0.100.202602081740/tools/bin/../lib/gcc/arm-none-eabi/14.3.1/../../../../arm-none-eabi/lib/thumb/v7-m/nofp/crt0.o
LOAD ./Core/Src/main.o
LOAD ./Core/Src/syscalls.o
LOAD ./Core/Src/sysmem.o
LOAD ./Core/Src/system_stm32f1xx.o
LOAD ./Core/Startup/startup_stm32f103c8tx.o
LOAD ./Drivers/STM32F1xx_HAL_Driver/Src/stm32f1xx_hal.o
LOAD ./Drivers/STM32F1xx_HAL_Driver/Src/stm32f1xx_hal_adc.o
LOAD ./Drivers/STM32F1xx_HAL_Driver/Src/stm32f1xx_hal_adc_ex.o
LOAD ./Drivers/STM32F1xx_HAL_Driver/Src/stm32f1xx_hal_can.o
LOAD ./Drivers/STM32F1xx_HAL_Driver/Src/stm32f1xx_hal_cortex.o
LOAD ./Drivers/STM32F1xx_HAL_Driver/Src/stm32f1xx_hal_dma.o
LOAD ./Drivers/STM32F1xx_HAL_Driver/Src/stm32f1xx_hal_exti.o
LOAD ./Drivers/STM32F1xx_HAL_Driver/Src/stm32f1xx_hal_flash.o
LOAD ./Drivers/STM32F1xx_HAL_Driver/Src/stm32f1xx_hal_flash_ex.o
LOAD ./Drivers/STM32F1xx_HAL_Driver/Src/stm32f1xx_hal_gpio.o
LOAD ./Drivers/STM32F1xx_HAL_Driver/Src/stm32f1xx_hal_gpio_ex.o
LOAD ./Drivers/STM32F1xx_HAL_Driver/Src/stm32f1xx_hal_pwr.o
LOAD ./Drivers/STM32F1xx_HAL_Driver/Src/stm32f1xx_hal_rcc.o
LOAD ./Drivers/STM32F1xx_HAL_Driver/Src/stm32f1xx_hal_rcc_ex.o
LOAD ./Drivers/STM32F1xx_HAL_Driver/Src/stm32f1xx_hal_tim.o
LOAD ./Drivers/STM32F1xx_HAL_Driver/Src/stm32f1xx_hal_tim_ex.o
LOAD ./Middlewares/Third_Party/FreeRTOS/Source/CMSIS_RTOS/cmsis_os.o
LOAD ./Middlewares/Third_Party/FreeRTOS/Source/croutine.o
LOAD ./Middlewares/Third_Party/FreeRTOS/Source/event_groups.o
LOAD ./Middlewares/Third_Party/FreeRTOS/Source/list.o
LOAD ./Middlewares/Third_Party/FreeRTOS/Source/queue.o
LOAD ./Middlewares/Third_Party/FreeRTOS/Source/stream_buffer.o
LOAD ./Middlewares/Third_Party/FreeRTOS/Source/tasks.o
LOAD ./Middlewares/Third_Party/FreeRTOS/Source/timers.o
LOAD ./Middlewares/Third_Party/FreeRTOS/Source/portable/GCC/ARM_CM3/port.o
START GROUP
LOAD C:/ST/STM32CubeIDE_2.1.1/STM32CubeIDE/plugins/com.st.stm32cube.ide.mcu.externaltools.gnu-tools-for-stm32.14.3.rel1.win32_1.0.100.202602081740/tools/bin/../lib/gcc/arm-none-eabi/14.3.1/../../../../arm-none-eabi/lib/thumb/v7-m/nofp\libc_nano.a
LOAD C:/ST/STM32CubeIDE_2.1.1/STM32CubeIDE/plugins/com.st.stm32cube.ide.mcu.externaltools.gnu-tools-for-stm32.14.3.rel1.win32_1.0.100.202602081740/tools/bin/../lib/gcc/arm-none-eabi/14.3.1/../../../../arm-none-eabi/lib/thumb/v7-m/nofp\libm.a
END GROUP
START GROUP
LOAD C:/ST/STM32CubeIDE_2.1.1/STM32CubeIDE/plugins/com.st.stm32cube.ide.mcu.externaltools.gnu-tools-for-stm32.14.3.rel1.win32_1.0.100.202602081740/tools/bin/../lib/gcc/arm-none-eabi/14.3.1/thumb/v7-m/nofp\libgcc.a
LOAD C:/ST/STM32CubeIDE_2.1.1/STM32CubeIDE/plugins/com.st.stm32cube.ide.mcu.externaltools.gnu-tools-for-stm32.14.3.rel1.win32_1.0.100.202602081740/tools/bin/../lib/gcc/arm-none-eabi/14.3.1/../../../../arm-none-eabi/lib/thumb/v7-m/nofp\libc_nano.a
END GROUP
START GROUP
LOAD C:/ST/STM32CubeIDE_2.1.1/STM32CubeIDE/plugins/com.st.stm32cube.ide.mcu.externaltools.gnu-tools-for-stm32.14.3.rel1.win32_1.0.100.202602081740/tools/bin/../lib/gcc/arm-none-eabi/14.3.1/thumb/v7-m/nofp\libgcc.a
LOAD C:/ST/STM32CubeIDE_2.1.1/STM32CubeIDE/plugins/com.st.stm32cube.ide.mcu.externaltools.gnu-tools-for-stm32.14.3.rel1.win32_1.0.100.202602081740/tools/bin/../lib/gcc/arm-none-eabi/14.3.1/../../../../arm-none-eabi/lib/thumb/v7-m/nofp\libc_nano.a
LOAD C:/ST/STM32CubeIDE_2.1.1/STM32CubeIDE/plugins/com.st.stm32cube.ide.mcu.externaltools.gnu-tools-for-stm32.14.3.rel1.win32_1.0.100.202602081740/tools/bin/../lib/gcc/arm-none-eabi/14.3.1/../../../../arm-none-eabi/lib/thumb/v7-m/nofp\libnosys.a
END GROUP
START GROUP
LOAD C:/ST/STM32CubeIDE_2.1.1/STM32CubeIDE/plugins/com.st.stm32cube.ide.mcu.externaltools.gnu-tools-for-stm32.14.3.rel1.win32_1.0.100.202602081740/tools/bin/../lib/gcc/arm-none-eabi/14.3.1/thumb/v7-m/nofp\libgcc.a
LOAD C:/ST/STM32CubeIDE_2.1.1/STM32CubeIDE/plugins/com.st.stm32cube.ide.mcu.externaltools.gnu-tools-for-stm32.14.3.rel1.win32_1.0.100.202602081740/tools/bin/../lib/gcc/arm-none-eabi/14.3.1/../../../../arm-none-eabi/lib/thumb/v7-m/nofp\libc_nano.a
LOAD C:/ST/STM32CubeIDE_2.1.1/STM32CubeIDE/plugins/com.st.stm32cube.ide.mcu.externaltools.gnu-tools-for-stm32.14.3.rel1.win32_1.0.100.202602081740/tools/bin/../lib/gcc/arm-none-eabi/14.3.1/../../../../arm-none-eabi/lib/thumb/v7-m/nofp\libnosys.a
END GROUP
LOAD C:/ST/STM32CubeIDE_2.1.1/STM32CubeIDE/plugins/com.st.stm32cube.ide.mcu.externaltools.gnu-tools-for-stm32.14.3.rel1.win32_1.0.100.202602081740/tools/bin/../lib/gcc/arm-none-eabi/14.3.1/thumb/v7-m/nofp/crtend.o
LOAD C:/ST/STM32CubeIDE_2.1.1/STM32CubeIDE/plugins/com.st.stm32cube.ide.mcu.externaltools.gnu-tools-for-stm32.14.3.rel1.win32_1.0.100.202602081740/tools/bin/../lib/gcc/arm-none-eabi/14.3.1/thumb/v7-m/nofp/crtn.o
                0x20005000                        _estack = (ORIGIN (RAM) + LENGTH (RAM))
                0x00000200                        _Min_Heap_Size = 0x200
                0x00000400                        _Min_Stack_Size = 0x400

.isr_vector     0x08000000      0x10c
                0x08000000                        . = ALIGN (0x4)
 *(.isr_vector)
 .isr_vector    0x08000000      0x10c ./Core/Startup/startup_stm32f103c8tx.o
                0x08000000                g_pfnVectors
                0x0800010c                        . = ALIGN (0x4)

.text           0x08000110     0x79cc
                0x08000110                        . = ALIGN (0x4)
 *(.text)
 .text          0x08000110       0x40 C:/ST/STM32CubeIDE_2.1.1/STM32CubeIDE/plugins/com.st.stm32cube.ide.mcu.externaltools.gnu-tools-for-stm32.14.3.rel1.win32_1.0.100.202602081740/tools/bin/../lib/gcc/arm-none-eabi/14.3.1/thumb/v7-m/nofp/crtbegin.o
 *(.text*)
 .text.main     0x08000150       0x9c ./Core/Src/main.o
                0x08000150                main
 .text.RTOS_CreateObjects
                0x080001ec      0x1fc ./Core/Src/main.o
 .text.MotorControlTask
                0x080003e8       0xbc ./Core/Src/main.o
 .text.CanTxTask
                0x080004a4       0xc0 ./Core/Src/main.o
 .text.TelemetryTask
                0x08000564       0x60 ./Core/Src/main.o
 .text.ADC_ReadCurrentRaw
                0x080005c4       0x4c ./Core/Src/main.o
 .text.Current_mA_FromRaw
                0x08000610       0x60 ./Core/Src/main.o
 .text.ClampPercent
                0x08000670       0x1e ./Core/Src/main.o
 *fill*         0x0800068e        0x2 
 .text.PWM_SetComparePercent
                0x08000690       0x5c ./Core/Src/main.o
 .text.Motor_DriveBrake
                0x080006ec       0x18 ./Core/Src/main.o
 .text.Motor_SelectDirection
                0x08000704       0x34 ./Core/Src/main.o
 .text.Motor_Wake
                0x08000738       0x54 ./Core/Src/main.o
 .text.Motor_Start
                0x0800078c       0x94 ./Core/Src/main.o
 .text.Motor_StopBrake
                0x08000820       0x5c ./Core/Src/main.o
 .text.Motor_SetSpeedPercent
                0x0800087c       0x2c ./Core/Src/main.o
 .text.Motor_AdjustSpeedPercent
                0x080008a8       0x4c ./Core/Src/main.o
 .text.Motor_ApplyTargetSpeed
                0x080008f4       0x4c ./Core/Src/main.o
 .text.Motor_LatchFault
                0x08000940       0x50 ./Core/Src/main.o
 .text.Motor_ResetFaults
                0x08000990       0x44 ./Core/Src/main.o
 .text.Motor_UpdateSafety
                0x080009d4       0x3c ./Core/Src/main.o
 .text.Motor_UpdateCurrent
                0x08000a10       0x58 ./Core/Src/main.o
 .text.Motor_UpdateDriverFault
                0x08000a68       0x80 ./Core/Src/main.o
 .text.Motor_UpdateTestFault
                0x08000ae8       0x44 ./Core/Src/main.o
 .text.Motor_UpdateRuntime
                0x08000b2c       0x4c ./Core/Src/main.o
 .text.Motor_PublishSnapshot
                0x08000b78       0x20 ./Core/Src/main.o
 .text.ToUpperAscii
                0x08000b98       0x2a ./Core/Src/main.o
 .text.Payload_HasTextPrefix
                0x08000bc2       0x62 ./Core/Src/main.o
 .text.Command_FromPayload
                0x08000c24      0x18c ./Core/Src/main.o
 .text.Command_ToChar
                0x08000db0       0x84 ./Core/Src/main.o
 .text.Command_Decode
                0x08000e34       0x9a ./Core/Src/main.o
 *fill*         0x08000ece        0x2 
 .text.Command_Process
                0x08000ed0      0x1dc ./Core/Src/main.o
 .text.Control_HandleRxFrame
                0x080010ac       0xa8 ./Core/Src/main.o
 .text.CAN_QueueFrame
                0x08001154       0xc8 ./Core/Src/main.o
 .text.CAN_EnsureStarted
                0x0800121c       0xcc ./Core/Src/main.o
 .text.CAN_TransmitFrame
                0x080012e8       0xd4 ./Core/Src/main.o
 .text.CAN_SendAck
                0x080013bc       0x74 ./Core/Src/main.o
 .text.CAN_SendFault
                0x08001430       0x7c ./Core/Src/main.o
 .text.CAN_SendStatusFrom
                0x080014ac       0x7a ./Core/Src/main.o
 .text.CAN_SendBasicFrom
                0x08001526       0x76 ./Core/Src/main.o
 .text.CAN_SendSpeedFrom
                0x0800159c       0x5a ./Core/Src/main.o
 .text.CAN_SendCountersFrom
                0x080015f6       0x72 ./Core/Src/main.o
 .text.CAN_NotifyTxTaskFromISR
                0x08001668       0x48 ./Core/Src/main.o
 .text.CAN_ConfigFilters
                0x080016b0       0x5c ./Core/Src/main.o
 .text.MX_ADC1_Init
                0x0800170c       0x7c ./Core/Src/main.o
 .text.MX_CAN_Init
                0x08001788       0x6c ./Core/Src/main.o
 .text.MX_TIM3_Init
                0x080017f4       0xec ./Core/Src/main.o
 .text.MX_GPIO_Init
                0x080018e0       0xec ./Core/Src/main.o
 .text.HAL_CAN_MspInit
                0x080019cc       0xd4 ./Core/Src/main.o
                0x080019cc                HAL_CAN_MspInit
 .text.HAL_ADC_MspInit
                0x08001aa0       0x7c ./Core/Src/main.o
                0x08001aa0                HAL_ADC_MspInit
 .text.HAL_TIM_Base_MspInit
                0x08001b1c       0x60 ./Core/Src/main.o
                0x08001b1c                HAL_TIM_Base_MspInit
 .text.HAL_TIM_PWM_MspInit
                0x08001b7c       0x3c ./Core/Src/main.o
                0x08001b7c                HAL_TIM_PWM_MspInit
 .text.HAL_TIM_MspPostInit
                0x08001bb8       0x68 ./Core/Src/main.o
                0x08001bb8                HAL_TIM_MspPostInit
 .text.HAL_CAN_RxFifo0MsgPendingCallback
                0x08001c20      0x1d4 ./Core/Src/main.o
                0x08001c20                HAL_CAN_RxFifo0MsgPendingCallback
 .text.HAL_CAN_TxMailbox0CompleteCallback
                0x08001df4       0x24 ./Core/Src/main.o
                0x08001df4                HAL_CAN_TxMailbox0CompleteCallback
 .text.HAL_CAN_TxMailbox1CompleteCallback
                0x08001e18       0x24 ./Core/Src/main.o
                0x08001e18                HAL_CAN_TxMailbox1CompleteCallback
 .text.HAL_CAN_TxMailbox2CompleteCallback
                0x08001e3c       0x24 ./Core/Src/main.o
                0x08001e3c                HAL_CAN_TxMailbox2CompleteCallback
 .text.HAL_CAN_TxMailbox0AbortCallback
                0x08001e60       0x24 ./Core/Src/main.o
                0x08001e60                HAL_CAN_TxMailbox0AbortCallback
 .text.HAL_CAN_TxMailbox1AbortCallback
                0x08001e84       0x24 ./Core/Src/main.o
                0x08001e84                HAL_CAN_TxMailbox1AbortCallback
 .text.HAL_CAN_TxMailbox2AbortCallback
                0x08001ea8       0x24 ./Core/Src/main.o
                0x08001ea8                HAL_CAN_TxMailbox2AbortCallback
 .text.USB_LP_CAN1_RX0_IRQHandler
                0x08001ecc       0x14 ./Core/Src/main.o
                0x08001ecc                USB_LP_CAN1_RX0_IRQHandler
 .text.USB_HP_CAN1_TX_IRQHandler
                0x08001ee0       0x14 ./Core/Src/main.o
                0x08001ee0                USB_HP_CAN1_TX_IRQHandler
 .text.TIM2_IRQHandler
                0x08001ef4       0x14 ./Core/Src/main.o
                0x08001ef4                TIM2_IRQHandler
 .text.HAL_InitTick
                0x08001f08       0xd4 ./Core/Src/main.o
                0x08001f08                HAL_InitTick
 .text.HAL_TIM_PeriodElapsedCallback
                0x08001fdc       0x1e ./Core/Src/main.o
                0x08001fdc                HAL_TIM_PeriodElapsedCallback
 *fill*         0x08001ffa        0x2 
 .text.vApplicationGetIdleTaskMemory
                0x08001ffc       0x30 ./Core/Src/main.o
                0x08001ffc                vApplicationGetIdleTaskMemory
 .text.vApplicationStackOverflowHook
                0x0800202c       0x16 ./Core/Src/main.o
                0x0800202c                vApplicationStackOverflowHook
 .text.SystemClock_Config
                0x08002042       0xb6 ./Core/Src/main.o
                0x08002042                SystemClock_Config
 .text.Error_Handler
                0x080020f8       0x28 ./Core/Src/main.o
                0x080020f8                Error_Handler
 .text.SystemInit
                0x08002120        0xc ./Core/Src/system_stm32f1xx.o
                0x08002120                SystemInit
 .text.Reset_Handler
                0x0800212c       0x48 ./Core/Startup/startup_stm32f103c8tx.o
                0x0800212c                Reset_Handler
 .text.Default_Handler
                0x08002174        0x2 ./Core/Startup/startup_stm32f103c8tx.o
                0x08002174                RTC_Alarm_IRQHandler
                0x08002174                EXTI2_IRQHandler
                0x08002174                DebugMon_Handler
                0x08002174                TIM1_CC_IRQHandler
                0x08002174                HardFault_Handler
                0x08002174                PVD_IRQHandler
                0x08002174                NMI_Handler
                0x08002174                EXTI3_IRQHandler
                0x08002174                EXTI0_IRQHandler
                0x08002174                I2C2_EV_IRQHandler
                0x08002174                UsageFault_Handler
                0x08002174                ADC1_2_IRQHandler
                0x08002174                SPI1_IRQHandler
                0x08002174                TAMPER_IRQHandler
                0x08002174                DMA1_Channel4_IRQHandler
                0x08002174                USART3_IRQHandler
                0x08002174                RTC_IRQHandler
                0x08002174                DMA1_Channel7_IRQHandler
                0x08002174                CAN1_RX1_IRQHandler
                0x08002174                TIM4_IRQHandler
                0x08002174                I2C1_EV_IRQHandler
                0x08002174                DMA1_Channel6_IRQHandler
                0x08002174                TIM3_IRQHandler
                0x08002174                RCC_IRQHandler
                0x08002174                TIM1_TRG_COM_IRQHandler
                0x08002174                DMA1_Channel1_IRQHandler
                0x08002174                Default_Handler
                0x08002174                EXTI15_10_IRQHandler
                0x08002174                EXTI9_5_IRQHandler
                0x08002174                SPI2_IRQHandler
                0x08002174                MemManage_Handler
                0x08002174                DMA1_Channel5_IRQHandler
                0x08002174                EXTI4_IRQHandler
                0x08002174                DMA1_Channel3_IRQHandler
                0x08002174                TIM1_UP_IRQHandler
                0x08002174                WWDG_IRQHandler
                0x08002174                TIM1_BRK_IRQHandler
                0x08002174                EXTI1_IRQHandler
                0x08002174                USART2_IRQHandler
                0x08002174                I2C2_ER_IRQHandler
                0x08002174                DMA1_Channel2_IRQHandler
                0x08002174                CAN1_SCE_IRQHandler
                0x08002174                FLASH_IRQHandler
                0x08002174                BusFault_Handler
                0x08002174                USART1_IRQHandler
                0x08002174                I2C1_ER_IRQHandler
                0x08002174                USBWakeUp_IRQHandler
 *fill*         0x08002176        0x2 
 .text.HAL_Init
                0x08002178       0x2c ./Drivers/STM32F1xx_HAL_Driver/Src/stm32f1xx_hal.o
                0x08002178                HAL_Init
 .text.HAL_MspInit
                0x080021a4        0xc ./Drivers/STM32F1xx_HAL_Driver/Src/stm32f1xx_hal.o
                0x080021a4                HAL_MspInit
 .text.HAL_IncTick
                0x080021b0       0x24 ./Drivers/STM32F1xx_HAL_Driver/Src/stm32f1xx_hal.o
                0x080021b0                HAL_IncTick
 .text.HAL_GetTick
                0x080021d4       0x14 ./Drivers/STM32F1xx_HAL_Driver/Src/stm32f1xx_hal.o
                0x080021d4                HAL_GetTick
 .text.HAL_ADC_Init
                0x080021e8      0x1b0 ./Drivers/STM32F1xx_HAL_Driver/Src/stm32f1xx_hal_adc.o
                0x080021e8                HAL_ADC_Init
 .text.HAL_ADC_Start
                0x08002398      0x15c ./Drivers/STM32F1xx_HAL_Driver/Src/stm32f1xx_hal_adc.o
                0x08002398                HAL_ADC_Start
 .text.HAL_ADC_Stop
                0x080024f4       0x58 ./Drivers/STM32F1xx_HAL_Driver/Src/stm32f1xx_hal_adc.o
                0x080024f4                HAL_ADC_Stop
 .text.HAL_ADC_PollForConversion
                0x0800254c      0x20c ./Drivers/STM32F1xx_HAL_Driver/Src/stm32f1xx_hal_adc.o
                0x0800254c                HAL_ADC_PollForConversion
 .text.HAL_ADC_GetValue
                0x08002758       0x18 ./Drivers/STM32F1xx_HAL_Driver/Src/stm32f1xx_hal_adc.o
                0x08002758                HAL_ADC_GetValue
 .text.HAL_ADC_ConfigChannel
                0x08002770      0x1f0 ./Drivers/STM32F1xx_HAL_Driver/Src/stm32f1xx_hal_adc.o
                0x08002770                HAL_ADC_ConfigChannel
 .text.ADC_Enable
                0x08002960       0xb4 ./Drivers/STM32F1xx_HAL_Driver/Src/stm32f1xx_hal_adc.o
                0x08002960                ADC_Enable
 .text.ADC_ConversionStop_Disable
                0x08002a14       0x82 ./Drivers/STM32F1xx_HAL_Driver/Src/stm32f1xx_hal_adc.o
                0x08002a14                ADC_ConversionStop_Disable
 *fill*         0x08002a96        0x2 
 .text.HAL_ADCEx_Calibration_Start
                0x08002a98      0x15c ./Drivers/STM32F1xx_HAL_Driver/Src/stm32f1xx_hal_adc_ex.o
                0x08002a98                HAL_ADCEx_Calibration_Start
 .text.HAL_CAN_Init
                0x08002bf4      0x1f6 ./Drivers/STM32F1xx_HAL_Driver/Src/stm32f1xx_hal_can.o
                0x08002bf4                HAL_CAN_Init
 .text.HAL_CAN_ConfigFilter
                0x08002dea      0x192 ./Drivers/STM32F1xx_HAL_Driver/Src/stm32f1xx_hal_can.o
                0x08002dea                HAL_CAN_ConfigFilter
 .text.HAL_CAN_Start
                0x08002f7c       0x88 ./Drivers/STM32F1xx_HAL_Driver/Src/stm32f1xx_hal_can.o
                0x08002f7c                HAL_CAN_Start
 .text.HAL_CAN_Stop
                0x08003004       0x92 ./Drivers/STM32F1xx_HAL_Driver/Src/stm32f1xx_hal_can.o
                0x08003004                HAL_CAN_Stop
 .text.HAL_CAN_AddTxMessage
                0x08003096      0x19e ./Drivers/STM32F1xx_HAL_Driver/Src/stm32f1xx_hal_can.o
                0x08003096                HAL_CAN_AddTxMessage
 .text.HAL_CAN_AbortTxRequest
                0x08003234       0x88 ./Drivers/STM32F1xx_HAL_Driver/Src/stm32f1xx_hal_can.o
                0x08003234                HAL_CAN_AbortTxRequest
 .text.HAL_CAN_GetTxMailboxesFreeLevel
                0x080032bc       0x68 ./Drivers/STM32F1xx_HAL_Driver/Src/stm32f1xx_hal_can.o
                0x080032bc                HAL_CAN_GetTxMailboxesFreeLevel
 .text.HAL_CAN_IsTxMessagePending
                0x08003324       0x46 ./Drivers/STM32F1xx_HAL_Driver/Src/stm32f1xx_hal_can.o
                0x08003324                HAL_CAN_IsTxMessagePending
 .text.HAL_CAN_GetRxMessage
                0x0800336a      0x242 ./Drivers/STM32F1xx_HAL_Driver/Src/stm32f1xx_hal_can.o
                0x0800336a                HAL_CAN_GetRxMessage
 .text.HAL_CAN_GetRxFifoFillLevel
                0x080035ac       0x4e ./Drivers/STM32F1xx_HAL_Driver/Src/stm32f1xx_hal_can.o
                0x080035ac                HAL_CAN_GetRxFifoFillLevel
 .text.HAL_CAN_ActivateNotification
                0x080035fa       0x4a ./Drivers/STM32F1xx_HAL_Driver/Src/stm32f1xx_hal_can.o
                0x080035fa                HAL_CAN_ActivateNotification
 .text.HAL_CAN_IRQHandler
                0x08003644      0x36e ./Drivers/STM32F1xx_HAL_Driver/Src/stm32f1xx_hal_can.o
                0x08003644                HAL_CAN_IRQHandler
 .text.HAL_CAN_RxFifo0FullCallback
                0x080039b2       0x12 ./Drivers/STM32F1xx_HAL_Driver/Src/stm32f1xx_hal_can.o
                0x080039b2                HAL_CAN_RxFifo0FullCallback
 .text.HAL_CAN_RxFifo1MsgPendingCallback
                0x080039c4       0x12 ./Drivers/STM32F1xx_HAL_Driver/Src/stm32f1xx_hal_can.o
                0x080039c4                HAL_CAN_RxFifo1MsgPendingCallback
 .text.HAL_CAN_RxFifo1FullCallback
                0x080039d6       0x12 ./Drivers/STM32F1xx_HAL_Driver/Src/stm32f1xx_hal_can.o
                0x080039d6                HAL_CAN_RxFifo1FullCallback
 .text.HAL_CAN_SleepCallback
                0x080039e8       0x12 ./Drivers/STM32F1xx_HAL_Driver/Src/stm32f1xx_hal_can.o
                0x080039e8                HAL_CAN_SleepCallback
 .text.HAL_CAN_WakeUpFromRxMsgCallback
                0x080039fa       0x12 ./Drivers/STM32F1xx_HAL_Driver/Src/stm32f1xx_hal_can.o
                0x080039fa                HAL_CAN_WakeUpFromRxMsgCallback
 .text.HAL_CAN_ErrorCallback
                0x08003a0c       0x12 ./Drivers/STM32F1xx_HAL_Driver/Src/stm32f1xx_hal_can.o
                0x08003a0c                HAL_CAN_ErrorCallback
 .text.HAL_CAN_GetState
                0x08003a1e       0x4e ./Drivers/STM32F1xx_HAL_Driver/Src/stm32f1xx_hal_can.o
                0x08003a1e                HAL_CAN_GetState
 .text.HAL_CAN_GetError
                0x08003a6c       0x16 ./Drivers/STM32F1xx_HAL_Driver/Src/stm32f1xx_hal_can.o
                0x08003a6c                HAL_CAN_GetError
 *fill*         0x08003a82        0x2 
 .text.__NVIC_SetPriorityGrouping
                0x08003a84       0x48 ./Drivers/STM32F1xx_HAL_Driver/Src/stm32f1xx_hal_cortex.o
 .text.__NVIC_GetPriorityGrouping
                0x08003acc       0x1c ./Drivers/STM32F1xx_HAL_Driver/Src/stm32f1xx_hal_cortex.o
 .text.__NVIC_EnableIRQ
                0x08003ae8       0x38 ./Drivers/STM32F1xx_HAL_Driver/Src/stm32f1xx_hal_cortex.o
 .text.__NVIC_DisableIRQ
                0x08003b20       0x48 ./Drivers/STM32F1xx_HAL_Driver/Src/stm32f1xx_hal_cortex.o
 .text.__NVIC_ClearPendingIRQ
                0x08003b68       0x3c ./Drivers/STM32F1xx_HAL_Driver/Src/stm32f1xx_hal_cortex.o
 .text.__NVIC_SetPriority
                0x08003ba4       0x54 ./Drivers/STM32F1xx_HAL_Driver/Src/stm32f1xx_hal_cortex.o
 .text.NVIC_EncodePriority
                0x08003bf8       0x64 ./Drivers/STM32F1xx_HAL_Driver/Src/stm32f1xx_hal_cortex.o
 .text.HAL_NVIC_SetPriorityGrouping
                0x08003c5c       0x16 ./Drivers/STM32F1xx_HAL_Driver/Src/stm32f1xx_hal_cortex.o
                0x08003c5c                HAL_NVIC_SetPriorityGrouping
 .text.HAL_NVIC_SetPriority
                0x08003c72       0x38 ./Drivers/STM32F1xx_HAL_Driver/Src/stm32f1xx_hal_cortex.o
                0x08003c72                HAL_NVIC_SetPriority
 .text.HAL_NVIC_EnableIRQ
                0x08003caa       0x1c ./Drivers/STM32F1xx_HAL_Driver/Src/stm32f1xx_hal_cortex.o
                0x08003caa                HAL_NVIC_EnableIRQ
 .text.HAL_NVIC_DisableIRQ
                0x08003cc6       0x1c ./Drivers/STM32F1xx_HAL_Driver/Src/stm32f1xx_hal_cortex.o
                0x08003cc6                HAL_NVIC_DisableIRQ
 .text.HAL_NVIC_ClearPendingIRQ
                0x08003ce2       0x1c ./Drivers/STM32F1xx_HAL_Driver/Src/stm32f1xx_hal_cortex.o
                0x08003ce2                HAL_NVIC_ClearPendingIRQ
 *fill*         0x08003cfe        0x2 
 .text.HAL_GPIO_Init
                0x08003d00      0x308 ./Drivers/STM32F1xx_HAL_Driver/Src/stm32f1xx_hal_gpio.o
                0x08003d00                HAL_GPIO_Init
 .text.HAL_GPIO_ReadPin
                0x08004008       0x2e ./Drivers/STM32F1xx_HAL_Driver/Src/stm32f1xx_hal_gpio.o
                0x08004008                HAL_GPIO_ReadPin
 .text.HAL_GPIO_WritePin
                0x08004036       0x30 ./Drivers/STM32F1xx_HAL_Driver/Src/stm32f1xx_hal_gpio.o
                0x08004036                HAL_GPIO_WritePin
 *fill*         0x08004066        0x2 
 .text.HAL_RCC_OscConfig
                0x08004068      0x504 ./Drivers/STM32F1xx_HAL_Driver/Src/stm32f1xx_hal_rcc.o
                0x08004068                HAL_RCC_OscConfig
 .text.HAL_RCC_ClockConfig
                0x0800456c      0x1d4 ./Drivers/STM32F1xx_HAL_Driver/Src/stm32f1xx_hal_rcc.o
                0x0800456c                HAL_RCC_ClockConfig
 .text.HAL_RCC_GetSysClockFreq
                0x08004740       0xa8 ./Drivers/STM32F1xx_HAL_Driver/Src/stm32f1xx_hal_rcc.o
                0x08004740                HAL_RCC_GetSysClockFreq
 .text.HAL_RCC_GetHCLKFreq
                0x080047e8       0x14 ./Drivers/STM32F1xx_HAL_Driver/Src/stm32f1xx_hal_rcc.o
                0x080047e8                HAL_RCC_GetHCLKFreq
 .text.HAL_RCC_GetPCLK1Freq
                0x080047fc       0x28 ./Drivers/STM32F1xx_HAL_Driver/Src/stm32f1xx_hal_rcc.o
                0x080047fc                HAL_RCC_GetPCLK1Freq
 .text.HAL_RCC_GetPCLK2Freq
                0x08004824       0x28 ./Drivers/STM32F1xx_HAL_Driver/Src/stm32f1xx_hal_rcc.o
                0x08004824                HAL_RCC_GetPCLK2Freq
 .text.RCC_Delay
                0x0800484c       0x3c ./Drivers/STM32F1xx_HAL_Driver/Src/stm32f1xx_hal_rcc.o
 .text.HAL_RCCEx_PeriphCLKConfig
                0x08004888      0x16c ./Drivers/STM32F1xx_HAL_Driver/Src/stm32f1xx_hal_rcc_ex.o
                0x08004888                HAL_RCCEx_PeriphCLKConfig
 .text.HAL_RCCEx_GetPeriphCLKFreq
                0x080049f4      0x16c ./Drivers/STM32F1xx_HAL_Driver/Src/stm32f1xx_hal_rcc_ex.o
                0x080049f4                HAL_RCCEx_GetPeriphCLKFreq
 .text.HAL_TIM_Base_Init
                0x08004b60       0x9e ./Drivers/STM32F1xx_HAL_Driver/Src/stm32f1xx_hal_tim.o
                0x08004b60                HAL_TIM_Base_Init
 *fill*         0x08004bfe        0x2 
 .text.HAL_TIM_Base_Start_IT
                0x08004c00       0xa4 ./Drivers/STM32F1xx_HAL_Driver/Src/stm32f1xx_hal_tim.o
                0x08004c00                HAL_TIM_Base_Start_IT
 .text.HAL_TIM_Base_Stop_IT
                0x08004ca4       0x5c ./Drivers/STM32F1xx_HAL_Driver/Src/stm32f1xx_hal_tim.o
                0x08004ca4                HAL_TIM_Base_Stop_IT
 .text.HAL_TIM_PWM_Init
                0x08004d00       0x9e ./Drivers/STM32F1xx_HAL_Driver/Src/stm32f1xx_hal_tim.o
                0x08004d00                HAL_TIM_PWM_Init
 *fill*         0x08004d9e        0x2 
 .text.HAL_TIM_PWM_Start
                0x08004da0      0x144 ./Drivers/STM32F1xx_HAL_Driver/Src/stm32f1xx_hal_tim.o
                0x08004da0                HAL_TIM_PWM_Start
 .text.HAL_TIM_IRQHandler
                0x08004ee4      0x1e0 ./Drivers/STM32F1xx_HAL_Driver/Src/stm32f1xx_hal_tim.o
                0x08004ee4                HAL_TIM_IRQHandler
 .text.HAL_TIM_PWM_ConfigChannel
                0x080050c4      0x184 ./Drivers/STM32F1xx_HAL_Driver/Src/stm32f1xx_hal_tim.o
                0x080050c4                HAL_TIM_PWM_ConfigChannel
 .text.HAL_TIM_ConfigClockSource
                0x08005248      0x18e ./Drivers/STM32F1xx_HAL_Driver/Src/stm32f1xx_hal_tim.o
                0x08005248                HAL_TIM_ConfigClockSource
 .text.HAL_TIM_OC_DelayElapsedCallback
                0x080053d6       0x12 ./Drivers/STM32F1xx_HAL_Driver/Src/stm32f1xx_hal_tim.o
                0x080053d6                HAL_TIM_OC_DelayElapsedCallback
 .text.HAL_TIM_IC_CaptureCallback
                0x080053e8       0x12 ./Drivers/STM32F1xx_HAL_Driver/Src/stm32f1xx_hal_tim.o
                0x080053e8                HAL_TIM_IC_CaptureCallback
 .text.HAL_TIM_PWM_PulseFinishedCallback
                0x080053fa       0x12 ./Drivers/STM32F1xx_HAL_Driver/Src/stm32f1xx_hal_tim.o
                0x080053fa                HAL_TIM_PWM_PulseFinishedCallback
 .text.HAL_TIM_TriggerCallback
                0x0800540c       0x12 ./Drivers/STM32F1xx_HAL_Driver/Src/stm32f1xx_hal_tim.o
                0x0800540c                HAL_TIM_TriggerCallback
 *fill*         0x0800541e        0x2 
 .text.TIM_Base_SetConfig
                0x08005420       0xdc ./Drivers/STM32F1xx_HAL_Driver/Src/stm32f1xx_hal_tim.o
                0x08005420                TIM_Base_SetConfig
 .text.TIM_OC1_SetConfig
                0x080054fc       0xcc ./Drivers/STM32F1xx_HAL_Driver/Src/stm32f1xx_hal_tim.o
 .text.TIM_OC2_SetConfig
                0x080055c8       0xd4 ./Drivers/STM32F1xx_HAL_Driver/Src/stm32f1xx_hal_tim.o
                0x080055c8                TIM_OC2_SetConfig
 .text.TIM_OC3_SetConfig
                0x0800569c       0xd4 ./Drivers/STM32F1xx_HAL_Driver/Src/stm32f1xx_hal_tim.o
 .text.TIM_OC4_SetConfig
                0x08005770       0x9c ./Drivers/STM32F1xx_HAL_Driver/Src/stm32f1xx_hal_tim.o
 .text.TIM_TI1_ConfigInputStage
                0x0800580c       0x5c ./Drivers/STM32F1xx_HAL_Driver/Src/stm32f1xx_hal_tim.o
 .text.TIM_TI2_ConfigInputStage
                0x08005868       0x5e ./Drivers/STM32F1xx_HAL_Driver/Src/stm32f1xx_hal_tim.o
 .text.TIM_ITRx_SetConfig
                0x080058c6       0x34 ./Drivers/STM32F1xx_HAL_Driver/Src/stm32f1xx_hal_tim.o
 .text.TIM_ETR_SetConfig
                0x080058fa       0x3e ./Drivers/STM32F1xx_HAL_Driver/Src/stm32f1xx_hal_tim.o
                0x080058fa                TIM_ETR_SetConfig
 .text.TIM_CCxChannelCmd
                0x08005938       0x48 ./Drivers/STM32F1xx_HAL_Driver/Src/stm32f1xx_hal_tim.o
                0x08005938                TIM_CCxChannelCmd
 .text.HAL_TIMEx_MasterConfigSynchronization
                0x08005980       0xbc ./Drivers/STM32F1xx_HAL_Driver/Src/stm32f1xx_hal_tim_ex.o
                0x08005980                HAL_TIMEx_MasterConfigSynchronization
 .text.HAL_TIMEx_CommutCallback
                0x08005a3c       0x12 ./Drivers/STM32F1xx_HAL_Driver/Src/stm32f1xx_hal_tim_ex.o
                0x08005a3c                HAL_TIMEx_CommutCallback
 .text.HAL_TIMEx_BreakCallback
                0x08005a4e       0x12 ./Drivers/STM32F1xx_HAL_Driver/Src/stm32f1xx_hal_tim_ex.o
                0x08005a4e                HAL_TIMEx_BreakCallback
 .text.vListInitialise
                0x08005a60       0x3e ./Middlewares/Third_Party/FreeRTOS/Source/list.o
                0x08005a60                vListInitialise
 .text.vListInitialiseItem
                0x08005a9e       0x18 ./Middlewares/Third_Party/FreeRTOS/Source/list.o
                0x08005a9e                vListInitialiseItem
 .text.vListInsertEnd
                0x08005ab6       0x46 ./Middlewares/Third_Party/FreeRTOS/Source/list.o
                0x08005ab6                vListInsertEnd
 .text.vListInsert
                0x08005afc       0x70 ./Middlewares/Third_Party/FreeRTOS/Source/list.o
                0x08005afc                vListInsert
 .text.uxListRemove
                0x08005b6c       0x52 ./Middlewares/Third_Party/FreeRTOS/Source/list.o
                0x08005b6c                uxListRemove
 *fill*         0x08005bbe        0x2 
 .text.xQueueGenericReset
                0x08005bc0       0xd4 ./Middlewares/Third_Party/FreeRTOS/Source/queue.o
                0x08005bc0                xQueueGenericReset
 .text.xQueueGenericCreateStatic
                0x08005c94       0xf2 ./Middlewares/Third_Party/FreeRTOS/Source/queue.o
                0x08005c94                xQueueGenericCreateStatic
 .text.prvInitialiseNewQueue
                0x08005d86       0x3e ./Middlewares/Third_Party/FreeRTOS/Source/queue.o
 .text.xQueueGenericSend
                0x08005dc4      0x204 ./Middlewares/Third_Party/FreeRTOS/Source/queue.o
                0x08005dc4                xQueueGenericSend
 .text.xQueueGenericSendFromISR
                0x08005fc8      0x13c ./Middlewares/Third_Party/FreeRTOS/Source/queue.o
                0x08005fc8                xQueueGenericSendFromISR
 .text.xQueueReceive
                0x08006104      0x1c4 ./Middlewares/Third_Party/FreeRTOS/Source/queue.o
                0x08006104                xQueueReceive
 .text.xQueuePeek
                0x080062c8      0x1c8 ./Middlewares/Third_Party/FreeRTOS/Source/queue.o
                0x080062c8                xQueuePeek
 .text.xQueueReceiveFromISR
                0x08006490      0x104 ./Middlewares/Third_Party/FreeRTOS/Source/queue.o
                0x08006490                xQueueReceiveFromISR
 .text.prvCopyDataToQueue
                0x08006594       0xb8 ./Middlewares/Third_Party/FreeRTOS/Source/queue.o
 .text.prvCopyDataFromQueue
                0x0800664c       0x4c ./Middlewares/Third_Party/FreeRTOS/Source/queue.o
 .text.prvUnlockQueue
                0x08006698       0xa4 ./Middlewares/Third_Party/FreeRTOS/Source/queue.o
 .text.prvIsQueueEmpty
                0x0800673c       0x2c ./Middlewares/Third_Party/FreeRTOS/Source/queue.o
 .text.prvIsQueueFull
                0x08006768       0x30 ./Middlewares/Third_Party/FreeRTOS/Source/queue.o
 .text.vQueueAddToRegistry
                0x08006798       0x50 ./Middlewares/Third_Party/FreeRTOS/Source/queue.o
                0x08006798                vQueueAddToRegistry
 .text.xTaskCreateStatic
                0x080067e8       0xb8 ./Middlewares/Third_Party/FreeRTOS/Source/tasks.o
                0x080067e8                xTaskCreateStatic
 .text.prvInitialiseNewTask
                0x080068a0      0x114 ./Middlewares/Third_Party/FreeRTOS/Source/tasks.o
 .text.prvAddNewTaskToReadyList
                0x080069b4       0xd4 ./Middlewares/Third_Party/FreeRTOS/Source/tasks.o
 .text.vTaskDelayUntil
                0x08006a88      0x100 ./Middlewares/Third_Party/FreeRTOS/Source/tasks.o
                0x08006a88                vTaskDelayUntil
 .text.vTaskDelay
                0x08006b88       0x6c ./Middlewares/Third_Party/FreeRTOS/Source/tasks.o
                0x08006b88                vTaskDelay
 .text.vTaskStartScheduler
                0x08006bf4       0xc4 ./Middlewares/Third_Party/FreeRTOS/Source/tasks.o
                0x08006bf4                vTaskStartScheduler
 .text.vTaskSuspendAll
                0x08006cb8       0x1c ./Middlewares/Third_Party/FreeRTOS/Source/tasks.o
                0x08006cb8                vTaskSuspendAll
 .text.xTaskResumeAll
                0x08006cd4      0x13c ./Middlewares/Third_Party/FreeRTOS/Source/tasks.o
                0x08006cd4                xTaskResumeAll
 .text.xTaskGetTickCount
                0x08006e10       0x1c ./Middlewares/Third_Party/FreeRTOS/Source/tasks.o
                0x08006e10                xTaskGetTickCount
 .text.xTaskIncrementTick
                0x08006e2c      0x174 ./Middlewares/Third_Party/FreeRTOS/Source/tasks.o
                0x08006e2c                xTaskIncrementTick
 .text.vTaskSwitchContext
                0x08006fa0      0x104 ./Middlewares/Third_Party/FreeRTOS/Source/tasks.o
                0x08006fa0                vTaskSwitchContext
 .text.vTaskPlaceOnEventList
                0x080070a4       0x4c ./Middlewares/Third_Party/FreeRTOS/Source/tasks.o
                0x080070a4                vTaskPlaceOnEventList
 .text.xTaskRemoveFromEventList
                0x080070f0       0xc8 ./Middlewares/Third_Party/FreeRTOS/Source/tasks.o
                0x080070f0                xTaskRemoveFromEventList
 .text.vTaskInternalSetTimeOutState
                0x080071b8       0x2c ./Middlewares/Third_Party/FreeRTOS/Source/tasks.o
                0x080071b8                vTaskInternalSetTimeOutState
 .text.xTaskCheckForTimeOut
                0x080071e4       0xb8 ./Middlewares/Third_Party/FreeRTOS/Source/tasks.o
                0x080071e4                xTaskCheckForTimeOut
 .text.vTaskMissedYield
                0x0800729c       0x18 ./Middlewares/Third_Party/FreeRTOS/Source/tasks.o
                0x0800729c                vTaskMissedYield
 .text.prvIdleTask
                0x080072b4       0x30 ./Middlewares/Third_Party/FreeRTOS/Source/tasks.o
 .text.prvInitialiseTaskLists
                0x080072e4       0x6c ./Middlewares/Third_Party/FreeRTOS/Source/tasks.o
 .text.prvCheckTasksWaitingTermination
                0x08007350        0xc ./Middlewares/Third_Party/FreeRTOS/Source/tasks.o
 .text.prvResetNextTaskUnblockTime
                0x0800735c       0x40 ./Middlewares/Third_Party/FreeRTOS/Source/tasks.o
 .text.xTaskGetSchedulerState
                0x0800739c       0x3c ./Middlewares/Third_Party/FreeRTOS/Source/tasks.o
                0x0800739c                xTaskGetSchedulerState
 .text.ulTaskNotifyTake
                0x080073d8       0x90 ./Middlewares/Third_Party/FreeRTOS/Source/tasks.o
                0x080073d8                ulTaskNotifyTake
 .text.vTaskNotifyGiveFromISR
                0x08007468      0x128 ./Middlewares/Third_Party/FreeRTOS/Source/tasks.o
                0x08007468                vTaskNotifyGiveFromISR
 .text.prvAddCurrentTaskToDelayedList
                0x08007590       0xa8 ./Middlewares/Third_Party/FreeRTOS/Source/tasks.o
 .text.pxPortInitialiseStack
                0x08007638       0x58 ./Middlewares/Third_Party/FreeRTOS/Source/portable/GCC/ARM_CM3/port.o
                0x08007638                pxPortInitialiseStack
 .text.prvTaskExitError
                0x08007690       0x58 ./Middlewares/Third_Party/FreeRTOS/Source/portable/GCC/ARM_CM3/port.o
 *fill*         0x080076e8        0x8 
 .text.SVC_Handler
                0x080076f0       0x28 ./Middlewares/Third_Party/FreeRTOS/Source/portable/GCC/ARM_CM3/port.o
                0x080076f0                SVC_Handler
 .text.prvPortStartFirstTask
                0x08007718       0x20 ./Middlewares/Third_Party/FreeRTOS/Source/portable/GCC/ARM_CM3/port.o
 .text.xPortStartScheduler
                0x08007738      0x108 ./Middlewares/Third_Party/FreeRTOS/Source/portable/GCC/ARM_CM3/port.o
                0x08007738                xPortStartScheduler
 .text.vPortEnterCritical
                0x08007840       0x60 ./Middlewares/Third_Party/FreeRTOS/Source/portable/GCC/ARM_CM3/port.o
                0x08007840                vPortEnterCritical
 .text.vPortExitCritical
                0x080078a0       0x54 ./Middlewares/Third_Party/FreeRTOS/Source/portable/GCC/ARM_CM3/port.o
                0x080078a0                vPortExitCritical
 *fill*         0x080078f4        0xc 
 .text.PendSV_Handler
                0x08007900       0x48 ./Middlewares/Third_Party/FreeRTOS/Source/portable/GCC/ARM_CM3/port.o
                0x08007900                PendSV_Handler
 .text.SysTick_Handler
                0x08007948       0x44 ./Middlewares/Third_Party/FreeRTOS/Source/portable/GCC/ARM_CM3/port.o
                0x08007948                SysTick_Handler
 .text.vPortSetupTimerInterrupt
                0x0800798c       0x44 ./Middlewares/Third_Party/FreeRTOS/Source/portable/GCC/ARM_CM3/port.o
                0x0800798c                vPortSetupTimerInterrupt
 .text.vPortValidateInterruptPriority
                0x080079d0       0x80 ./Middlewares/Third_Party/FreeRTOS/Source/portable/GCC/ARM_CM3/port.o
                0x080079d0                vPortValidateInterruptPriority
 .text.memset   0x08007a50       0x10 C:/ST/STM32CubeIDE_2.1.1/STM32CubeIDE/plugins/com.st.stm32cube.ide.mcu.externaltools.gnu-tools-for-stm32.14.3.rel1.win32_1.0.100.202602081740/tools/bin/../lib/gcc/arm-none-eabi/14.3.1/../../../../arm-none-eabi/lib/thumb/v7-m/nofp\libc_nano.a(libc_a-memset.o)
                0x08007a50                memset
 .text.__libc_init_array
                0x08007a60       0x48 C:/ST/STM32CubeIDE_2.1.1/STM32CubeIDE/plugins/com.st.stm32cube.ide.mcu.externaltools.gnu-tools-for-stm32.14.3.rel1.win32_1.0.100.202602081740/tools/bin/../lib/gcc/arm-none-eabi/14.3.1/../../../../arm-none-eabi/lib/thumb/v7-m/nofp\libc_nano.a(libc_a-init.o)
                0x08007a60                __libc_init_array
 .text.memcpy   0x08007aa8       0x1c C:/ST/STM32CubeIDE_2.1.1/STM32CubeIDE/plugins/com.st.stm32cube.ide.mcu.externaltools.gnu-tools-for-stm32.14.3.rel1.win32_1.0.100.202602081740/tools/bin/../lib/gcc/arm-none-eabi/14.3.1/../../../../arm-none-eabi/lib/thumb/v7-m/nofp\libc_nano.a(libc_a-memcpy-stub.o)
                0x08007aa8                memcpy
 *(.glue_7)
 .glue_7        0x08007ac4        0x0 linker stubs
 *(.glue_7t)
 .glue_7t       0x08007ac4        0x0 linker stubs
 *(.eh_frame)
 .eh_frame      0x08007ac4        0x0 C:/ST/STM32CubeIDE_2.1.1/STM32CubeIDE/plugins/com.st.stm32cube.ide.mcu.externaltools.gnu-tools-for-stm32.14.3.rel1.win32_1.0.100.202602081740/tools/bin/../lib/gcc/arm-none-eabi/14.3.1/thumb/v7-m/nofp/crtbegin.o
 *(.init)
 .init          0x08007ac4        0x4 C:/ST/STM32CubeIDE_2.1.1/STM32CubeIDE/plugins/com.st.stm32cube.ide.mcu.externaltools.gnu-tools-for-stm32.14.3.rel1.win32_1.0.100.202602081740/tools/bin/../lib/gcc/arm-none-eabi/14.3.1/thumb/v7-m/nofp/crti.o
                0x08007ac4                _init
 .init          0x08007ac8        0x8 C:/ST/STM32CubeIDE_2.1.1/STM32CubeIDE/plugins/com.st.stm32cube.ide.mcu.externaltools.gnu-tools-for-stm32.14.3.rel1.win32_1.0.100.202602081740/tools/bin/../lib/gcc/arm-none-eabi/14.3.1/thumb/v7-m/nofp/crtn.o
 *(.fini)
 .fini          0x08007ad0        0x4 C:/ST/STM32CubeIDE_2.1.1/STM32CubeIDE/plugins/com.st.stm32cube.ide.mcu.externaltools.gnu-tools-for-stm32.14.3.rel1.win32_1.0.100.202602081740/tools/bin/../lib/gcc/arm-none-eabi/14.3.1/thumb/v7-m/nofp/crti.o
                0x08007ad0                _fini
 .fini          0x08007ad4        0x8 C:/ST/STM32CubeIDE_2.1.1/STM32CubeIDE/plugins/com.st.stm32cube.ide.mcu.externaltools.gnu-tools-for-stm32.14.3.rel1.win32_1.0.100.202602081740/tools/bin/../lib/gcc/arm-none-eabi/14.3.1/thumb/v7-m/nofp/crtn.o
                0x08007adc                        . = ALIGN (0x4)
                0x08007adc                        _etext = .

.vfp11_veneer   0x08007adc        0x0
 .vfp11_veneer  0x08007adc        0x0 linker stubs

.v4_bx          0x08007adc        0x0
 .v4_bx         0x08007adc        0x0 linker stubs

.iplt           0x08007adc        0x0
 .iplt          0x08007adc        0x0 C:/ST/STM32CubeIDE_2.1.1/STM32CubeIDE/plugins/com.st.stm32cube.ide.mcu.externaltools.gnu-tools-for-stm32.14.3.rel1.win32_1.0.100.202602081740/tools/bin/../lib/gcc/arm-none-eabi/14.3.1/thumb/v7-m/nofp/crtbegin.o

.rodata         0x08007adc       0x98
                0x08007adc                        . = ALIGN (0x4)
 *(.rodata)
 .rodata        0x08007adc       0x4d ./Core/Src/main.o
 *fill*         0x08007b29        0x3 
 .rodata        0x08007b2c        0x5 ./Middlewares/Third_Party/FreeRTOS/Source/tasks.o
 *(.rodata*)
 *fill*         0x08007b31        0x3 
 .rodata.AHBPrescTable
                0x08007b34       0x10 ./Core/Src/system_stm32f1xx.o
                0x08007b34                AHBPrescTable
 .rodata.APBPrescTable
                0x08007b44        0x8 ./Core/Src/system_stm32f1xx.o
                0x08007b44                APBPrescTable
 .rodata.aPLLMULFactorTable.1
                0x08007b4c       0x10 ./Drivers/STM32F1xx_HAL_Driver/Src/stm32f1xx_hal_rcc.o
 .rodata.aPredivFactorTable.0
                0x08007b5c        0x2 ./Drivers/STM32F1xx_HAL_Driver/Src/stm32f1xx_hal_rcc.o
 *fill*         0x08007b5e        0x2 
 .rodata.aPLLMULFactorTable.1
                0x08007b60       0x10 ./Drivers/STM32F1xx_HAL_Driver/Src/stm32f1xx_hal_rcc_ex.o
 .rodata.aPredivFactorTable.0
                0x08007b70        0x2 ./Drivers/STM32F1xx_HAL_Driver/Src/stm32f1xx_hal_rcc_ex.o
                0x08007b74                        . = ALIGN (0x4)
 *fill*         0x08007b72        0x2 

.ARM.extab      0x08007b74        0x0
                0x08007b74                        . = ALIGN (0x4)
 *(.ARM.extab* .gnu.linkonce.armextab.*)
                0x08007b74                        . = ALIGN (0x4)

.ARM            0x08007b74        0x0
                0x08007b74                        . = ALIGN (0x4)
                0x08007b74                        __exidx_start = .
 *(.ARM.exidx*)
                0x08007b74                        __exidx_end = .
                0x08007b74                        . = ALIGN (0x4)

.preinit_array  0x08007b74        0x0
                0x08007b74                        . = ALIGN (0x4)
                0x08007b74                        PROVIDE (__preinit_array_start = .)
 *(.preinit_array*)
                0x08007b74                        PROVIDE (__preinit_array_end = .)
                0x08007b74                        . = ALIGN (0x4)

.init_array     0x08007b74        0x4
                0x08007b74                        . = ALIGN (0x4)
                0x08007b74                        PROVIDE (__init_array_start = .)
 *(SORT_BY_NAME(.init_array.*))
 *(.init_array*)
 .init_array    0x08007b74        0x4 C:/ST/STM32CubeIDE_2.1.1/STM32CubeIDE/plugins/com.st.stm32cube.ide.mcu.externaltools.gnu-tools-for-stm32.14.3.rel1.win32_1.0.100.202602081740/tools/bin/../lib/gcc/arm-none-eabi/14.3.1/thumb/v7-m/nofp/crtbegin.o
                0x08007b78                        PROVIDE (__init_array_end = .)
                0x08007b78                        . = ALIGN (0x4)

.fini_array     0x08007b78        0x4
                0x08007b78                        . = ALIGN (0x4)
                [!provide]                        PROVIDE (__fini_array_start = .)
 *(SORT_BY_NAME(.fini_array.*))
 *(.fini_array*)
 .fini_array    0x08007b78        0x4 C:/ST/STM32CubeIDE_2.1.1/STM32CubeIDE/plugins/com.st.stm32cube.ide.mcu.externaltools.gnu-tools-for-stm32.14.3.rel1.win32_1.0.100.202602081740/tools/bin/../lib/gcc/arm-none-eabi/14.3.1/thumb/v7-m/nofp/crtbegin.o
                [!provide]                        PROVIDE (__fini_array_end = .)
                0x08007b7c                        . = ALIGN (0x4)
                0x08007b7c                        _sidata = LOADADDR (.data)

.rel.dyn        0x08007b7c        0x0
 .rel.iplt      0x08007b7c        0x0 C:/ST/STM32CubeIDE_2.1.1/STM32CubeIDE/plugins/com.st.stm32cube.ide.mcu.externaltools.gnu-tools-for-stm32.14.3.rel1.win32_1.0.100.202602081740/tools/bin/../lib/gcc/arm-none-eabi/14.3.1/thumb/v7-m/nofp/crtbegin.o

.data           0x20000000       0x30 load address 0x08007b7c
                0x20000000                        . = ALIGN (0x4)
                0x20000000                        _sdata = .
 *(.data)
 *(.data*)
 .data.motor    0x20000000       0x20 ./Core/Src/main.o
 .data.SystemCoreClock
                0x20000020        0x4 ./Core/Src/system_stm32f1xx.o
                0x20000020                SystemCoreClock
 .data.uwTickPrio
                0x20000024        0x4 ./Drivers/STM32F1xx_HAL_Driver/Src/stm32f1xx_hal.o
                0x20000024                uwTickPrio
 .data.uwTickFreq
                0x20000028        0x1 ./Drivers/STM32F1xx_HAL_Driver/Src/stm32f1xx_hal.o
                0x20000028                uwTickFreq
 *fill*         0x20000029        0x3 
 .data.uxCriticalNesting
                0x2000002c        0x4 ./Middlewares/Third_Party/FreeRTOS/Source/portable/GCC/ARM_CM3/port.o
 *(.RamFunc)
 *(.RamFunc*)
                0x20000030                        . = ALIGN (0x4)
                0x20000030                        _edata = .

.igot.plt       0x20000030        0x0 load address 0x08007bac
 .igot.plt      0x20000030        0x0 C:/ST/STM32CubeIDE_2.1.1/STM32CubeIDE/plugins/com.st.stm32cube.ide.mcu.externaltools.gnu-tools-for-stm32.14.3.rel1.win32_1.0.100.202602081740/tools/bin/../lib/gcc/arm-none-eabi/14.3.1/thumb/v7-m/nofp/crtbegin.o
                0x20000030                        . = ALIGN (0x4)

.bss            0x20000030     0x142c load address 0x08007bac
                0x20000030                        _sbss = .
                0x20000030                        __bss_start__ = _sbss
 *(.bss)
 .bss           0x20000030       0x1c C:/ST/STM32CubeIDE_2.1.1/STM32CubeIDE/plugins/com.st.stm32cube.ide.mcu.externaltools.gnu-tools-for-stm32.14.3.rel1.win32_1.0.100.202602081740/tools/bin/../lib/gcc/arm-none-eabi/14.3.1/thumb/v7-m/nofp/crtbegin.o
 *(.bss*)
 .bss.hadc1     0x2000004c       0x30 ./Core/Src/main.o
                0x2000004c                hadc1
 .bss.hcan      0x2000007c       0x28 ./Core/Src/main.o
                0x2000007c                hcan
 .bss.htim3     0x200000a4       0x48 ./Core/Src/main.o
                0x200000a4                htim3
 .bss.htim2HalTick
                0x200000ec       0x48 ./Core/Src/main.o
 .bss.overcurrentStartMs
                0x20000134        0x4 ./Core/Src/main.o
 .bss.driverFaultIgnoreUntilMs
                0x20000138        0x4 ./Core/Src/main.o
 .bss.driverFaultLowStartMs
                0x2000013c        0x4 ./Core/Src/main.o
 .bss.lastCanRestartMs
                0x20000140        0x4 ./Core/Src/main.o
 .bss.dbgCanRxQueued
                0x20000144        0x4 ./Core/Src/main.o
 .bss.dbgCanRxDropped
                0x20000148        0x4 ./Core/Src/main.o
 .bss.dbgCanTxQueued
                0x2000014c        0x4 ./Core/Src/main.o
 .bss.dbgCanTxDropped
                0x20000150        0x4 ./Core/Src/main.o
 .bss.dbgCanTxOk
                0x20000154        0x4 ./Core/Src/main.o
 .bss.dbgCanTxFail
                0x20000158        0x4 ./Core/Src/main.o
 .bss.dbgCanLastError
                0x2000015c        0x4 ./Core/Src/main.o
 .bss.dbgCanLastTxId
                0x20000160        0x4 ./Core/Src/main.o
 .bss.canRxQueue
                0x20000164        0x4 ./Core/Src/main.o
 .bss.canTxQueue
                0x20000168        0x4 ./Core/Src/main.o
 .bss.motorSnapshotQueue
                0x2000016c        0x4 ./Core/Src/main.o
 .bss.canRxQueueControl
                0x20000170       0x48 ./Core/Src/main.o
 .bss.canTxQueueControl
                0x200001b8       0x48 ./Core/Src/main.o
 .bss.motorSnapshotQueueControl
                0x20000200       0x48 ./Core/Src/main.o
 .bss.canRxQueueStorage
                0x20000248       0xc0 ./Core/Src/main.o
 .bss.canTxQueueStorage
                0x20000308       0xe0 ./Core/Src/main.o
 .bss.motorSnapshotQueueStorage
                0x200003e8       0x20 ./Core/Src/main.o
 .bss.motorTaskHandle
                0x20000408        0x4 ./Core/Src/main.o
 .bss.canTxTaskHandle
                0x2000040c        0x4 ./Core/Src/main.o
 .bss.telemetryTaskHandle
                0x20000410        0x4 ./Core/Src/main.o
 .bss.motorTaskControl
                0x20000414       0x4c ./Core/Src/main.o
 .bss.canTxTaskControl
                0x20000460       0x4c ./Core/Src/main.o
 .bss.telemetryTaskControl
                0x200004ac       0x4c ./Core/Src/main.o
 .bss.motorTaskStack
                0x200004f8      0x500 ./Core/Src/main.o
 .bss.canTxTaskStack
                0x200009f8      0x400 ./Core/Src/main.o
 .bss.telemetryTaskStack
                0x20000df8      0x300 ./Core/Src/main.o
 .bss.idleTaskControl
                0x200010f8       0x4c ./Core/Src/main.o
 .bss.idleTaskStack
                0x20001144      0x200 ./Core/Src/main.o
 .bss.uwTick    0x20001344        0x4 ./Drivers/STM32F1xx_HAL_Driver/Src/stm32f1xx_hal.o
                0x20001344                uwTick
 .bss.xQueueRegistry
                0x20001348       0x20 ./Middlewares/Third_Party/FreeRTOS/Source/queue.o
                0x20001348                xQueueRegistry
 .bss.pxCurrentTCB
                0x20001368        0x4 ./Middlewares/Third_Party/FreeRTOS/Source/tasks.o
                0x20001368                pxCurrentTCB
 .bss.pxReadyTasksLists
                0x2000136c       0x78 ./Middlewares/Third_Party/FreeRTOS/Source/tasks.o
 .bss.xDelayedTaskList1
                0x200013e4       0x14 ./Middlewares/Third_Party/FreeRTOS/Source/tasks.o
 .bss.xDelayedTaskList2
                0x200013f8       0x14 ./Middlewares/Third_Party/FreeRTOS/Source/tasks.o
 .bss.pxDelayedTaskList
                0x2000140c        0x4 ./Middlewares/Third_Party/FreeRTOS/Source/tasks.o
 .bss.pxOverflowDelayedTaskList
                0x20001410        0x4 ./Middlewares/Third_Party/FreeRTOS/Source/tasks.o
 .bss.xPendingReadyList
                0x20001414       0x14 ./Middlewares/Third_Party/FreeRTOS/Source/tasks.o
 .bss.uxCurrentNumberOfTasks
                0x20001428        0x4 ./Middlewares/Third_Party/FreeRTOS/Source/tasks.o
 .bss.xTickCount
                0x2000142c        0x4 ./Middlewares/Third_Party/FreeRTOS/Source/tasks.o
 .bss.uxTopReadyPriority
                0x20001430        0x4 ./Middlewares/Third_Party/FreeRTOS/Source/tasks.o
 .bss.xSchedulerRunning
                0x20001434        0x4 ./Middlewares/Third_Party/FreeRTOS/Source/tasks.o
 .bss.xPendedTicks
                0x20001438        0x4 ./Middlewares/Third_Party/FreeRTOS/Source/tasks.o
 .bss.xYieldPending
                0x2000143c        0x4 ./Middlewares/Third_Party/FreeRTOS/Source/tasks.o
 .bss.xNumOfOverflows
                0x20001440        0x4 ./Middlewares/Third_Party/FreeRTOS/Source/tasks.o
 .bss.uxTaskNumber
                0x20001444        0x4 ./Middlewares/Third_Party/FreeRTOS/Source/tasks.o
 .bss.xNextTaskUnblockTime
                0x20001448        0x4 ./Middlewares/Third_Party/FreeRTOS/Source/tasks.o
 .bss.xIdleTaskHandle
                0x2000144c        0x4 ./Middlewares/Third_Party/FreeRTOS/Source/tasks.o
 .bss.uxSchedulerSuspended
                0x20001450        0x4 ./Middlewares/Third_Party/FreeRTOS/Source/tasks.o
 .bss.ucMaxSysCallPriority
                0x20001454        0x1 ./Middlewares/Third_Party/FreeRTOS/Source/portable/GCC/ARM_CM3/port.o
 *fill*         0x20001455        0x3 
 .bss.ulMaxPRIGROUPValue
                0x20001458        0x4 ./Middlewares/Third_Party/FreeRTOS/Source/portable/GCC/ARM_CM3/port.o
 *(COMMON)
                0x2000145c                        . = ALIGN (0x4)
                0x2000145c                        _ebss = .
                0x2000145c                        __bss_end__ = _ebss

._user_heap_stack
                0x2000145c      0x604 load address 0x08007bac
                0x20001460                        . = ALIGN (0x8)
 *fill*         0x2000145c        0x4 
                [!provide]                        PROVIDE (end = .)
                0x20001460                        PROVIDE (_end = .)
                0x20001660                        . = (. + _Min_Heap_Size)
 *fill*         0x20001460      0x200 
                0x20001a60                        . = (. + _Min_Stack_Size)
 *fill*         0x20001660      0x400 
                0x20001a60                        . = ALIGN (0x8)

/DISCARD/
 libc.a(*)
 libm.a(*)
 libgcc.a(*)

.ARM.attributes
                0x00000000       0x29
 *(.ARM.attributes)
 .ARM.attributes
                0x00000000       0x1d C:/ST/STM32CubeIDE_2.1.1/STM32CubeIDE/plugins/com.st.stm32cube.ide.mcu.externaltools.gnu-tools-for-stm32.14.3.rel1.win32_1.0.100.202602081740/tools/bin/../lib/gcc/arm-none-eabi/14.3.1/thumb/v7-m/nofp/crti.o
 .ARM.attributes
                0x0000001d       0x2d C:/ST/STM32CubeIDE_2.1.1/STM32CubeIDE/plugins/com.st.stm32cube.ide.mcu.externaltools.gnu-tools-for-stm32.14.3.rel1.win32_1.0.100.202602081740/tools/bin/../lib/gcc/arm-none-eabi/14.3.1/thumb/v7-m/nofp/crtbegin.o
 .ARM.attributes
                0x0000004a       0x2d ./Core/Src/main.o
 .ARM.attributes
                0x00000077       0x2d ./Core/Src/system_stm32f1xx.o
 .ARM.attributes
                0x000000a4       0x21 ./Core/Startup/startup_stm32f103c8tx.o
 .ARM.attributes
                0x000000c5       0x2d ./Drivers/STM32F1xx_HAL_Driver/Src/stm32f1xx_hal.o
 .ARM.attributes
                0x000000f2       0x2d ./Drivers/STM32F1xx_HAL_Driver/Src/stm32f1xx_hal_adc.o
 .ARM.attributes
                0x0000011f       0x2d ./Drivers/STM32F1xx_HAL_Driver/Src/stm32f1xx_hal_adc_ex.o
 .ARM.attributes
                0x0000014c       0x2d ./Drivers/STM32F1xx_HAL_Driver/Src/stm32f1xx_hal_can.o
 .ARM.attributes
                0x00000179       0x2d ./Drivers/STM32F1xx_HAL_Driver/Src/stm32f1xx_hal_cortex.o
 .ARM.attributes
                0x000001a6       0x2d ./Drivers/STM32F1xx_HAL_Driver/Src/stm32f1xx_hal_gpio.o
 .ARM.attributes
                0x000001d3       0x2d ./Drivers/STM32F1xx_HAL_Driver/Src/stm32f1xx_hal_rcc.o
 .ARM.attributes
                0x00000200       0x2d ./Drivers/STM32F1xx_HAL_Driver/Src/stm32f1xx_hal_rcc_ex.o
 .ARM.attributes
                0x0000022d       0x2d ./Drivers/STM32F1xx_HAL_Driver/Src/stm32f1xx_hal_tim.o
 .ARM.attributes
                0x0000025a       0x2d ./Drivers/STM32F1xx_HAL_Driver/Src/stm32f1xx_hal_tim_ex.o
 .ARM.attributes
                0x00000287       0x2d ./Middlewares/Third_Party/FreeRTOS/Source/list.o
 .ARM.attributes
                0x000002b4       0x2d ./Middlewares/Third_Party/FreeRTOS/Source/queue.o
 .ARM.attributes
                0x000002e1       0x2d ./Middlewares/Third_Party/FreeRTOS/Source/tasks.o
 .ARM.attributes
                0x0000030e       0x2d ./Middlewares/Third_Party/FreeRTOS/Source/portable/GCC/ARM_CM3/port.o
 .ARM.attributes
                0x0000033b       0x2d C:/ST/STM32CubeIDE_2.1.1/STM32CubeIDE/plugins/com.st.stm32cube.ide.mcu.externaltools.gnu-tools-for-stm32.14.3.rel1.win32_1.0.100.202602081740/tools/bin/../lib/gcc/arm-none-eabi/14.3.1/../../../../arm-none-eabi/lib/thumb/v7-m/nofp\libc_nano.a(libc_a-memset.o)
 .ARM.attributes
                0x00000368       0x2d C:/ST/STM32CubeIDE_2.1.1/STM32CubeIDE/plugins/com.st.stm32cube.ide.mcu.externaltools.gnu-tools-for-stm32.14.3.rel1.win32_1.0.100.202602081740/tools/bin/../lib/gcc/arm-none-eabi/14.3.1/../../../../arm-none-eabi/lib/thumb/v7-m/nofp\libc_nano.a(libc_a-init.o)
 .ARM.attributes
                0x00000395       0x2d C:/ST/STM32CubeIDE_2.1.1/STM32CubeIDE/plugins/com.st.stm32cube.ide.mcu.externaltools.gnu-tools-for-stm32.14.3.rel1.win32_1.0.100.202602081740/tools/bin/../lib/gcc/arm-none-eabi/14.3.1/../../../../arm-none-eabi/lib/thumb/v7-m/nofp\libc_nano.a(libc_a-memcpy-stub.o)
 .ARM.attributes
                0x000003c2       0x1d C:/ST/STM32CubeIDE_2.1.1/STM32CubeIDE/plugins/com.st.stm32cube.ide.mcu.externaltools.gnu-tools-for-stm32.14.3.rel1.win32_1.0.100.202602081740/tools/bin/../lib/gcc/arm-none-eabi/14.3.1/thumb/v7-m/nofp/crtn.o
OUTPUT(Motor_Control.elf elf32-littlearm)
LOAD linker stubs
LOAD C:/ST/STM32CubeIDE_2.1.1/STM32CubeIDE/plugins/com.st.stm32cube.ide.mcu.externaltools.gnu-tools-for-stm32.14.3.rel1.win32_1.0.100.202602081740/tools/bin/../lib/gcc/arm-none-eabi/14.3.1/../../../../arm-none-eabi/lib/thumb/v7-m/nofp\libc.a
LOAD C:/ST/STM32CubeIDE_2.1.1/STM32CubeIDE/plugins/com.st.stm32cube.ide.mcu.externaltools.gnu-tools-for-stm32.14.3.rel1.win32_1.0.100.202602081740/tools/bin/../lib/gcc/arm-none-eabi/14.3.1/../../../../arm-none-eabi/lib/thumb/v7-m/nofp\libm.a
LOAD C:/ST/STM32CubeIDE_2.1.1/STM32CubeIDE/plugins/com.st.stm32cube.ide.mcu.externaltools.gnu-tools-for-stm32.14.3.rel1.win32_1.0.100.202602081740/tools/bin/../lib/gcc/arm-none-eabi/14.3.1/thumb/v7-m/nofp\libgcc.a

.debug_info     0x00000000     0xeef5
 .debug_info    0x00000000     0x32ee ./Core/Src/main.o
 .debug_info    0x000032ee      0x222 ./Core/Src/system_stm32f1xx.o
 .debug_info    0x00003510       0x30 ./Core/Startup/startup_stm32f103c8tx.o
 .debug_info    0x00003540      0x704 ./Drivers/STM32F1xx_HAL_Driver/Src/stm32f1xx_hal.o
 .debug_info    0x00003c44      0xc50 ./Drivers/STM32F1xx_HAL_Driver/Src/stm32f1xx_hal_adc.o
 .debug_info    0x00004894      0xa10 ./Drivers/STM32F1xx_HAL_Driver/Src/stm32f1xx_hal_adc_ex.o
 .debug_info    0x000052a4      0xf13 ./Drivers/STM32F1xx_HAL_Driver/Src/stm32f1xx_hal_can.o
 .debug_info    0x000061b7      0xa87 ./Drivers/STM32F1xx_HAL_Driver/Src/stm32f1xx_hal_cortex.o
 .debug_info    0x00006c3e      0x5ab ./Drivers/STM32F1xx_HAL_Driver/Src/stm32f1xx_hal_gpio.o
 .debug_info    0x000071e9      0x7d5 ./Drivers/STM32F1xx_HAL_Driver/Src/stm32f1xx_hal_rcc.o
 .debug_info    0x000079be      0x3c0 ./Drivers/STM32F1xx_HAL_Driver/Src/stm32f1xx_hal_rcc_ex.o
 .debug_info    0x00007d7e     0x2959 ./Drivers/STM32F1xx_HAL_Driver/Src/stm32f1xx_hal_tim.o
 .debug_info    0x0000a6d7     0x149b ./Drivers/STM32F1xx_HAL_Driver/Src/stm32f1xx_hal_tim_ex.o
 .debug_info    0x0000bb72      0x2af ./Middlewares/Third_Party/FreeRTOS/Source/list.o
 .debug_info    0x0000be21     0x153f ./Middlewares/Third_Party/FreeRTOS/Source/queue.o
 .debug_info    0x0000d360     0x16e4 ./Middlewares/Third_Party/FreeRTOS/Source/tasks.o
 .debug_info    0x0000ea44      0x4b1 ./Middlewares/Third_Party/FreeRTOS/Source/portable/GCC/ARM_CM3/port.o

.debug_abbrev   0x00000000     0x2694
 .debug_abbrev  0x00000000      0x4a0 ./Core/Src/main.o
 .debug_abbrev  0x000004a0      0x13f ./Core/Src/system_stm32f1xx.o
 .debug_abbrev  0x000005df       0x24 ./Core/Startup/startup_stm32f103c8tx.o
 .debug_abbrev  0x00000603      0x201 ./Drivers/STM32F1xx_HAL_Driver/Src/stm32f1xx_hal.o
 .debug_abbrev  0x00000804      0x225 ./Drivers/STM32F1xx_HAL_Driver/Src/stm32f1xx_hal_adc.o
 .debug_abbrev  0x00000a29      0x249 ./Drivers/STM32F1xx_HAL_Driver/Src/stm32f1xx_hal_adc_ex.o
 .debug_abbrev  0x00000c72      0x21c ./Drivers/STM32F1xx_HAL_Driver/Src/stm32f1xx_hal_can.o
 .debug_abbrev  0x00000e8e      0x2f8 ./Drivers/STM32F1xx_HAL_Driver/Src/stm32f1xx_hal_cortex.o
 .debug_abbrev  0x00001186      0x1ca ./Drivers/STM32F1xx_HAL_Driver/Src/stm32f1xx_hal_gpio.o
 .debug_abbrev  0x00001350      0x2b3 ./Drivers/STM32F1xx_HAL_Driver/Src/stm32f1xx_hal_rcc.o
 .debug_abbrev  0x00001603      0x188 ./Drivers/STM32F1xx_HAL_Driver/Src/stm32f1xx_hal_rcc_ex.o
 .debug_abbrev  0x0000178b      0x277 ./Drivers/STM32F1xx_HAL_Driver/Src/stm32f1xx_hal_tim.o
 .debug_abbrev  0x00001a02      0x282 ./Drivers/STM32F1xx_HAL_Driver/Src/stm32f1xx_hal_tim_ex.o
 .debug_abbrev  0x00001c84       0xf5 ./Middlewares/Third_Party/FreeRTOS/Source/list.o
 .debug_abbrev  0x00001d79      0x387 ./Middlewares/Third_Party/FreeRTOS/Source/queue.o
 .debug_abbrev  0x00002100      0x33c ./Middlewares/Third_Party/FreeRTOS/Source/tasks.o
 .debug_abbrev  0x0000243c      0x258 ./Middlewares/Third_Party/FreeRTOS/Source/portable/GCC/ARM_CM3/port.o

.debug_aranges  0x00000000     0x1058
 .debug_aranges
                0x00000000      0x250 ./Core/Src/main.o
 .debug_aranges
                0x00000250       0x28 ./Core/Src/system_stm32f1xx.o
 .debug_aranges
                0x00000278       0x28 ./Core/Startup/startup_stm32f103c8tx.o
 .debug_aranges
                0x000002a0       0xe0 ./Drivers/STM32F1xx_HAL_Driver/Src/stm32f1xx_hal.o
 .debug_aranges
                0x00000380       0xf0 ./Drivers/STM32F1xx_HAL_Driver/Src/stm32f1xx_hal_adc.o
 .debug_aranges
                0x00000470       0x80 ./Drivers/STM32F1xx_HAL_Driver/Src/stm32f1xx_hal_adc_ex.o
 .debug_aranges
                0x000004f0      0x138 ./Drivers/STM32F1xx_HAL_Driver/Src/stm32f1xx_hal_can.o
 .debug_aranges
                0x00000628      0x100 ./Drivers/STM32F1xx_HAL_Driver/Src/stm32f1xx_hal_cortex.o
 .debug_aranges
                0x00000728       0x58 ./Drivers/STM32F1xx_HAL_Driver/Src/stm32f1xx_hal_gpio.o
 .debug_aranges
                0x00000780       0x90 ./Drivers/STM32F1xx_HAL_Driver/Src/stm32f1xx_hal_rcc.o
 .debug_aranges
                0x00000810       0x30 ./Drivers/STM32F1xx_HAL_Driver/Src/stm32f1xx_hal_rcc_ex.o
 .debug_aranges
                0x00000840      0x3d0 ./Drivers/STM32F1xx_HAL_Driver/Src/stm32f1xx_hal_tim.o
 .debug_aranges
                0x00000c10      0x168 ./Drivers/STM32F1xx_HAL_Driver/Src/stm32f1xx_hal_tim_ex.o
 .debug_aranges
                0x00000d78       0x40 ./Middlewares/Third_Party/FreeRTOS/Source/list.o
 .debug_aranges
                0x00000db8       0xe0 ./Middlewares/Third_Party/FreeRTOS/Source/queue.o
 .debug_aranges
                0x00000e98      0x148 ./Middlewares/Third_Party/FreeRTOS/Source/tasks.o
 .debug_aranges
                0x00000fe0       0x78 ./Middlewares/Third_Party/FreeRTOS/Source/portable/GCC/ARM_CM3/port.o

.debug_rnglists
                0x00000000      0xcb7
 .debug_rnglists
                0x00000000      0x1da ./Core/Src/main.o
 .debug_rnglists
                0x000001da       0x1a ./Core/Src/system_stm32f1xx.o
 .debug_rnglists
                0x000001f4       0x19 ./Core/Startup/startup_stm32f103c8tx.o
 .debug_rnglists
                0x0000020d       0xa3 ./Drivers/STM32F1xx_HAL_Driver/Src/stm32f1xx_hal.o
 .debug_rnglists
                0x000002b0       0xbc ./Drivers/STM32F1xx_HAL_Driver/Src/stm32f1xx_hal_adc.o
 .debug_rnglists
                0x0000036c       0x65 ./Drivers/STM32F1xx_HAL_Driver/Src/stm32f1xx_hal_adc_ex.o
 .debug_rnglists
                0x000003d1       0xed ./Drivers/STM32F1xx_HAL_Driver/Src/stm32f1xx_hal_can.o
 .debug_rnglists
                0x000004be       0xbb ./Drivers/STM32F1xx_HAL_Driver/Src/stm32f1xx_hal_cortex.o
 .debug_rnglists
                0x00000579       0x3f ./Drivers/STM32F1xx_HAL_Driver/Src/stm32f1xx_hal_gpio.o
 .debug_rnglists
                0x000005b8       0x6c ./Drivers/STM32F1xx_HAL_Driver/Src/stm32f1xx_hal_rcc.o
 .debug_rnglists
                0x00000624       0x21 ./Drivers/STM32F1xx_HAL_Driver/Src/stm32f1xx_hal_rcc_ex.o
 .debug_rnglists
                0x00000645      0x31a ./Drivers/STM32F1xx_HAL_Driver/Src/stm32f1xx_hal_tim.o
 .debug_rnglists
                0x0000095f      0x125 ./Drivers/STM32F1xx_HAL_Driver/Src/stm32f1xx_hal_tim_ex.o
 .debug_rnglists
                0x00000a84       0x2b ./Middlewares/Third_Party/FreeRTOS/Source/list.o
 .debug_rnglists
                0x00000aaf       0xaf ./Middlewares/Third_Party/FreeRTOS/Source/queue.o
 .debug_rnglists
                0x00000b5e      0x102 ./Middlewares/Third_Party/FreeRTOS/Source/tasks.o
 .debug_rnglists
                0x00000c60       0x57 ./Middlewares/Third_Party/FreeRTOS/Source/portable/GCC/ARM_CM3/port.o

.debug_macro    0x00000000    0x192d8
 .debug_macro   0x00000000      0x429 ./Core/Src/main.o
 .debug_macro   0x00000429      0xacc ./Core/Src/main.o
 .debug_macro   0x00000ef5       0x94 ./Core/Src/main.o
 .debug_macro   0x00000f89       0x2e ./Core/Src/main.o
 .debug_macro   0x00000fb7       0x22 ./Core/Src/main.o
 .debug_macro   0x00000fd9       0x22 ./Core/Src/main.o
 .debug_macro   0x00000ffb       0x8e ./Core/Src/main.o
 .debug_macro   0x00001089       0x51 ./Core/Src/main.o
 .debug_macro   0x000010da      0x103 ./Core/Src/main.o
 .debug_macro   0x000011dd       0x6a ./Core/Src/main.o
 .debug_macro   0x00001247      0x1df ./Core/Src/main.o
 .debug_macro   0x00001426       0x1c ./Core/Src/main.o
 .debug_macro   0x00001442       0x22 ./Core/Src/main.o
 .debug_macro   0x00001464       0xbd ./Core/Src/main.o
 .debug_macro   0x00001521      0xd23 ./Core/Src/main.o
 .debug_macro   0x00002244     0xe09e ./Core/Src/main.o
 .debug_macro   0x000102e2       0x6d ./Core/Src/main.o
 .debug_macro   0x0001034f     0x34a2 ./Core/Src/main.o
 .debug_macro   0x000137f1      0x190 ./Core/Src/main.o
 .debug_macro   0x00013981       0x5c ./Core/Src/main.o
 .debug_macro   0x000139dd      0x5bc ./Core/Src/main.o
 .debug_macro   0x00013f99      0x289 ./Core/Src/main.o
 .debug_macro   0x00014222      0x1cb ./Core/Src/main.o
 .debug_macro   0x000143ed      0x114 ./Core/Src/main.o
 .debug_macro   0x00014501      0x1b2 ./Core/Src/main.o
 .debug_macro   0x000146b3       0x27 ./Core/Src/main.o
 .debug_macro   0x000146da       0x57 ./Core/Src/main.o
 .debug_macro   0x00014731      0x1bc ./Core/Src/main.o
 .debug_macro   0x000148ed       0x34 ./Core/Src/main.o
 .debug_macro   0x00014921       0x3c ./Core/Src/main.o
 .debug_macro   0x0001495d      0x46a ./Core/Src/main.o
 .debug_macro   0x00014dc7      0x1b5 ./Core/Src/main.o
 .debug_macro   0x00014f7c      0x408 ./Core/Src/main.o
 .debug_macro   0x00015384       0x87 ./Core/Src/main.o
 .debug_macro   0x0001540b      0x240 ./Core/Src/main.o
 .debug_macro   0x0001564b      0x140 ./Core/Src/main.o
 .debug_macro   0x0001578b      0x8ed ./Core/Src/main.o
 .debug_macro   0x00016078       0x83 ./Core/Src/main.o
 .debug_macro   0x000160fb      0x112 ./Core/Src/main.o
 .debug_macro   0x0001620d      0x15a ./Core/Src/main.o
 .debug_macro   0x00016367       0xde ./Core/Src/main.o
 .debug_macro   0x00016445       0x1c ./Core/Src/main.o
 .debug_macro   0x00016461       0x26 ./Core/Src/main.o
 .debug_macro   0x00016487      0x4cd ./Core/Src/main.o
 .debug_macro   0x00016954       0xb5 ./Core/Src/main.o
 .debug_macro   0x00016a09       0xaa ./Core/Src/main.o
 .debug_macro   0x00016ab3       0x80 ./Core/Src/main.o
 .debug_macro   0x00016b33       0x22 ./Core/Src/main.o
 .debug_macro   0x00016b55       0x61 ./Core/Src/main.o
 .debug_macro   0x00016bb6       0x24 ./Core/Src/main.o
 .debug_macro   0x00016bda       0x43 ./Core/Src/main.o
 .debug_macro   0x00016c1d       0x34 ./Core/Src/main.o
 .debug_macro   0x00016c51      0x364 ./Core/Src/main.o
 .debug_macro   0x00016fb5       0x16 ./Core/Src/main.o
 .debug_macro   0x00016fcb       0x4a ./Core/Src/main.o
 .debug_macro   0x00017015       0x34 ./Core/Src/main.o
 .debug_macro   0x00017049       0x10 ./Core/Src/main.o
 .debug_macro   0x00017059       0x58 ./Core/Src/main.o
 .debug_macro   0x000170b1       0x8e ./Core/Src/main.o
 .debug_macro   0x0001713f       0x1c ./Core/Src/main.o
 .debug_macro   0x0001715b      0x17e ./Core/Src/main.o
 .debug_macro   0x000172d9       0x10 ./Core/Src/main.o
 .debug_macro   0x000172e9       0x3c ./Core/Src/main.o
 .debug_macro   0x00017325       0x20 ./Core/Src/main.o
 .debug_macro   0x00017345      0x1a3 ./Core/Src/system_stm32f1xx.o
 .debug_macro   0x000174e8      0x1c7 ./Drivers/STM32F1xx_HAL_Driver/Src/stm32f1xx_hal.o
 .debug_macro   0x000176af      0x1c0 ./Drivers/STM32F1xx_HAL_Driver/Src/stm32f1xx_hal_adc.o
 .debug_macro   0x0001786f      0x1b5 ./Drivers/STM32F1xx_HAL_Driver/Src/stm32f1xx_hal_adc_ex.o
 .debug_macro   0x00017a24      0x1b2 ./Drivers/STM32F1xx_HAL_Driver/Src/stm32f1xx_hal_can.o
 .debug_macro   0x00017bd6      0x1a3 ./Drivers/STM32F1xx_HAL_Driver/Src/stm32f1xx_hal_cortex.o
 .debug_macro   0x00017d79      0x20e ./Drivers/STM32F1xx_HAL_Driver/Src/stm32f1xx_hal_gpio.o
 .debug_macro   0x00017f87      0x1b5 ./Drivers/STM32F1xx_HAL_Driver/Src/stm32f1xx_hal_rcc.o
 .debug_macro   0x0001813c      0x1a3 ./Drivers/STM32F1xx_HAL_Driver/Src/stm32f1xx_hal_rcc_ex.o
 .debug_macro   0x000182df      0x1a4 ./Drivers/STM32F1xx_HAL_Driver/Src/stm32f1xx_hal_tim.o
 .debug_macro   0x00018483      0x1a3 ./Drivers/STM32F1xx_HAL_Driver/Src/stm32f1xx_hal_tim_ex.o
 .debug_macro   0x00018626      0x2c8 ./Middlewares/Third_Party/FreeRTOS/Source/list.o
 .debug_macro   0x000188ee      0x357 ./Middlewares/Third_Party/FreeRTOS/Source/queue.o
 .debug_macro   0x00018c45       0x16 ./Middlewares/Third_Party/FreeRTOS/Source/queue.o
 .debug_macro   0x00018c5b      0x3ba ./Middlewares/Third_Party/FreeRTOS/Source/tasks.o
 .debug_macro   0x00019015       0x10 ./Middlewares/Third_Party/FreeRTOS/Source/tasks.o
 .debug_macro   0x00019025      0x2b3 ./Middlewares/Third_Party/FreeRTOS/Source/portable/GCC/ARM_CM3/port.o

.debug_line     0x00000000    0x11ac0
 .debug_line    0x00000000     0x1d57 ./Core/Src/main.o
 .debug_line    0x00001d57      0x797 ./Core/Src/system_stm32f1xx.o
 .debug_line    0x000024ee       0x78 ./Core/Startup/startup_stm32f103c8tx.o
 .debug_line    0x00002566      0x9cb ./Drivers/STM32F1xx_HAL_Driver/Src/stm32f1xx_hal.o
 .debug_line    0x00002f31      0xfed ./Drivers/STM32F1xx_HAL_Driver/Src/stm32f1xx_hal_adc.o
 .debug_line    0x00003f1e      0xd0f ./Drivers/STM32F1xx_HAL_Driver/Src/stm32f1xx_hal_adc_ex.o
 .debug_line    0x00004c2d     0x11c1 ./Drivers/STM32F1xx_HAL_Driver/Src/stm32f1xx_hal_can.o
 .debug_line    0x00005dee      0xb92 ./Drivers/STM32F1xx_HAL_Driver/Src/stm32f1xx_hal_cortex.o
 .debug_line    0x00006980      0xa22 ./Drivers/STM32F1xx_HAL_Driver/Src/stm32f1xx_hal_gpio.o
 .debug_line    0x000073a2      0xe81 ./Drivers/STM32F1xx_HAL_Driver/Src/stm32f1xx_hal_rcc.o
 .debug_line    0x00008223      0x932 ./Drivers/STM32F1xx_HAL_Driver/Src/stm32f1xx_hal_rcc_ex.o
 .debug_line    0x00008b55     0x34bc ./Drivers/STM32F1xx_HAL_Driver/Src/stm32f1xx_hal_tim.o
 .debug_line    0x0000c011     0x188c ./Drivers/STM32F1xx_HAL_Driver/Src/stm32f1xx_hal_tim_ex.o
 .debug_line    0x0000d89d      0xa6b ./Middlewares/Third_Party/FreeRTOS/Source/list.o
 .debug_line    0x0000e308     0x1692 ./Middlewares/Third_Party/FreeRTOS/Source/queue.o
 .debug_line    0x0000f99a     0x167a ./Middlewares/Third_Party/FreeRTOS/Source/tasks.o
 .debug_line    0x00011014      0xaac ./Middlewares/Third_Party/FreeRTOS/Source/portable/GCC/ARM_CM3/port.o

.debug_str      0x00000000    0x95e15
 .debug_str     0x00000000    0x95e15 ./Core/Src/main.o
                              0x91528 (size before relaxing)
 .debug_str     0x00095e15    0x877bd ./Core/Src/system_stm32f1xx.o
 .debug_str     0x00095e15       0x8b ./Core/Startup/startup_stm32f103c8tx.o
 .debug_str     0x00095e15    0x87ef0 ./Drivers/STM32F1xx_HAL_Driver/Src/stm32f1xx_hal.o
 .debug_str     0x00095e15    0x87ea1 ./Drivers/STM32F1xx_HAL_Driver/Src/stm32f1xx_hal_adc.o
 .debug_str     0x00095e15    0x87e71 ./Drivers/STM32F1xx_HAL_Driver/Src/stm32f1xx_hal_adc_ex.o
 .debug_str     0x00095e15    0x87fc5 ./Drivers/STM32F1xx_HAL_Driver/Src/stm32f1xx_hal_can.o
 .debug_str     0x00095e15    0x87e3c ./Drivers/STM32F1xx_HAL_Driver/Src/stm32f1xx_hal_cortex.o
 .debug_str     0x00095e15    0x87b43 ./Drivers/STM32F1xx_HAL_Driver/Src/stm32f1xx_hal_gpio.o
 .debug_str     0x00095e15    0x87bec ./Drivers/STM32F1xx_HAL_Driver/Src/stm32f1xx_hal_rcc.o
 .debug_str     0x00095e15    0x8793c ./Drivers/STM32F1xx_HAL_Driver/Src/stm32f1xx_hal_rcc_ex.o
 .debug_str     0x00095e15    0x88bee ./Drivers/STM32F1xx_HAL_Driver/Src/stm32f1xx_hal_tim.o
 .debug_str     0x00095e15    0x883fa ./Drivers/STM32F1xx_HAL_Driver/Src/stm32f1xx_hal_tim_ex.o
 .debug_str     0x00095e15    0x8e15b ./Middlewares/Third_Party/FreeRTOS/Source/list.o
 .debug_str     0x00095e15    0x8f8df ./Middlewares/Third_Party/FreeRTOS/Source/queue.o
 .debug_str     0x00095e15    0x903e8 ./Middlewares/Third_Party/FreeRTOS/Source/tasks.o
 .debug_str     0x00095e15    0x8bc98 ./Middlewares/Third_Party/FreeRTOS/Source/portable/GCC/ARM_CM3/port.o

.comment        0x00000000       0x43
 .comment       0x00000000       0x43 ./Core/Src/main.o
                                 0x44 (size before relaxing)
 .comment       0x00000043       0x44 ./Core/Src/system_stm32f1xx.o
 .comment       0x00000043       0x44 ./Drivers/STM32F1xx_HAL_Driver/Src/stm32f1xx_hal.o
 .comment       0x00000043       0x44 ./Drivers/STM32F1xx_HAL_Driver/Src/stm32f1xx_hal_adc.o
 .comment       0x00000043       0x44 ./Drivers/STM32F1xx_HAL_Driver/Src/stm32f1xx_hal_adc_ex.o
 .comment       0x00000043       0x44 ./Drivers/STM32F1xx_HAL_Driver/Src/stm32f1xx_hal_can.o
 .comment       0x00000043       0x44 ./Drivers/STM32F1xx_HAL_Driver/Src/stm32f1xx_hal_cortex.o
 .comment       0x00000043       0x44 ./Drivers/STM32F1xx_HAL_Driver/Src/stm32f1xx_hal_gpio.o
 .comment       0x00000043       0x44 ./Drivers/STM32F1xx_HAL_Driver/Src/stm32f1xx_hal_rcc.o
 .comment       0x00000043       0x44 ./Drivers/STM32F1xx_HAL_Driver/Src/stm32f1xx_hal_rcc_ex.o
 .comment       0x00000043       0x44 ./Drivers/STM32F1xx_HAL_Driver/Src/stm32f1xx_hal_tim.o
 .comment       0x00000043       0x44 ./Drivers/STM32F1xx_HAL_Driver/Src/stm32f1xx_hal_tim_ex.o
 .comment       0x00000043       0x44 ./Middlewares/Third_Party/FreeRTOS/Source/list.o
 .comment       0x00000043       0x44 ./Middlewares/Third_Party/FreeRTOS/Source/queue.o
 .comment       0x00000043       0x44 ./Middlewares/Third_Party/FreeRTOS/Source/tasks.o
 .comment       0x00000043       0x44 ./Middlewares/Third_Party/FreeRTOS/Source/portable/GCC/ARM_CM3/port.o

.debug_frame    0x00000000     0x41d8
 .debug_frame   0x00000000      0x998 ./Core/Src/main.o
 .debug_frame   0x00000998       0x50 ./Core/Src/system_stm32f1xx.o
 .debug_frame   0x000009e8      0x2e4 ./Drivers/STM32F1xx_HAL_Driver/Src/stm32f1xx_hal.o
 .debug_frame   0x00000ccc      0x3e0 ./Drivers/STM32F1xx_HAL_Driver/Src/stm32f1xx_hal_adc.o
 .debug_frame   0x000010ac      0x1f4 ./Drivers/STM32F1xx_HAL_Driver/Src/stm32f1xx_hal_adc_ex.o
 .debug_frame   0x000012a0      0x524 ./Drivers/STM32F1xx_HAL_Driver/Src/stm32f1xx_hal_can.o
 .debug_frame   0x000017c4      0x3f0 ./Drivers/STM32F1xx_HAL_Driver/Src/stm32f1xx_hal_cortex.o
 .debug_frame   0x00001bb4      0x130 ./Drivers/STM32F1xx_HAL_Driver/Src/stm32f1xx_hal_gpio.o
 .debug_frame   0x00001ce4      0x1f8 ./Drivers/STM32F1xx_HAL_Driver/Src/stm32f1xx_hal_rcc.o
 .debug_frame   0x00001edc       0x7c ./Drivers/STM32F1xx_HAL_Driver/Src/stm32f1xx_hal_rcc_ex.o
 .debug_frame   0x00001f58     0x10e8 ./Drivers/STM32F1xx_HAL_Driver/Src/stm32f1xx_hal_tim.o
 .debug_frame   0x00003040      0x600 ./Drivers/STM32F1xx_HAL_Driver/Src/stm32f1xx_hal_tim_ex.o
 .debug_frame   0x00003640       0xc4 ./Middlewares/Third_Party/FreeRTOS/Source/list.o
 .debug_frame   0x00003704      0x398 ./Middlewares/Third_Party/FreeRTOS/Source/queue.o
 .debug_frame   0x00003a9c      0x54c ./Middlewares/Third_Party/FreeRTOS/Source/tasks.o
 .debug_frame   0x00003fe8      0x17c ./Middlewares/Third_Party/FreeRTOS/Source/portable/GCC/ARM_CM3/port.o
 .debug_frame   0x00004164       0x20 C:/ST/STM32CubeIDE_2.1.1/STM32CubeIDE/plugins/com.st.stm32cube.ide.mcu.externaltools.gnu-tools-for-stm32.14.3.rel1.win32_1.0.100.202602081740/tools/bin/../lib/gcc/arm-none-eabi/14.3.1/../../../../arm-none-eabi/lib/thumb/v7-m/nofp\libc_nano.a(libc_a-memset.o)
 .debug_frame   0x00004184       0x2c C:/ST/STM32CubeIDE_2.1.1/STM32CubeIDE/plugins/com.st.stm32cube.ide.mcu.externaltools.gnu-tools-for-stm32.14.3.rel1.win32_1.0.100.202602081740/tools/bin/../lib/gcc/arm-none-eabi/14.3.1/../../../../arm-none-eabi/lib/thumb/v7-m/nofp\libc_nano.a(libc_a-init.o)
 .debug_frame   0x000041b0       0x28 C:/ST/STM32CubeIDE_2.1.1/STM32CubeIDE/plugins/com.st.stm32cube.ide.mcu.externaltools.gnu-tools-for-stm32.14.3.rel1.win32_1.0.100.202602081740/tools/bin/../lib/gcc/arm-none-eabi/14.3.1/../../../../arm-none-eabi/lib/thumb/v7-m/nofp\libc_nano.a(libc_a-memcpy-stub.o)

.debug_line_str
                0x00000000       0x6f
 .debug_line_str
                0x00000000       0x6f ./Core/Startup/startup_stm32f103c8tx.o
