Archive member included to satisfy reference by file (symbol)

C:/ST/STM32CubeIDE_2.1.1/STM32CubeIDE/plugins/com.st.stm32cube.ide.mcu.externaltools.gnu-tools-for-stm32.14.3.rel1.win32_1.0.100.202602081740/tools/bin/../lib/gcc/arm-none-eabi/14.3.1/../../../../arm-none-eabi/lib/thumb/v7-m/nofp\libc_nano.a(libc_a-exit.o)
                              C:/ST/STM32CubeIDE_2.1.1/STM32CubeIDE/plugins/com.st.stm32cube.ide.mcu.externaltools.gnu-tools-for-stm32.14.3.rel1.win32_1.0.100.202602081740/tools/bin/../lib/gcc/arm-none-eabi/14.3.1/../../../../arm-none-eabi/lib/thumb/v7-m/nofp/crt0.o (exit)
C:/ST/STM32CubeIDE_2.1.1/STM32CubeIDE/plugins/com.st.stm32cube.ide.mcu.externaltools.gnu-tools-for-stm32.14.3.rel1.win32_1.0.100.202602081740/tools/bin/../lib/gcc/arm-none-eabi/14.3.1/../../../../arm-none-eabi/lib/thumb/v7-m/nofp\libc_nano.a(libc_a-findfp.o)
                              C:/ST/STM32CubeIDE_2.1.1/STM32CubeIDE/plugins/com.st.stm32cube.ide.mcu.externaltools.gnu-tools-for-stm32.14.3.rel1.win32_1.0.100.202602081740/tools/bin/../lib/gcc/arm-none-eabi/14.3.1/../../../../arm-none-eabi/lib/thumb/v7-m/nofp\libc_nano.a(libc_a-exit.o) (__stdio_exit_handler)
C:/ST/STM32CubeIDE_2.1.1/STM32CubeIDE/plugins/com.st.stm32cube.ide.mcu.externaltools.gnu-tools-for-stm32.14.3.rel1.win32_1.0.100.202602081740/tools/bin/../lib/gcc/arm-none-eabi/14.3.1/../../../../arm-none-eabi/lib/thumb/v7-m/nofp\libc_nano.a(libc_a-fwalk.o)
                              C:/ST/STM32CubeIDE_2.1.1/STM32CubeIDE/plugins/com.st.stm32cube.ide.mcu.externaltools.gnu-tools-for-stm32.14.3.rel1.win32_1.0.100.202602081740/tools/bin/../lib/gcc/arm-none-eabi/14.3.1/../../../../arm-none-eabi/lib/thumb/v7-m/nofp\libc_nano.a(libc_a-findfp.o) (_fwalk_sglue)
C:/ST/STM32CubeIDE_2.1.1/STM32CubeIDE/plugins/com.st.stm32cube.ide.mcu.externaltools.gnu-tools-for-stm32.14.3.rel1.win32_1.0.100.202602081740/tools/bin/../lib/gcc/arm-none-eabi/14.3.1/../../../../arm-none-eabi/lib/thumb/v7-m/nofp\libc_nano.a(libc_a-stdio.o)
                              C:/ST/STM32CubeIDE_2.1.1/STM32CubeIDE/plugins/com.st.stm32cube.ide.mcu.externaltools.gnu-tools-for-stm32.14.3.rel1.win32_1.0.100.202602081740/tools/bin/../lib/gcc/arm-none-eabi/14.3.1/../../../../arm-none-eabi/lib/thumb/v7-m/nofp\libc_nano.a(libc_a-findfp.o) (__sread)
C:/ST/STM32CubeIDE_2.1.1/STM32CubeIDE/plugins/com.st.stm32cube.ide.mcu.externaltools.gnu-tools-for-stm32.14.3.rel1.win32_1.0.100.202602081740/tools/bin/../lib/gcc/arm-none-eabi/14.3.1/../../../../arm-none-eabi/lib/thumb/v7-m/nofp\libc_nano.a(libc_a-memset.o)
                              C:/ST/STM32CubeIDE_2.1.1/STM32CubeIDE/plugins/com.st.stm32cube.ide.mcu.externaltools.gnu-tools-for-stm32.14.3.rel1.win32_1.0.100.202602081740/tools/bin/../lib/gcc/arm-none-eabi/14.3.1/../../../../arm-none-eabi/lib/thumb/v7-m/nofp/crt0.o (memset)
C:/ST/STM32CubeIDE_2.1.1/STM32CubeIDE/plugins/com.st.stm32cube.ide.mcu.externaltools.gnu-tools-for-stm32.14.3.rel1.win32_1.0.100.202602081740/tools/bin/../lib/gcc/arm-none-eabi/14.3.1/../../../../arm-none-eabi/lib/thumb/v7-m/nofp\libc_nano.a(libc_a-closer.o)
                              C:/ST/STM32CubeIDE_2.1.1/STM32CubeIDE/plugins/com.st.stm32cube.ide.mcu.externaltools.gnu-tools-for-stm32.14.3.rel1.win32_1.0.100.202602081740/tools/bin/../lib/gcc/arm-none-eabi/14.3.1/../../../../arm-none-eabi/lib/thumb/v7-m/nofp\libc_nano.a(libc_a-stdio.o) (_close_r)
C:/ST/STM32CubeIDE_2.1.1/STM32CubeIDE/plugins/com.st.stm32cube.ide.mcu.externaltools.gnu-tools-for-stm32.14.3.rel1.win32_1.0.100.202602081740/tools/bin/../lib/gcc/arm-none-eabi/14.3.1/../../../../arm-none-eabi/lib/thumb/v7-m/nofp\libc_nano.a(libc_a-reent.o)
                              C:/ST/STM32CubeIDE_2.1.1/STM32CubeIDE/plugins/com.st.stm32cube.ide.mcu.externaltools.gnu-tools-for-stm32.14.3.rel1.win32_1.0.100.202602081740/tools/bin/../lib/gcc/arm-none-eabi/14.3.1/../../../../arm-none-eabi/lib/thumb/v7-m/nofp\libc_nano.a(libc_a-closer.o) (errno)
C:/ST/STM32CubeIDE_2.1.1/STM32CubeIDE/plugins/com.st.stm32cube.ide.mcu.externaltools.gnu-tools-for-stm32.14.3.rel1.win32_1.0.100.202602081740/tools/bin/../lib/gcc/arm-none-eabi/14.3.1/../../../../arm-none-eabi/lib/thumb/v7-m/nofp\libc_nano.a(libc_a-impure.o)
                              C:/ST/STM32CubeIDE_2.1.1/STM32CubeIDE/plugins/com.st.stm32cube.ide.mcu.externaltools.gnu-tools-for-stm32.14.3.rel1.win32_1.0.100.202602081740/tools/bin/../lib/gcc/arm-none-eabi/14.3.1/../../../../arm-none-eabi/lib/thumb/v7-m/nofp\libc_nano.a(libc_a-reent.o) (_impure_ptr)
C:/ST/STM32CubeIDE_2.1.1/STM32CubeIDE/plugins/com.st.stm32cube.ide.mcu.externaltools.gnu-tools-for-stm32.14.3.rel1.win32_1.0.100.202602081740/tools/bin/../lib/gcc/arm-none-eabi/14.3.1/../../../../arm-none-eabi/lib/thumb/v7-m/nofp\libc_nano.a(libc_a-lseekr.o)
[...]
Memory Configuration

Name             Origin             Length             Attributes
RAM              0x20000000         0x00005000         xrw
FLASH            0x08000000         0x00010000         xr
*default*        0x00000000         0xffffffff

Linker script and memory map

LOAD C:/ST/STM32CubeIDE_2.1.1/STM32CubeIDE/plugins/com.st.stm32cube.ide.mcu.externaltools.gnu-tools-for-stm32.14.3.rel1.win32_1.0.100.202602081740/tools/bin/../lib/gcc/arm-none-eabi/14.3.1/thumb/v7-m/nofp/crti.o
LOAD C:/ST/STM32CubeIDE_2.1.1/STM32CubeIDE/plugins/com.st.stm32cube.ide.mcu.externaltools.gnu-tools-for-stm32.14.3.rel1.win32_1.0.100.202602081740/tools/bin/../lib/gcc/arm-none-eabi/14.3.1/thumb/v7-m/nofp/crtbegin.o
LOAD C:/ST/STM32CubeIDE_2.1.1/STM32CubeIDE/plugins/com.st.stm32cube.ide.mcu.externaltools.gnu-tools-for-stm32.14.3.rel1.win32_1.0.100.202602081740/tools/bin/../lib/gcc/arm-none-eabi/14.3.1/../../../../arm-none-eabi/lib/thumb/v7-m/nofp/crt0.o
LOAD ./Core/Src/main.o
LOAD ./Core/Src/syscalls.o
LOAD ./Core/Src/sysmem.o
LOAD ./Core/Src/system_stm32f1xx.o
LOAD ./Core/Startup/startup_stm32f103c8tx.o
LOAD ./Drivers/STM32F1xx_HAL_Driver/Src/stm32f1xx_hal.o
LOAD ./Drivers/STM32F1xx_HAL_Driver/Src/stm32f1xx_hal_adc.o
LOAD ./Drivers/STM32F1xx_HAL_Driver/Src/stm32f1xx_hal_adc_ex.o
LOAD ./Drivers/STM32F1xx_HAL_Driver/Src/stm32f1xx_hal_can.o
LOAD ./Drivers/STM32F1xx_HAL_Driver/Src/stm32f1xx_hal_cortex.o
LOAD ./Drivers/STM32F1xx_HAL_Driver/Src/stm32f1xx_hal_dma.o
LOAD ./Drivers/STM32F1xx_HAL_Driver/Src/stm32f1xx_hal_exti.o
LOAD ./Drivers/STM32F1xx_HAL_Driver/Src/stm32f1xx_hal_flash.o
LOAD ./Drivers/STM32F1xx_HAL_Driver/Src/stm32f1xx_hal_flash_ex.o
LOAD ./Drivers/STM32F1xx_HAL_Driver/Src/stm32f1xx_hal_gpio.o
LOAD ./Drivers/STM32F1xx_HAL_Driver/Src/stm32f1xx_hal_gpio_ex.o
LOAD ./Drivers/STM32F1xx_HAL_Driver/Src/stm32f1xx_hal_pwr.o
LOAD ./Drivers/STM32F1xx_HAL_Driver/Src/stm32f1xx_hal_rcc.o
LOAD ./Drivers/STM32F1xx_HAL_Driver/Src/stm32f1xx_hal_rcc_ex.o
LOAD ./Drivers/STM32F1xx_HAL_Driver/Src/stm32f1xx_hal_tim.o
LOAD ./Drivers/STM32F1xx_HAL_Driver/Src/stm32f1xx_hal_tim_ex.o
LOAD ./Middlewares/Third_Party/FreeRTOS/Source/CMSIS_RTOS/cmsis_os.o
LOAD ./Middlewares/Third_Party/FreeRTOS/Source/croutine.o
LOAD ./Middlewares/Third_Party/FreeRTOS/Source/event_groups.o
LOAD ./Middlewares/Third_Party/FreeRTOS/Source/list.o
LOAD ./Middlewares/Third_Party/FreeRTOS/Source/queue.o
LOAD ./Middlewares/Third_Party/FreeRTOS/Source/stream_buffer.o
LOAD ./Middlewares/Third_Party/FreeRTOS/Source/tasks.o
LOAD ./Middlewares/Third_Party/FreeRTOS/Source/timers.o
LOAD ./Middlewares/Third_Party/FreeRTOS/Source/portable/GCC/ARM_CM3/port.o
START GROUP
LOAD C:/ST/STM32CubeIDE_2.1.1/STM32CubeIDE/plugins/com.st.stm32cube.ide.mcu.externaltools.gnu-tools-for-stm32.14.3.rel1.win32_1.0.100.202602081740/tools/bin/../lib/gcc/arm-none-eabi/14.3.1/../../../../arm-none-eabi/lib/thumb/v7-m/nofp\libc_nano.a
LOAD C:/ST/STM32CubeIDE_2.1.1/STM32CubeIDE/plugins/com.st.stm32cube.ide.mcu.externaltools.gnu-tools-for-stm32.14.3.rel1.win32_1.0.100.202602081740/tools/bin/../lib/gcc/arm-none-eabi/14.3.1/../../../../arm-none-eabi/lib/thumb/v7-m/nofp\libm.a
END GROUP
START GROUP
LOAD C:/ST/STM32CubeIDE_2.1.1/STM32CubeIDE/plugins/com.st.stm32cube.ide.mcu.externaltools.gnu-tools-for-stm32.14.3.rel1.win32_1.0.100.202602081740/tools/bin/../lib/gcc/arm-none-eabi/14.3.1/thumb/v7-m/nofp\libgcc.a
LOAD C:/ST/STM32CubeIDE_2.1.1/STM32CubeIDE/plugins/com.st.stm32cube.ide.mcu.externaltools.gnu-tools-for-stm32.14.3.rel1.win32_1.0.100.202602081740/tools/bin/../lib/gcc/arm-none-eabi/14.3.1/../../../../arm-none-eabi/lib/thumb/v7-m/nofp\libc_nano.a
END GROUP
START GROUP
LOAD C:/ST/STM32CubeIDE_2.1.1/STM32CubeIDE/plugins/com.st.stm32cube.ide.mcu.externaltools.gnu-tools-for-stm32.14.3.rel1.win32_1.0.100.202602081740/tools/bin/../lib/gcc/arm-none-eabi/14.3.1/thumb/v7-m/nofp\libgcc.a
LOAD C:/ST/STM32CubeIDE_2.1.1/STM32CubeIDE/plugins/com.st.stm32cube.ide.mcu.externaltools.gnu-tools-for-stm32.14.3.rel1.win32_1.0.100.202602081740/tools/bin/../lib/gcc/arm-none-eabi/14.3.1/../../../../arm-none-eabi/lib/thumb/v7-m/nofp\libc_nano.a
LOAD C:/ST/STM32CubeIDE_2.1.1/STM32CubeIDE/plugins/com.st.stm32cube.ide.mcu.externaltools.gnu-tools-for-stm32.14.3.rel1.win32_1.0.100.202602081740/tools/bin/../lib/gcc/arm-none-eabi/14.3.1/../../../../arm-none-eabi/lib/thumb/v7-m/nofp\libnosys.a
END GROUP
START GROUP
LOAD C:/ST/STM32CubeIDE_2.1.1/STM32CubeIDE/plugins/com.st.stm32cube.ide.mcu.externaltools.gnu-tools-for-stm32.14.3.rel1.win32_1.0.100.202602081740/tools/bin/../lib/gcc/arm-none-eabi/14.3.1/thumb/v7-m/nofp\libgcc.a
LOAD C:/ST/STM32CubeIDE_2.1.1/STM32CubeIDE/plugins/com.st.stm32cube.ide.mcu.externaltools.gnu-tools-for-stm32.14.3.rel1.win32_1.0.100.202602081740/tools/bin/../lib/gcc/arm-none-eabi/14.3.1/../../../../arm-none-eabi/lib/thumb/v7-m/nofp\libc_nano.a
LOAD C:/ST/STM32CubeIDE_2.1.1/STM32CubeIDE/plugins/com.st.stm32cube.ide.mcu.externaltools.gnu-tools-for-stm32.14.3.rel1.win32_1.0.100.202602081740/tools/bin/../lib/gcc/arm-none-eabi/14.3.1/../../../../arm-none-eabi/lib/thumb/v7-m/nofp\libnosys.a
END GROUP
LOAD C:/ST/STM32CubeIDE_2.1.1/STM32CubeIDE/plugins/com.st.stm32cube.ide.mcu.externaltools.gnu-tools-for-stm32.14.3.rel1.win32_1.0.100.202602081740/tools/bin/../lib/gcc/arm-none-eabi/14.3.1/thumb/v7-m/nofp/crtend.o
LOAD C:/ST/STM32CubeIDE_2.1.1/STM32CubeIDE/plugins/com.st.stm32cube.ide.mcu.externaltools.gnu-tools-for-stm32.14.3.rel1.win32_1.0.100.202602081740/tools/bin/../lib/gcc/arm-none-eabi/14.3.1/thumb/v7-m/nofp/crtn.o
                0x20005000                        _estack = (ORIGIN (RAM) + LENGTH (RAM))
                0x00000200                        _Min_Heap_Size = 0x200
                0x00000400                        _Min_Stack_Size = 0x400

.isr_vector     0x08000000      0x10c
                0x08000000                        . = ALIGN (0x4)
 *(.isr_vector)
 .isr_vector    0x08000000      0x10c ./Core/Startup/startup_stm32f103c8tx.o
                0x08000000                g_pfnVectors
                0x0800010c                        . = ALIGN (0x4)

.text           0x08000110     0x68dc
                0x08000110                        . = ALIGN (0x4)
 *(.text)
 .text          0x08000110       0x40 C:/ST/STM32CubeIDE_2.1.1/STM32CubeIDE/plugins/com.st.stm32cube.ide.mcu.externaltools.gnu-tools-for-stm32.14.3.rel1.win32_1.0.100.202602081740/tools/bin/../lib/gcc/arm-none-eabi/14.3.1/thumb/v7-m/nofp/crtbegin.o
 *(.text*)
 .text.main     0x08000150       0x6c ./Core/Src/main.o
                0x08000150                main
 .text.RTOS_CreateObjects
                0x080001bc      0x1fc ./Core/Src/main.o
 .text.SensorControlTask
                0x080003b8       0xe4 ./Core/Src/main.o
 .text.CanTxTask
                0x0800049c       0xc0 ./Core/Src/main.o
 .text.TemperatureTask
                0x0800055c       0xbc ./Core/Src/main.o
 .text.TelemetryTask
                0x08000618       0x6c ./Core/Src/main.o
 .text.ADC_ReadPiezoRaw
                0x08000684       0x4c ./Core/Src/main.o
 .text.Piezo_RawToPercent
                0x080006d0       0x50 ./Core/Src/main.o
 .text.Sensor_ProcessEvent
                0x08000720       0x90 ./Core/Src/main.o
 .text.Sensor_ProcessCommand
                0x080007b0      0x104 ./Core/Src/main.o
 .text.Sensor_UpdateTemperature
                0x080008b4       0x94 ./Core/Src/main.o
 .text.Sensor_UpdateTestFault
                0x08000948       0x3c ./Core/Src/main.o
 .text.Sensor_LatchFault
                0x08000984       0x4c ./Core/Src/main.o
 .text.Sensor_ResetFaults
                0x080009d0       0x40 ./Core/Src/main.o
 .text.Command_FromChar
                0x08000a10       0xb8 ./Core/Src/main.o
 .text.Command_ToChar
                0x08000ac8       0x64 ./Core/Src/main.o
 .text.CAN_QueueFrame
                0x08000b2c       0xc8 ./Core/Src/main.o
 .text.CAN_EnsureStarted
                0x08000bf4       0xcc ./Core/Src/main.o
 .text.CAN_TransmitFrame
                0x08000cc0       0xd4 ./Core/Src/main.o
 .text.CAN_SendAck
                0x08000d94       0x9c ./Core/Src/main.o
 .text.CAN_SendTelemetry
                0x08000e30       0x98 ./Core/Src/main.o
 .text.CAN_SendStatus
                0x08000ec8       0x84 ./Core/Src/main.o
 .text.CAN_SendFault
                0x08000f4c       0x84 ./Core/Src/main.o
 .text.CAN_NotifyTxTaskFromISR
                0x08000fd0       0x48 ./Core/Src/main.o
 .text.DWT_Init
                0x08001018       0x34 ./Core/Src/main.o
 .text.OW_DelayUs
                0x0800104c       0x4c ./Core/Src/main.o
 .text.OW_SetOutput
                0x08001098       0x38 ./Core/Src/main.o
 .text.OW_SetInput
                0x080010d0       0x34 ./Core/Src/main.o
 .text.OW_Reset
                0x08001104       0x6c ./Core/Src/main.o
 .text.OW_WriteByte
                0x08001170       0x90 ./Core/Src/main.o
 .text.OW_ReadByte
                0x08001200       0x8c ./Core/Src/main.o
 .text.OW_Crc8  0x0800128c       0x76 ./Core/Src/main.o
 .text.DS18B20_StartConversion
                0x08001302       0x2a ./Core/Src/main.o
 .text.DS18B20_ReadTemperature
                0x0800132c       0xd4 ./Core/Src/main.o
 .text.CAN_ConfigFilters
                0x08001400       0x60 ./Core/Src/main.o
 .text.MX_ADC1_Init
                0x08001460       0x7c ./Core/Src/main.o
 .text.MX_CAN_Init
                0x080014dc       0x6c ./Core/Src/main.o
 .text.MX_GPIO_Init
                0x08001548       0xc8 ./Core/Src/main.o
 .text.HAL_CAN_MspInit
                0x08001610       0xd4 ./Core/Src/main.o
                0x08001610                HAL_CAN_MspInit
 .text.HAL_ADC_MspInit
                0x080016e4       0x7c ./Core/Src/main.o
                0x080016e4                HAL_ADC_MspInit
 .text.HAL_TIM_Base_MspInit
                0x08001760       0x38 ./Core/Src/main.o
                0x08001760                HAL_TIM_Base_MspInit
 .text.HAL_CAN_RxFifo0MsgPendingCallback
                0x08001798      0x18c ./Core/Src/main.o
                0x08001798                HAL_CAN_RxFifo0MsgPendingCallback
 .text.HAL_CAN_TxMailbox0CompleteCallback
                0x08001924       0x24 ./Core/Src/main.o
                0x08001924                HAL_CAN_TxMailbox0CompleteCallback
 .text.HAL_CAN_TxMailbox1CompleteCallback
                0x08001948       0x24 ./Core/Src/main.o
                0x08001948                HAL_CAN_TxMailbox1CompleteCallback
 .text.HAL_CAN_TxMailbox2CompleteCallback
                0x0800196c       0x24 ./Core/Src/main.o
                0x0800196c                HAL_CAN_TxMailbox2CompleteCallback
 .text.HAL_CAN_TxMailbox0AbortCallback
                0x08001990       0x24 ./Core/Src/main.o
                0x08001990                HAL_CAN_TxMailbox0AbortCallback
 .text.HAL_CAN_TxMailbox1AbortCallback
                0x080019b4       0x24 ./Core/Src/main.o
                0x080019b4                HAL_CAN_TxMailbox1AbortCallback
 .text.HAL_CAN_TxMailbox2AbortCallback
                0x080019d8       0x24 ./Core/Src/main.o
                0x080019d8                HAL_CAN_TxMailbox2AbortCallback
 .text.USB_LP_CAN1_RX0_IRQHandler
                0x080019fc       0x14 ./Core/Src/main.o
                0x080019fc                USB_LP_CAN1_RX0_IRQHandler
 .text.USB_HP_CAN1_TX_IRQHandler
                0x08001a10       0x14 ./Core/Src/main.o
                0x08001a10                USB_HP_CAN1_TX_IRQHandler
 .text.TIM2_IRQHandler
                0x08001a24       0x14 ./Core/Src/main.o
                0x08001a24                TIM2_IRQHandler
 .text.HAL_InitTick
                0x08001a38       0xd4 ./Core/Src/main.o
                0x08001a38                HAL_InitTick
 .text.HAL_TIM_PeriodElapsedCallback
                0x08001b0c       0x1e ./Core/Src/main.o
                0x08001b0c                HAL_TIM_PeriodElapsedCallback
 *fill*         0x08001b2a        0x2 
 .text.vApplicationGetIdleTaskMemory
                0x08001b2c       0x30 ./Core/Src/main.o
                0x08001b2c                vApplicationGetIdleTaskMemory
 .text.vApplicationStackOverflowHook
                0x08001b5c       0x16 ./Core/Src/main.o
                0x08001b5c                vApplicationStackOverflowHook
 .text.SystemClock_Config
                0x08001b72       0xb6 ./Core/Src/main.o
                0x08001b72                SystemClock_Config
 .text.Error_Handler
                0x08001c28        0xc ./Core/Src/main.o
                0x08001c28                Error_Handler
 .text.SystemInit
                0x08001c34        0xc ./Core/Src/system_stm32f1xx.o
                0x08001c34                SystemInit
 .text.Reset_Handler
                0x08001c40       0x48 ./Core/Startup/startup_stm32f103c8tx.o
                0x08001c40                Reset_Handler
 .text.Default_Handler
                0x08001c88        0x2 ./Core/Startup/startup_stm32f103c8tx.o
                0x08001c88                RTC_Alarm_IRQHandler
                0x08001c88                EXTI2_IRQHandler
                0x08001c88                DebugMon_Handler
                0x08001c88                TIM1_CC_IRQHandler
                0x08001c88                HardFault_Handler
                0x08001c88                PVD_IRQHandler
                0x08001c88                NMI_Handler
                0x08001c88                EXTI3_IRQHandler
                0x08001c88                EXTI0_IRQHandler
                0x08001c88                I2C2_EV_IRQHandler
                0x08001c88                UsageFault_Handler
                0x08001c88                ADC1_2_IRQHandler
                0x08001c88                SPI1_IRQHandler
                0x08001c88                TAMPER_IRQHandler
                0x08001c88                DMA1_Channel4_IRQHandler
                0x08001c88                USART3_IRQHandler
                0x08001c88                RTC_IRQHandler
                0x08001c88                DMA1_Channel7_IRQHandler
                0x08001c88                CAN1_RX1_IRQHandler
                0x08001c88                TIM4_IRQHandler
                0x08001c88                I2C1_EV_IRQHandler
                0x08001c88                DMA1_Channel6_IRQHandler
                0x08001c88                TIM3_IRQHandler
                0x08001c88                RCC_IRQHandler
                0x08001c88                TIM1_TRG_COM_IRQHandler
                0x08001c88                DMA1_Channel1_IRQHandler
                0x08001c88                Default_Handler
                0x08001c88                EXTI15_10_IRQHandler
                0x08001c88                EXTI9_5_IRQHandler
                0x08001c88                SPI2_IRQHandler
                0x08001c88                MemManage_Handler
                0x08001c88                DMA1_Channel5_IRQHandler
                0x08001c88                EXTI4_IRQHandler
                0x08001c88                DMA1_Channel3_IRQHandler
                0x08001c88                TIM1_UP_IRQHandler
                0x08001c88                WWDG_IRQHandler
                0x08001c88                TIM1_BRK_IRQHandler
                0x08001c88                EXTI1_IRQHandler
                0x08001c88                USART2_IRQHandler
                0x08001c88                I2C2_ER_IRQHandler
                0x08001c88                DMA1_Channel2_IRQHandler
                0x08001c88                CAN1_SCE_IRQHandler
                0x08001c88                FLASH_IRQHandler
                0x08001c88                BusFault_Handler
                0x08001c88                USART1_IRQHandler
                0x08001c88                I2C1_ER_IRQHandler
                0x08001c88                USBWakeUp_IRQHandler
 *fill*         0x08001c8a        0x2 
 .text.HAL_Init
                0x08001c8c       0x2c ./Drivers/STM32F1xx_HAL_Driver/Src/stm32f1xx_hal.o
                0x08001c8c                HAL_Init
 .text.HAL_MspInit
                0x08001cb8        0xc ./Drivers/STM32F1xx_HAL_Driver/Src/stm32f1xx_hal.o
                0x08001cb8                HAL_MspInit
 .text.HAL_IncTick
                0x08001cc4       0x24 ./Drivers/STM32F1xx_HAL_Driver/Src/stm32f1xx_hal.o
                0x08001cc4                HAL_IncTick
 .text.HAL_GetTick
                0x08001ce8       0x14 ./Drivers/STM32F1xx_HAL_Driver/Src/stm32f1xx_hal.o
                0x08001ce8                HAL_GetTick
 .text.HAL_ADC_Init
                0x08001cfc      0x1b0 ./Drivers/STM32F1xx_HAL_Driver/Src/stm32f1xx_hal_adc.o
                0x08001cfc                HAL_ADC_Init
 .text.HAL_ADC_Start
                0x08001eac      0x15c ./Drivers/STM32F1xx_HAL_Driver/Src/stm32f1xx_hal_adc.o
                0x08001eac                HAL_ADC_Start
 .text.HAL_ADC_Stop
                0x08002008       0x58 ./Drivers/STM32F1xx_HAL_Driver/Src/stm32f1xx_hal_adc.o
                0x08002008                HAL_ADC_Stop
 .text.HAL_ADC_PollForConversion
                0x08002060      0x20c ./Drivers/STM32F1xx_HAL_Driver/Src/stm32f1xx_hal_adc.o
                0x08002060                HAL_ADC_PollForConversion
 .text.HAL_ADC_GetValue
                0x0800226c       0x18 ./Drivers/STM32F1xx_HAL_Driver/Src/stm32f1xx_hal_adc.o
                0x0800226c                HAL_ADC_GetValue
 .text.HAL_ADC_ConfigChannel
                0x08002284      0x1f0 ./Drivers/STM32F1xx_HAL_Driver/Src/stm32f1xx_hal_adc.o
                0x08002284                HAL_ADC_ConfigChannel
 .text.ADC_Enable
                0x08002474       0xb4 ./Drivers/STM32F1xx_HAL_Driver/Src/stm32f1xx_hal_adc.o
                0x08002474                ADC_Enable
 .text.ADC_ConversionStop_Disable
                0x08002528       0x82 ./Drivers/STM32F1xx_HAL_Driver/Src/stm32f1xx_hal_adc.o
                0x08002528                ADC_ConversionStop_Disable
 *fill*         0x080025aa        0x2 
 .text.HAL_ADCEx_Calibration_Start
                0x080025ac      0x15c ./Drivers/STM32F1xx_HAL_Driver/Src/stm32f1xx_hal_adc_ex.o
                0x080025ac                HAL_ADCEx_Calibration_Start
 .text.HAL_CAN_Init
                0x08002708      0x1f6 ./Drivers/STM32F1xx_HAL_Driver/Src/stm32f1xx_hal_can.o
                0x08002708                HAL_CAN_Init
 .text.HAL_CAN_ConfigFilter
                0x080028fe      0x192 ./Drivers/STM32F1xx_HAL_Driver/Src/stm32f1xx_hal_can.o
                0x080028fe                HAL_CAN_ConfigFilter
 .text.HAL_CAN_Start
                0x08002a90       0x88 ./Drivers/STM32F1xx_HAL_Driver/Src/stm32f1xx_hal_can.o
                0x08002a90                HAL_CAN_Start
 .text.HAL_CAN_Stop
                0x08002b18       0x92 ./Drivers/STM32F1xx_HAL_Driver/Src/stm32f1xx_hal_can.o
                0x08002b18                HAL_CAN_Stop
 .text.HAL_CAN_AddTxMessage
                0x08002baa      0x19e ./Drivers/STM32F1xx_HAL_Driver/Src/stm32f1xx_hal_can.o
                0x08002baa                HAL_CAN_AddTxMessage
 .text.HAL_CAN_AbortTxRequest
                0x08002d48       0x88 ./Drivers/STM32F1xx_HAL_Driver/Src/stm32f1xx_hal_can.o
                0x08002d48                HAL_CAN_AbortTxRequest
 .text.HAL_CAN_GetTxMailboxesFreeLevel
                0x08002dd0       0x68 ./Drivers/STM32F1xx_HAL_Driver/Src/stm32f1xx_hal_can.o
                0x08002dd0                HAL_CAN_GetTxMailboxesFreeLevel
 .text.HAL_CAN_IsTxMessagePending
                0x08002e38       0x46 ./Drivers/STM32F1xx_HAL_Driver/Src/stm32f1xx_hal_can.o
                0x08002e38                HAL_CAN_IsTxMessagePending
 .text.HAL_CAN_GetRxMessage
                0x08002e7e      0x242 ./Drivers/STM32F1xx_HAL_Driver/Src/stm32f1xx_hal_can.o
                0x08002e7e                HAL_CAN_GetRxMessage
 .text.HAL_CAN_GetRxFifoFillLevel
                0x080030c0       0x4e ./Drivers/STM32F1xx_HAL_Driver/Src/stm32f1xx_hal_can.o
                0x080030c0                HAL_CAN_GetRxFifoFillLevel
 .text.HAL_CAN_ActivateNotification
                0x0800310e       0x4a ./Drivers/STM32F1xx_HAL_Driver/Src/stm32f1xx_hal_can.o
                0x0800310e                HAL_CAN_ActivateNotification
 .text.HAL_CAN_IRQHandler
                0x08003158      0x36e ./Drivers/STM32F1xx_HAL_Driver/Src/stm32f1xx_hal_can.o
                0x08003158                HAL_CAN_IRQHandler
 .text.HAL_CAN_RxFifo0FullCallback
                0x080034c6       0x12 ./Drivers/STM32F1xx_HAL_Driver/Src/stm32f1xx_hal_can.o
                0x080034c6                HAL_CAN_RxFifo0FullCallback
 .text.HAL_CAN_RxFifo1MsgPendingCallback
                0x080034d8       0x12 ./Drivers/STM32F1xx_HAL_Driver/Src/stm32f1xx_hal_can.o
                0x080034d8                HAL_CAN_RxFifo1MsgPendingCallback
 .text.HAL_CAN_RxFifo1FullCallback
                0x080034ea       0x12 ./Drivers/STM32F1xx_HAL_Driver/Src/stm32f1xx_hal_can.o
                0x080034ea                HAL_CAN_RxFifo1FullCallback
 .text.HAL_CAN_SleepCallback
                0x080034fc       0x12 ./Drivers/STM32F1xx_HAL_Driver/Src/stm32f1xx_hal_can.o
                0x080034fc                HAL_CAN_SleepCallback
 .text.HAL_CAN_WakeUpFromRxMsgCallback
                0x0800350e       0x12 ./Drivers/STM32F1xx_HAL_Driver/Src/stm32f1xx_hal_can.o
                0x0800350e                HAL_CAN_WakeUpFromRxMsgCallback
 .text.HAL_CAN_ErrorCallback
                0x08003520       0x12 ./Drivers/STM32F1xx_HAL_Driver/Src/stm32f1xx_hal_can.o
                0x08003520                HAL_CAN_ErrorCallback
 .text.HAL_CAN_GetState
                0x08003532       0x4e ./Drivers/STM32F1xx_HAL_Driver/Src/stm32f1xx_hal_can.o
                0x08003532                HAL_CAN_GetState
 .text.HAL_CAN_GetError
                0x08003580       0x16 ./Drivers/STM32F1xx_HAL_Driver/Src/stm32f1xx_hal_can.o
                0x08003580                HAL_CAN_GetError
 *fill*         0x08003596        0x2 
 .text.__NVIC_SetPriorityGrouping
                0x08003598       0x48 ./Drivers/STM32F1xx_HAL_Driver/Src/stm32f1xx_hal_cortex.o
 .text.__NVIC_GetPriorityGrouping
                0x080035e0       0x1c ./Drivers/STM32F1xx_HAL_Driver/Src/stm32f1xx_hal_cortex.o
 .text.__NVIC_EnableIRQ
                0x080035fc       0x38 ./Drivers/STM32F1xx_HAL_Driver/Src/stm32f1xx_hal_cortex.o
 .text.__NVIC_DisableIRQ
                0x08003634       0x48 ./Drivers/STM32F1xx_HAL_Driver/Src/stm32f1xx_hal_cortex.o
 .text.__NVIC_ClearPendingIRQ
                0x0800367c       0x3c ./Drivers/STM32F1xx_HAL_Driver/Src/stm32f1xx_hal_cortex.o
 .text.__NVIC_SetPriority
                0x080036b8       0x54 ./Drivers/STM32F1xx_HAL_Driver/Src/stm32f1xx_hal_cortex.o
 .text.NVIC_EncodePriority
                0x0800370c       0x64 ./Drivers/STM32F1xx_HAL_Driver/Src/stm32f1xx_hal_cortex.o
 .text.HAL_NVIC_SetPriorityGrouping
                0x08003770       0x16 ./Drivers/STM32F1xx_HAL_Driver/Src/stm32f1xx_hal_cortex.o
                0x08003770                HAL_NVIC_SetPriorityGrouping
 .text.HAL_NVIC_SetPriority
                0x08003786       0x38 ./Drivers/STM32F1xx_HAL_Driver/Src/stm32f1xx_hal_cortex.o
                0x08003786                HAL_NVIC_SetPriority
 .text.HAL_NVIC_EnableIRQ
                0x080037be       0x1c ./Drivers/STM32F1xx_HAL_Driver/Src/stm32f1xx_hal_cortex.o
                0x080037be                HAL_NVIC_EnableIRQ
 .text.HAL_NVIC_DisableIRQ
                0x080037da       0x1c ./Drivers/STM32F1xx_HAL_Driver/Src/stm32f1xx_hal_cortex.o
                0x080037da                HAL_NVIC_DisableIRQ
 .text.HAL_NVIC_ClearPendingIRQ
                0x080037f6       0x1c ./Drivers/STM32F1xx_HAL_Driver/Src/stm32f1xx_hal_cortex.o
                0x080037f6                HAL_NVIC_ClearPendingIRQ
 *fill*         0x08003812        0x2 
 .text.HAL_GPIO_Init
                0x08003814      0x308 ./Drivers/STM32F1xx_HAL_Driver/Src/stm32f1xx_hal_gpio.o
                0x08003814                HAL_GPIO_Init
 .text.HAL_GPIO_ReadPin
                0x08003b1c       0x2e ./Drivers/STM32F1xx_HAL_Driver/Src/stm32f1xx_hal_gpio.o
                0x08003b1c                HAL_GPIO_ReadPin
 .text.HAL_GPIO_WritePin
                0x08003b4a       0x30 ./Drivers/STM32F1xx_HAL_Driver/Src/stm32f1xx_hal_gpio.o
                0x08003b4a                HAL_GPIO_WritePin
 *fill*         0x08003b7a        0x2 
 .text.HAL_RCC_OscConfig
                0x08003b7c      0x504 ./Drivers/STM32F1xx_HAL_Driver/Src/stm32f1xx_hal_rcc.o
                0x08003b7c                HAL_RCC_OscConfig
 .text.HAL_RCC_ClockConfig
                0x08004080      0x1d4 ./Drivers/STM32F1xx_HAL_Driver/Src/stm32f1xx_hal_rcc.o
                0x08004080                HAL_RCC_ClockConfig
 .text.HAL_RCC_GetSysClockFreq
                0x08004254       0xa8 ./Drivers/STM32F1xx_HAL_Driver/Src/stm32f1xx_hal_rcc.o
                0x08004254                HAL_RCC_GetSysClockFreq
 .text.HAL_RCC_GetHCLKFreq
                0x080042fc       0x14 ./Drivers/STM32F1xx_HAL_Driver/Src/stm32f1xx_hal_rcc.o
                0x080042fc                HAL_RCC_GetHCLKFreq
 .text.HAL_RCC_GetPCLK1Freq
                0x08004310       0x28 ./Drivers/STM32F1xx_HAL_Driver/Src/stm32f1xx_hal_rcc.o
                0x08004310                HAL_RCC_GetPCLK1Freq
 .text.HAL_RCC_GetPCLK2Freq
                0x08004338       0x28 ./Drivers/STM32F1xx_HAL_Driver/Src/stm32f1xx_hal_rcc.o
                0x08004338                HAL_RCC_GetPCLK2Freq
 .text.RCC_Delay
                0x08004360       0x3c ./Drivers/STM32F1xx_HAL_Driver/Src/stm32f1xx_hal_rcc.o
 .text.HAL_RCCEx_PeriphCLKConfig
                0x0800439c      0x16c ./Drivers/STM32F1xx_HAL_Driver/Src/stm32f1xx_hal_rcc_ex.o
                0x0800439c                HAL_RCCEx_PeriphCLKConfig
 .text.HAL_RCCEx_GetPeriphCLKFreq
                0x08004508      0x16c ./Drivers/STM32F1xx_HAL_Driver/Src/stm32f1xx_hal_rcc_ex.o
                0x08004508                HAL_RCCEx_GetPeriphCLKFreq
 .text.HAL_TIM_Base_Init
                0x08004674       0x9e ./Drivers/STM32F1xx_HAL_Driver/Src/stm32f1xx_hal_tim.o
                0x08004674                HAL_TIM_Base_Init
 *fill*         0x08004712        0x2 
 .text.HAL_TIM_Base_Start_IT
                0x08004714       0xa4 ./Drivers/STM32F1xx_HAL_Driver/Src/stm32f1xx_hal_tim.o
                0x08004714                HAL_TIM_Base_Start_IT
 .text.HAL_TIM_Base_Stop_IT
                0x080047b8       0x5c ./Drivers/STM32F1xx_HAL_Driver/Src/stm32f1xx_hal_tim.o
                0x080047b8                HAL_TIM_Base_Stop_IT
 .text.HAL_TIM_IRQHandler
                0x08004814      0x1e0 ./Drivers/STM32F1xx_HAL_Driver/Src/stm32f1xx_hal_tim.o
                0x08004814                HAL_TIM_IRQHandler
 .text.HAL_TIM_OC_DelayElapsedCallback
                0x080049f4       0x12 ./Drivers/STM32F1xx_HAL_Driver/Src/stm32f1xx_hal_tim.o
                0x080049f4                HAL_TIM_OC_DelayElapsedCallback
 .text.HAL_TIM_IC_CaptureCallback
                0x08004a06       0x12 ./Drivers/STM32F1xx_HAL_Driver/Src/stm32f1xx_hal_tim.o
                0x08004a06                HAL_TIM_IC_CaptureCallback
 .text.HAL_TIM_PWM_PulseFinishedCallback
                0x08004a18       0x12 ./Drivers/STM32F1xx_HAL_Driver/Src/stm32f1xx_hal_tim.o
                0x08004a18                HAL_TIM_PWM_PulseFinishedCallback
 .text.HAL_TIM_TriggerCallback
                0x08004a2a       0x12 ./Drivers/STM32F1xx_HAL_Driver/Src/stm32f1xx_hal_tim.o
                0x08004a2a                HAL_TIM_TriggerCallback
 .text.TIM_Base_SetConfig
                0x08004a3c       0xdc ./Drivers/STM32F1xx_HAL_Driver/Src/stm32f1xx_hal_tim.o
                0x08004a3c                TIM_Base_SetConfig
 .text.HAL_TIMEx_CommutCallback
                0x08004b18       0x12 ./Drivers/STM32F1xx_HAL_Driver/Src/stm32f1xx_hal_tim_ex.o
                0x08004b18                HAL_TIMEx_CommutCallback
 .text.HAL_TIMEx_BreakCallback
                0x08004b2a       0x12 ./Drivers/STM32F1xx_HAL_Driver/Src/stm32f1xx_hal_tim_ex.o
                0x08004b2a                HAL_TIMEx_BreakCallback
 .text.vListInitialise
                0x08004b3c       0x3e ./Middlewares/Third_Party/FreeRTOS/Source/list.o
                0x08004b3c                vListInitialise
 .text.vListInitialiseItem
                0x08004b7a       0x18 ./Middlewares/Third_Party/FreeRTOS/Source/list.o
                0x08004b7a                vListInitialiseItem
 .text.vListInsertEnd
                0x08004b92       0x46 ./Middlewares/Third_Party/FreeRTOS/Source/list.o
                0x08004b92                vListInsertEnd
 .text.vListInsert
                0x08004bd8       0x70 ./Middlewares/Third_Party/FreeRTOS/Source/list.o
                0x08004bd8                vListInsert
 .text.uxListRemove
                0x08004c48       0x52 ./Middlewares/Third_Party/FreeRTOS/Source/list.o
                0x08004c48                uxListRemove
 *fill*         0x08004c9a        0x2 
 .text.xQueueGenericReset
                0x08004c9c       0xd4 ./Middlewares/Third_Party/FreeRTOS/Source/queue.o
                0x08004c9c                xQueueGenericReset
 .text.xQueueGenericCreateStatic
                0x08004d70       0xf2 ./Middlewares/Third_Party/FreeRTOS/Source/queue.o
                0x08004d70                xQueueGenericCreateStatic
 .text.prvInitialiseNewQueue
                0x08004e62       0x3e ./Middlewares/Third_Party/FreeRTOS/Source/queue.o
 .text.xQueueGenericSend
                0x08004ea0      0x204 ./Middlewares/Third_Party/FreeRTOS/Source/queue.o
                0x08004ea0                xQueueGenericSend
 .text.xQueueGenericSendFromISR
                0x080050a4      0x13c ./Middlewares/Third_Party/FreeRTOS/Source/queue.o
                0x080050a4                xQueueGenericSendFromISR
 .text.xQueueReceive
                0x080051e0      0x1c4 ./Middlewares/Third_Party/FreeRTOS/Source/queue.o
                0x080051e0                xQueueReceive
 .text.xQueueReceiveFromISR
                0x080053a4      0x104 ./Middlewares/Third_Party/FreeRTOS/Source/queue.o
                0x080053a4                xQueueReceiveFromISR
 .text.prvCopyDataToQueue
                0x080054a8       0xb8 ./Middlewares/Third_Party/FreeRTOS/Source/queue.o
 .text.prvCopyDataFromQueue
                0x08005560       0x4c ./Middlewares/Third_Party/FreeRTOS/Source/queue.o
 .text.prvUnlockQueue
                0x080055ac       0xa4 ./Middlewares/Third_Party/FreeRTOS/Source/queue.o
 .text.prvIsQueueEmpty
                0x08005650       0x2c ./Middlewares/Third_Party/FreeRTOS/Source/queue.o
 .text.prvIsQueueFull
                0x0800567c       0x30 ./Middlewares/Third_Party/FreeRTOS/Source/queue.o
 .text.vQueueAddToRegistry
                0x080056ac       0x50 ./Middlewares/Third_Party/FreeRTOS/Source/queue.o
                0x080056ac                vQueueAddToRegistry
 .text.xTaskCreateStatic
                0x080056fc       0xb8 ./Middlewares/Third_Party/FreeRTOS/Source/tasks.o
                0x080056fc                xTaskCreateStatic
 .text.prvInitialiseNewTask
                0x080057b4      0x114 ./Middlewares/Third_Party/FreeRTOS/Source/tasks.o
 .text.prvAddNewTaskToReadyList
                0x080058c8       0xd4 ./Middlewares/Third_Party/FreeRTOS/Source/tasks.o
 .text.vTaskDelayUntil
                0x0800599c      0x100 ./Middlewares/Third_Party/FreeRTOS/Source/tasks.o
                0x0800599c                vTaskDelayUntil
 .text.vTaskDelay
                0x08005a9c       0x6c ./Middlewares/Third_Party/FreeRTOS/Source/tasks.o
                0x08005a9c                vTaskDelay
 .text.vTaskStartScheduler
                0x08005b08       0xc4 ./Middlewares/Third_Party/FreeRTOS/Source/tasks.o
                0x08005b08                vTaskStartScheduler
 .text.vTaskSuspendAll
                0x08005bcc       0x1c ./Middlewares/Third_Party/FreeRTOS/Source/tasks.o
                0x08005bcc                vTaskSuspendAll
 .text.xTaskResumeAll
                0x08005be8      0x13c ./Middlewares/Third_Party/FreeRTOS/Source/tasks.o
                0x08005be8                xTaskResumeAll
 .text.xTaskGetTickCount
                0x08005d24       0x1c ./Middlewares/Third_Party/FreeRTOS/Source/tasks.o
                0x08005d24                xTaskGetTickCount
 .text.xTaskIncrementTick
                0x08005d40      0x174 ./Middlewares/Third_Party/FreeRTOS/Source/tasks.o
                0x08005d40                xTaskIncrementTick
 .text.vTaskSwitchContext
                0x08005eb4      0x104 ./Middlewares/Third_Party/FreeRTOS/Source/tasks.o
                0x08005eb4                vTaskSwitchContext
 .text.vTaskPlaceOnEventList
                0x08005fb8       0x4c ./Middlewares/Third_Party/FreeRTOS/Source/tasks.o
                0x08005fb8                vTaskPlaceOnEventList
 .text.xTaskRemoveFromEventList
                0x08006004       0xc8 ./Middlewares/Third_Party/FreeRTOS/Source/tasks.o
                0x08006004                xTaskRemoveFromEventList
 .text.vTaskInternalSetTimeOutState
                0x080060cc       0x2c ./Middlewares/Third_Party/FreeRTOS/Source/tasks.o
                0x080060cc                vTaskInternalSetTimeOutState
 .text.xTaskCheckForTimeOut
                0x080060f8       0xb8 ./Middlewares/Third_Party/FreeRTOS/Source/tasks.o
                0x080060f8                xTaskCheckForTimeOut
 .text.vTaskMissedYield
                0x080061b0       0x18 ./Middlewares/Third_Party/FreeRTOS/Source/tasks.o
                0x080061b0                vTaskMissedYield
 .text.prvIdleTask
                0x080061c8       0x30 ./Middlewares/Third_Party/FreeRTOS/Source/tasks.o
 .text.prvInitialiseTaskLists
                0x080061f8       0x6c ./Middlewares/Third_Party/FreeRTOS/Source/tasks.o
 .text.prvCheckTasksWaitingTermination
                0x08006264        0xc ./Middlewares/Third_Party/FreeRTOS/Source/tasks.o
 .text.prvResetNextTaskUnblockTime
                0x08006270       0x40 ./Middlewares/Third_Party/FreeRTOS/Source/tasks.o
 .text.xTaskGetSchedulerState
                0x080062b0       0x3c ./Middlewares/Third_Party/FreeRTOS/Source/tasks.o
                0x080062b0                xTaskGetSchedulerState
 .text.ulTaskNotifyTake
                0x080062ec       0x90 ./Middlewares/Third_Party/FreeRTOS/Source/tasks.o
                0x080062ec                ulTaskNotifyTake
 .text.vTaskNotifyGiveFromISR
                0x0800637c      0x128 ./Middlewares/Third_Party/FreeRTOS/Source/tasks.o
                0x0800637c                vTaskNotifyGiveFromISR
 .text.prvAddCurrentTaskToDelayedList
                0x080064a4       0xa8 ./Middlewares/Third_Party/FreeRTOS/Source/tasks.o
 .text.pxPortInitialiseStack
                0x0800654c       0x58 ./Middlewares/Third_Party/FreeRTOS/Source/portable/GCC/ARM_CM3/port.o
                0x0800654c                pxPortInitialiseStack
 .text.prvTaskExitError
                0x080065a4       0x58 ./Middlewares/Third_Party/FreeRTOS/Source/portable/GCC/ARM_CM3/port.o
 *fill*         0x080065fc        0x4 
 .text.SVC_Handler
                0x08006600       0x28 ./Middlewares/Third_Party/FreeRTOS/Source/portable/GCC/ARM_CM3/port.o
                0x08006600                SVC_Handler
 .text.prvPortStartFirstTask
                0x08006628       0x20 ./Middlewares/Third_Party/FreeRTOS/Source/portable/GCC/ARM_CM3/port.o
 .text.xPortStartScheduler
                0x08006648      0x108 ./Middlewares/Third_Party/FreeRTOS/Source/portable/GCC/ARM_CM3/port.o
                0x08006648                xPortStartScheduler
 .text.vPortEnterCritical
                0x08006750       0x60 ./Middlewares/Third_Party/FreeRTOS/Source/portable/GCC/ARM_CM3/port.o
                0x08006750                vPortEnterCritical
 .text.vPortExitCritical
                0x080067b0       0x54 ./Middlewares/Third_Party/FreeRTOS/Source/portable/GCC/ARM_CM3/port.o
                0x080067b0                vPortExitCritical
 *fill*         0x08006804        0xc 
 .text.PendSV_Handler
                0x08006810       0x48 ./Middlewares/Third_Party/FreeRTOS/Source/portable/GCC/ARM_CM3/port.o
                0x08006810                PendSV_Handler
 .text.SysTick_Handler
                0x08006858       0x44 ./Middlewares/Third_Party/FreeRTOS/Source/portable/GCC/ARM_CM3/port.o
                0x08006858                SysTick_Handler
 .text.vPortSetupTimerInterrupt
                0x0800689c       0x44 ./Middlewares/Third_Party/FreeRTOS/Source/portable/GCC/ARM_CM3/port.o
                0x0800689c                vPortSetupTimerInterrupt
 .text.vPortValidateInterruptPriority
                0x080068e0       0x80 ./Middlewares/Third_Party/FreeRTOS/Source/portable/GCC/ARM_CM3/port.o
                0x080068e0                vPortValidateInterruptPriority
 .text.memset   0x08006960       0x10 C:/ST/STM32CubeIDE_2.1.1/STM32CubeIDE/plugins/com.st.stm32cube.ide.mcu.externaltools.gnu-tools-for-stm32.14.3.rel1.win32_1.0.100.202602081740/tools/bin/../lib/gcc/arm-none-eabi/14.3.1/../../../../arm-none-eabi/lib/thumb/v7-m/nofp\libc_nano.a(libc_a-memset.o)
                0x08006960                memset
 .text.__libc_init_array
                0x08006970       0x48 C:/ST/STM32CubeIDE_2.1.1/STM32CubeIDE/plugins/com.st.stm32cube.ide.mcu.externaltools.gnu-tools-for-stm32.14.3.rel1.win32_1.0.100.202602081740/tools/bin/../lib/gcc/arm-none-eabi/14.3.1/../../../../arm-none-eabi/lib/thumb/v7-m/nofp\libc_nano.a(libc_a-init.o)
                0x08006970                __libc_init_array
 .text.memcpy   0x080069b8       0x1c C:/ST/STM32CubeIDE_2.1.1/STM32CubeIDE/plugins/com.st.stm32cube.ide.mcu.externaltools.gnu-tools-for-stm32.14.3.rel1.win32_1.0.100.202602081740/tools/bin/../lib/gcc/arm-none-eabi/14.3.1/../../../../arm-none-eabi/lib/thumb/v7-m/nofp\libc_nano.a(libc_a-memcpy-stub.o)
                0x080069b8                memcpy
 *(.glue_7)
 .glue_7        0x080069d4        0x0 linker stubs
 *(.glue_7t)
 .glue_7t       0x080069d4        0x0 linker stubs
 *(.eh_frame)
 .eh_frame      0x080069d4        0x0 C:/ST/STM32CubeIDE_2.1.1/STM32CubeIDE/plugins/com.st.stm32cube.ide.mcu.externaltools.gnu-tools-for-stm32.14.3.rel1.win32_1.0.100.202602081740/tools/bin/../lib/gcc/arm-none-eabi/14.3.1/thumb/v7-m/nofp/crtbegin.o
 *(.init)
 .init          0x080069d4        0x4 C:/ST/STM32CubeIDE_2.1.1/STM32CubeIDE/plugins/com.st.stm32cube.ide.mcu.externaltools.gnu-tools-for-stm32.14.3.rel1.win32_1.0.100.202602081740/tools/bin/../lib/gcc/arm-none-eabi/14.3.1/thumb/v7-m/nofp/crti.o
                0x080069d4                _init
 .init          0x080069d8        0x8 C:/ST/STM32CubeIDE_2.1.1/STM32CubeIDE/plugins/com.st.stm32cube.ide.mcu.externaltools.gnu-tools-for-stm32.14.3.rel1.win32_1.0.100.202602081740/tools/bin/../lib/gcc/arm-none-eabi/14.3.1/thumb/v7-m/nofp/crtn.o
 *(.fini)
 .fini          0x080069e0        0x4 C:/ST/STM32CubeIDE_2.1.1/STM32CubeIDE/plugins/com.st.stm32cube.ide.mcu.externaltools.gnu-tools-for-stm32.14.3.rel1.win32_1.0.100.202602081740/tools/bin/../lib/gcc/arm-none-eabi/14.3.1/thumb/v7-m/nofp/crti.o
                0x080069e0                _fini
 .fini          0x080069e4        0x8 C:/ST/STM32CubeIDE_2.1.1/STM32CubeIDE/plugins/com.st.stm32cube.ide.mcu.externaltools.gnu-tools-for-stm32.14.3.rel1.win32_1.0.100.202602081740/tools/bin/../lib/gcc/arm-none-eabi/14.3.1/thumb/v7-m/nofp/crtn.o
                0x080069ec                        . = ALIGN (0x4)
                0x080069ec                        _etext = .

.vfp11_veneer   0x080069ec        0x0
 .vfp11_veneer  0x080069ec        0x0 linker stubs

.v4_bx          0x080069ec        0x0
 .v4_bx         0x080069ec        0x0 linker stubs

.iplt           0x080069ec        0x0
 .iplt          0x080069ec        0x0 C:/ST/STM32CubeIDE_2.1.1/STM32CubeIDE/plugins/com.st.stm32cube.ide.mcu.externaltools.gnu-tools-for-stm32.14.3.rel1.win32_1.0.100.202602081740/tools/bin/../lib/gcc/arm-none-eabi/14.3.1/thumb/v7-m/nofp/crtbegin.o

.rodata         0x080069ec       0x80
                0x080069ec                        . = ALIGN (0x4)
 *(.rodata)
 .rodata        0x080069ec       0x36 ./Core/Src/main.o
 *fill*         0x08006a22        0x2 
 .rodata        0x08006a24        0x5 ./Middlewares/Third_Party/FreeRTOS/Source/tasks.o
 *(.rodata*)
 *fill*         0x08006a29        0x3 
 .rodata.AHBPrescTable
                0x08006a2c       0x10 ./Core/Src/system_stm32f1xx.o
                0x08006a2c                AHBPrescTable
 .rodata.APBPrescTable
                0x08006a3c        0x8 ./Core/Src/system_stm32f1xx.o
                0x08006a3c                APBPrescTable
 .rodata.aPLLMULFactorTable.1
                0x08006a44       0x10 ./Drivers/STM32F1xx_HAL_Driver/Src/stm32f1xx_hal_rcc.o
 .rodata.aPredivFactorTable.0
                0x08006a54        0x2 ./Drivers/STM32F1xx_HAL_Driver/Src/stm32f1xx_hal_rcc.o
 *fill*         0x08006a56        0x2 
 .rodata.aPLLMULFactorTable.1
                0x08006a58       0x10 ./Drivers/STM32F1xx_HAL_Driver/Src/stm32f1xx_hal_rcc_ex.o
 .rodata.aPredivFactorTable.0
                0x08006a68        0x2 ./Drivers/STM32F1xx_HAL_Driver/Src/stm32f1xx_hal_rcc_ex.o
                0x08006a6c                        . = ALIGN (0x4)
 *fill*         0x08006a6a        0x2 

.ARM.extab      0x08006a6c        0x0
                0x08006a6c                        . = ALIGN (0x4)
 *(.ARM.extab* .gnu.linkonce.armextab.*)
                0x08006a6c                        . = ALIGN (0x4)

.ARM            0x08006a6c        0x0
                0x08006a6c                        . = ALIGN (0x4)
                0x08006a6c                        __exidx_start = .
 *(.ARM.exidx*)
                0x08006a6c                        __exidx_end = .
                0x08006a6c                        . = ALIGN (0x4)

.preinit_array  0x08006a6c        0x0
                0x08006a6c                        . = ALIGN (0x4)
                0x08006a6c                        PROVIDE (__preinit_array_start = .)
 *(.preinit_array*)
                0x08006a6c                        PROVIDE (__preinit_array_end = .)
                0x08006a6c                        . = ALIGN (0x4)

.init_array     0x08006a6c        0x4
                0x08006a6c                        . = ALIGN (0x4)
                0x08006a6c                        PROVIDE (__init_array_start = .)
 *(SORT_BY_NAME(.init_array.*))
 *(.init_array*)
 .init_array    0x08006a6c        0x4 C:/ST/STM32CubeIDE_2.1.1/STM32CubeIDE/plugins/com.st.stm32cube.ide.mcu.externaltools.gnu-tools-for-stm32.14.3.rel1.win32_1.0.100.202602081740/tools/bin/../lib/gcc/arm-none-eabi/14.3.1/thumb/v7-m/nofp/crtbegin.o
                0x08006a70                        PROVIDE (__init_array_end = .)
                0x08006a70                        . = ALIGN (0x4)

.fini_array     0x08006a70        0x4
                0x08006a70                        . = ALIGN (0x4)
                [!provide]                        PROVIDE (__fini_array_start = .)
 *(SORT_BY_NAME(.fini_array.*))
 *(.fini_array*)
 .fini_array    0x08006a70        0x4 C:/ST/STM32CubeIDE_2.1.1/STM32CubeIDE/plugins/com.st.stm32cube.ide.mcu.externaltools.gnu-tools-for-stm32.14.3.rel1.win32_1.0.100.202602081740/tools/bin/../lib/gcc/arm-none-eabi/14.3.1/thumb/v7-m/nofp/crtbegin.o
                [!provide]                        PROVIDE (__fini_array_end = .)
                0x08006a74                        . = ALIGN (0x4)
                0x08006a74                        _sidata = LOADADDR (.data)

.rel.dyn        0x08006a74        0x0
 .rel.iplt      0x08006a74        0x0 C:/ST/STM32CubeIDE_2.1.1/STM32CubeIDE/plugins/com.st.stm32cube.ide.mcu.externaltools.gnu-tools-for-stm32.14.3.rel1.win32_1.0.100.202602081740/tools/bin/../lib/gcc/arm-none-eabi/14.3.1/thumb/v7-m/nofp/crtbegin.o

.data           0x20000000       0x28 load address 0x08006a74
                0x20000000                        . = ALIGN (0x4)
                0x20000000                        _sdata = .
 *(.data)
 *(.data*)
 .data.sensor   0x20000000       0x18 ./Core/Src/main.o
 .data.SystemCoreClock
                0x20000018        0x4 ./Core/Src/system_stm32f1xx.o
                0x20000018                SystemCoreClock
 .data.uwTickPrio
                0x2000001c        0x4 ./Drivers/STM32F1xx_HAL_Driver/Src/stm32f1xx_hal.o
                0x2000001c                uwTickPrio
 .data.uwTickFreq
                0x20000020        0x1 ./Drivers/STM32F1xx_HAL_Driver/Src/stm32f1xx_hal.o
                0x20000020                uwTickFreq
 *fill*         0x20000021        0x3 
 .data.uxCriticalNesting
                0x20000024        0x4 ./Middlewares/Third_Party/FreeRTOS/Source/portable/GCC/ARM_CM3/port.o
 *(.RamFunc)
 *(.RamFunc*)
                0x20000028                        . = ALIGN (0x4)
                0x20000028                        _edata = .

.igot.plt       0x20000028        0x0 load address 0x08006a9c
 .igot.plt      0x20000028        0x0 C:/ST/STM32CubeIDE_2.1.1/STM32CubeIDE/plugins/com.st.stm32cube.ide.mcu.externaltools.gnu-tools-for-stm32.14.3.rel1.win32_1.0.100.202602081740/tools/bin/../lib/gcc/arm-none-eabi/14.3.1/thumb/v7-m/nofp/crtbegin.o
                0x20000028                        . = ALIGN (0x4)

.bss            0x20000028     0x1870 load address 0x08006a9c
                0x20000028                        _sbss = .
                0x20000028                        __bss_start__ = _sbss
 *(.bss)
 .bss           0x20000028       0x1c C:/ST/STM32CubeIDE_2.1.1/STM32CubeIDE/plugins/com.st.stm32cube.ide.mcu.externaltools.gnu-tools-for-stm32.14.3.rel1.win32_1.0.100.202602081740/tools/bin/../lib/gcc/arm-none-eabi/14.3.1/thumb/v7-m/nofp/crtbegin.o
 *(.bss*)
 .bss.hadc1     0x20000044       0x30 ./Core/Src/main.o
                0x20000044                hadc1
 .bss.hcan      0x20000074       0x28 ./Core/Src/main.o
                0x20000074                hcan
 .bss.htim2HalTick
                0x2000009c       0x48 ./Core/Src/main.o
 .bss.sensorFailCount
                0x200000e4        0x1 ./Core/Src/main.o
 *fill*         0x200000e5        0x3 
 .bss.lastCanRestartMs
                0x200000e8        0x4 ./Core/Src/main.o
 .bss.dbgEventQueued
                0x200000ec        0x4 ./Core/Src/main.o
 .bss.dbgEventDropped
                0x200000f0        0x4 ./Core/Src/main.o
 .bss.dbgCanTxQueued
                0x200000f4        0x4 ./Core/Src/main.o
 .bss.dbgCanTxDropped
                0x200000f8        0x4 ./Core/Src/main.o
 .bss.dbgCanTxOk
                0x200000fc        0x4 ./Core/Src/main.o
 .bss.dbgCanTxFail
                0x20000100        0x4 ./Core/Src/main.o
 .bss.dbgCanLastError
                0x20000104        0x4 ./Core/Src/main.o
 .bss.dbgCanLastTxId
                0x20000108        0x4 ./Core/Src/main.o
 .bss.sensorEventQueue
                0x2000010c        0x4 ./Core/Src/main.o
 .bss.canTxQueue
                0x20000110        0x4 ./Core/Src/main.o
 .bss.sensorEventQueueControl
                0x20000114       0x48 ./Core/Src/main.o
 .bss.canTxQueueControl
                0x2000015c       0x48 ./Core/Src/main.o
 .bss.sensorEventQueueStorage
                0x200001a4       0xf0 ./Core/Src/main.o
 .bss.canTxQueueStorage
                0x20000294       0xe0 ./Core/Src/main.o
 .bss.sensorTaskHandle
                0x20000374        0x4 ./Core/Src/main.o
 .bss.canTxTaskHandle
                0x20000378        0x4 ./Core/Src/main.o
 .bss.temperatureTaskHandle
                0x2000037c        0x4 ./Core/Src/main.o
 .bss.telemetryTaskHandle
                0x20000380        0x4 ./Core/Src/main.o
 .bss.sensorTaskControl
                0x20000384       0x4c ./Core/Src/main.o
 .bss.canTxTaskControl
                0x200003d0       0x4c ./Core/Src/main.o
 .bss.temperatureTaskControl
                0x2000041c       0x4c ./Core/Src/main.o
 .bss.telemetryTaskControl
                0x20000468       0x4c ./Core/Src/main.o
 .bss.sensorTaskStack
                0x200004b4      0x500 ./Core/Src/main.o
 .bss.canTxTaskStack
                0x200009b4      0x400 ./Core/Src/main.o
 .bss.temperatureTaskStack
                0x20000db4      0x500 ./Core/Src/main.o
 .bss.telemetryTaskStack
                0x200012b4      0x280 ./Core/Src/main.o
 .bss.idleTaskControl
                0x20001534       0x4c ./Core/Src/main.o
 .bss.idleTaskStack
                0x20001580      0x200 ./Core/Src/main.o
 .bss.uwTick    0x20001780        0x4 ./Drivers/STM32F1xx_HAL_Driver/Src/stm32f1xx_hal.o
                0x20001780                uwTick
 .bss.xQueueRegistry
                0x20001784       0x20 ./Middlewares/Third_Party/FreeRTOS/Source/queue.o
                0x20001784                xQueueRegistry
 .bss.pxCurrentTCB
                0x200017a4        0x4 ./Middlewares/Third_Party/FreeRTOS/Source/tasks.o
                0x200017a4                pxCurrentTCB
 .bss.pxReadyTasksLists
                0x200017a8       0x78 ./Middlewares/Third_Party/FreeRTOS/Source/tasks.o
 .bss.xDelayedTaskList1
                0x20001820       0x14 ./Middlewares/Third_Party/FreeRTOS/Source/tasks.o
 .bss.xDelayedTaskList2
                0x20001834       0x14 ./Middlewares/Third_Party/FreeRTOS/Source/tasks.o
 .bss.pxDelayedTaskList
                0x20001848        0x4 ./Middlewares/Third_Party/FreeRTOS/Source/tasks.o
 .bss.pxOverflowDelayedTaskList
                0x2000184c        0x4 ./Middlewares/Third_Party/FreeRTOS/Source/tasks.o
 .bss.xPendingReadyList
                0x20001850       0x14 ./Middlewares/Third_Party/FreeRTOS/Source/tasks.o
 .bss.uxCurrentNumberOfTasks
                0x20001864        0x4 ./Middlewares/Third_Party/FreeRTOS/Source/tasks.o
 .bss.xTickCount
                0x20001868        0x4 ./Middlewares/Third_Party/FreeRTOS/Source/tasks.o
 .bss.uxTopReadyPriority
                0x2000186c        0x4 ./Middlewares/Third_Party/FreeRTOS/Source/tasks.o
 .bss.xSchedulerRunning
                0x20001870        0x4 ./Middlewares/Third_Party/FreeRTOS/Source/tasks.o
 .bss.xPendedTicks
                0x20001874        0x4 ./Middlewares/Third_Party/FreeRTOS/Source/tasks.o
 .bss.xYieldPending
                0x20001878        0x4 ./Middlewares/Third_Party/FreeRTOS/Source/tasks.o
 .bss.xNumOfOverflows
                0x2000187c        0x4 ./Middlewares/Third_Party/FreeRTOS/Source/tasks.o
 .bss.uxTaskNumber
                0x20001880        0x4 ./Middlewares/Third_Party/FreeRTOS/Source/tasks.o
 .bss.xNextTaskUnblockTime
                0x20001884        0x4 ./Middlewares/Third_Party/FreeRTOS/Source/tasks.o
 .bss.xIdleTaskHandle
                0x20001888        0x4 ./Middlewares/Third_Party/FreeRTOS/Source/tasks.o
 .bss.uxSchedulerSuspended
                0x2000188c        0x4 ./Middlewares/Third_Party/FreeRTOS/Source/tasks.o
 .bss.ucMaxSysCallPriority
                0x20001890        0x1 ./Middlewares/Third_Party/FreeRTOS/Source/portable/GCC/ARM_CM3/port.o
 *fill*         0x20001891        0x3 
 .bss.ulMaxPRIGROUPValue
                0x20001894        0x4 ./Middlewares/Third_Party/FreeRTOS/Source/portable/GCC/ARM_CM3/port.o
 *(COMMON)
                0x20001898                        . = ALIGN (0x4)
                0x20001898                        _ebss = .
                0x20001898                        __bss_end__ = _ebss

._user_heap_stack
                0x20001898      0x600 load address 0x08006a9c
                0x20001898                        . = ALIGN (0x8)
                [!provide]                        PROVIDE (end = .)
                0x20001898                        PROVIDE (_end = .)
                0x20001a98                        . = (. + _Min_Heap_Size)
 *fill*         0x20001898      0x200 
                0x20001e98                        . = (. + _Min_Stack_Size)
 *fill*         0x20001a98      0x400 
                0x20001e98                        . = ALIGN (0x8)

/DISCARD/
 libc.a(*)
 libm.a(*)
 libgcc.a(*)

.ARM.attributes
                0x00000000       0x29
 *(.ARM.attributes)
 .ARM.attributes
                0x00000000       0x1d C:/ST/STM32CubeIDE_2.1.1/STM32CubeIDE/plugins/com.st.stm32cube.ide.mcu.externaltools.gnu-tools-for-stm32.14.3.rel1.win32_1.0.100.202602081740/tools/bin/../lib/gcc/arm-none-eabi/14.3.1/thumb/v7-m/nofp/crti.o
 .ARM.attributes
                0x0000001d       0x2d C:/ST/STM32CubeIDE_2.1.1/STM32CubeIDE/plugins/com.st.stm32cube.ide.mcu.externaltools.gnu-tools-for-stm32.14.3.rel1.win32_1.0.100.202602081740/tools/bin/../lib/gcc/arm-none-eabi/14.3.1/thumb/v7-m/nofp/crtbegin.o
 .ARM.attributes
                0x0000004a       0x2d ./Core/Src/main.o
 .ARM.attributes
                0x00000077       0x2d ./Core/Src/system_stm32f1xx.o
 .ARM.attributes
                0x000000a4       0x21 ./Core/Startup/startup_stm32f103c8tx.o
 .ARM.attributes
                0x000000c5       0x2d ./Drivers/STM32F1xx_HAL_Driver/Src/stm32f1xx_hal.o
 .ARM.attributes
                0x000000f2       0x2d ./Drivers/STM32F1xx_HAL_Driver/Src/stm32f1xx_hal_adc.o
 .ARM.attributes
                0x0000011f       0x2d ./Drivers/STM32F1xx_HAL_Driver/Src/stm32f1xx_hal_adc_ex.o
 .ARM.attributes
                0x0000014c       0x2d ./Drivers/STM32F1xx_HAL_Driver/Src/stm32f1xx_hal_can.o
 .ARM.attributes
                0x00000179       0x2d ./Drivers/STM32F1xx_HAL_Driver/Src/stm32f1xx_hal_cortex.o
 .ARM.attributes
                0x000001a6       0x2d ./Drivers/STM32F1xx_HAL_Driver/Src/stm32f1xx_hal_gpio.o
 .ARM.attributes
                0x000001d3       0x2d ./Drivers/STM32F1xx_HAL_Driver/Src/stm32f1xx_hal_rcc.o
 .ARM.attributes
                0x00000200       0x2d ./Drivers/STM32F1xx_HAL_Driver/Src/stm32f1xx_hal_rcc_ex.o
 .ARM.attributes
                0x0000022d       0x2d ./Drivers/STM32F1xx_HAL_Driver/Src/stm32f1xx_hal_tim.o
 .ARM.attributes
                0x0000025a       0x2d ./Drivers/STM32F1xx_HAL_Driver/Src/stm32f1xx_hal_tim_ex.o
 .ARM.attributes
                0x00000287       0x2d ./Middlewares/Third_Party/FreeRTOS/Source/list.o
 .ARM.attributes
                0x000002b4       0x2d ./Middlewares/Third_Party/FreeRTOS/Source/queue.o
 .ARM.attributes
                0x000002e1       0x2d ./Middlewares/Third_Party/FreeRTOS/Source/tasks.o
 .ARM.attributes
                0x0000030e       0x2d ./Middlewares/Third_Party/FreeRTOS/Source/portable/GCC/ARM_CM3/port.o
 .ARM.attributes
                0x0000033b       0x2d C:/ST/STM32CubeIDE_2.1.1/STM32CubeIDE/plugins/com.st.stm32cube.ide.mcu.externaltools.gnu-tools-for-stm32.14.3.rel1.win32_1.0.100.202602081740/tools/bin/../lib/gcc/arm-none-eabi/14.3.1/../../../../arm-none-eabi/lib/thumb/v7-m/nofp\libc_nano.a(libc_a-memset.o)
 .ARM.attributes
                0x00000368       0x2d C:/ST/STM32CubeIDE_2.1.1/STM32CubeIDE/plugins/com.st.stm32cube.ide.mcu.externaltools.gnu-tools-for-stm32.14.3.rel1.win32_1.0.100.202602081740/tools/bin/../lib/gcc/arm-none-eabi/14.3.1/../../../../arm-none-eabi/lib/thumb/v7-m/nofp\libc_nano.a(libc_a-init.o)
 .ARM.attributes
                0x00000395       0x2d C:/ST/STM32CubeIDE_2.1.1/STM32CubeIDE/plugins/com.st.stm32cube.ide.mcu.externaltools.gnu-tools-for-stm32.14.3.rel1.win32_1.0.100.202602081740/tools/bin/../lib/gcc/arm-none-eabi/14.3.1/../../../../arm-none-eabi/lib/thumb/v7-m/nofp\libc_nano.a(libc_a-memcpy-stub.o)
 .ARM.attributes
                0x000003c2       0x1d C:/ST/STM32CubeIDE_2.1.1/STM32CubeIDE/plugins/com.st.stm32cube.ide.mcu.externaltools.gnu-tools-for-stm32.14.3.rel1.win32_1.0.100.202602081740/tools/bin/../lib/gcc/arm-none-eabi/14.3.1/thumb/v7-m/nofp/crtn.o
OUTPUT(Sensor_Control.elf elf32-littlearm)
LOAD linker stubs
LOAD C:/ST/STM32CubeIDE_2.1.1/STM32CubeIDE/plugins/com.st.stm32cube.ide.mcu.externaltools.gnu-tools-for-stm32.14.3.rel1.win32_1.0.100.202602081740/tools/bin/../lib/gcc/arm-none-eabi/14.3.1/../../../../arm-none-eabi/lib/thumb/v7-m/nofp\libc.a
LOAD C:/ST/STM32CubeIDE_2.1.1/STM32CubeIDE/plugins/com.st.stm32cube.ide.mcu.externaltools.gnu-tools-for-stm32.14.3.rel1.win32_1.0.100.202602081740/tools/bin/../lib/gcc/arm-none-eabi/14.3.1/../../../../arm-none-eabi/lib/thumb/v7-m/nofp\libm.a
LOAD C:/ST/STM32CubeIDE_2.1.1/STM32CubeIDE/plugins/com.st.stm32cube.ide.mcu.externaltools.gnu-tools-for-stm32.14.3.rel1.win32_1.0.100.202602081740/tools/bin/../lib/gcc/arm-none-eabi/14.3.1/thumb/v7-m/nofp\libgcc.a

.debug_info     0x00000000     0xee65
 .debug_info    0x00000000     0x325e ./Core/Src/main.o
 .debug_info    0x0000325e      0x222 ./Core/Src/system_stm32f1xx.o
 .debug_info    0x00003480       0x30 ./Core/Startup/startup_stm32f103c8tx.o
 .debug_info    0x000034b0      0x704 ./Drivers/STM32F1xx_HAL_Driver/Src/stm32f1xx_hal.o
 .debug_info    0x00003bb4      0xc50 ./Drivers/STM32F1xx_HAL_Driver/Src/stm32f1xx_hal_adc.o
 .debug_info    0x00004804      0xa10 ./Drivers/STM32F1xx_HAL_Driver/Src/stm32f1xx_hal_adc_ex.o
 .debug_info    0x00005214      0xf13 ./Drivers/STM32F1xx_HAL_Driver/Src/stm32f1xx_hal_can.o
 .debug_info    0x00006127      0xa87 ./Drivers/STM32F1xx_HAL_Driver/Src/stm32f1xx_hal_cortex.o
 .debug_info    0x00006bae      0x5ab ./Drivers/STM32F1xx_HAL_Driver/Src/stm32f1xx_hal_gpio.o
 .debug_info    0x00007159      0x7d5 ./Drivers/STM32F1xx_HAL_Driver/Src/stm32f1xx_hal_rcc.o
 .debug_info    0x0000792e      0x3c0 ./Drivers/STM32F1xx_HAL_Driver/Src/stm32f1xx_hal_rcc_ex.o
 .debug_info    0x00007cee     0x2959 ./Drivers/STM32F1xx_HAL_Driver/Src/stm32f1xx_hal_tim.o
 .debug_info    0x0000a647     0x149b ./Drivers/STM32F1xx_HAL_Driver/Src/stm32f1xx_hal_tim_ex.o
 .debug_info    0x0000bae2      0x2af ./Middlewares/Third_Party/FreeRTOS/Source/list.o
 .debug_info    0x0000bd91     0x153f ./Middlewares/Third_Party/FreeRTOS/Source/queue.o
 .debug_info    0x0000d2d0     0x16e4 ./Middlewares/Third_Party/FreeRTOS/Source/tasks.o
 .debug_info    0x0000e9b4      0x4b1 ./Middlewares/Third_Party/FreeRTOS/Source/portable/GCC/ARM_CM3/port.o

.debug_abbrev   0x00000000     0x271c
 .debug_abbrev  0x00000000      0x528 ./Core/Src/main.o
 .debug_abbrev  0x00000528      0x13f ./Core/Src/system_stm32f1xx.o
 .debug_abbrev  0x00000667       0x24 ./Core/Startup/startup_stm32f103c8tx.o
 .debug_abbrev  0x0000068b      0x201 ./Drivers/STM32F1xx_HAL_Driver/Src/stm32f1xx_hal.o
 .debug_abbrev  0x0000088c      0x225 ./Drivers/STM32F1xx_HAL_Driver/Src/stm32f1xx_hal_adc.o
 .debug_abbrev  0x00000ab1      0x249 ./Drivers/STM32F1xx_HAL_Driver/Src/stm32f1xx_hal_adc_ex.o
 .debug_abbrev  0x00000cfa      0x21c ./Drivers/STM32F1xx_HAL_Driver/Src/stm32f1xx_hal_can.o
 .debug_abbrev  0x00000f16      0x2f8 ./Drivers/STM32F1xx_HAL_Driver/Src/stm32f1xx_hal_cortex.o
 .debug_abbrev  0x0000120e      0x1ca ./Drivers/STM32F1xx_HAL_Driver/Src/stm32f1xx_hal_gpio.o
 .debug_abbrev  0x000013d8      0x2b3 ./Drivers/STM32F1xx_HAL_Driver/Src/stm32f1xx_hal_rcc.o
 .debug_abbrev  0x0000168b      0x188 ./Drivers/STM32F1xx_HAL_Driver/Src/stm32f1xx_hal_rcc_ex.o
 .debug_abbrev  0x00001813      0x277 ./Drivers/STM32F1xx_HAL_Driver/Src/stm32f1xx_hal_tim.o
 .debug_abbrev  0x00001a8a      0x282 ./Drivers/STM32F1xx_HAL_Driver/Src/stm32f1xx_hal_tim_ex.o
 .debug_abbrev  0x00001d0c       0xf5 ./Middlewares/Third_Party/FreeRTOS/Source/list.o
 .debug_abbrev  0x00001e01      0x387 ./Middlewares/Third_Party/FreeRTOS/Source/queue.o
 .debug_abbrev  0x00002188      0x33c ./Middlewares/Third_Party/FreeRTOS/Source/tasks.o
 .debug_abbrev  0x000024c4      0x258 ./Middlewares/Third_Party/FreeRTOS/Source/portable/GCC/ARM_CM3/port.o

.debug_aranges  0x00000000     0x1000
 .debug_aranges
                0x00000000      0x1f8 ./Core/Src/main.o
 .debug_aranges
                0x000001f8       0x28 ./Core/Src/system_stm32f1xx.o
 .debug_aranges
                0x00000220       0x28 ./Core/Startup/startup_stm32f103c8tx.o
 .debug_aranges
                0x00000248       0xe0 ./Drivers/STM32F1xx_HAL_Driver/Src/stm32f1xx_hal.o
 .debug_aranges
                0x00000328       0xf0 ./Drivers/STM32F1xx_HAL_Driver/Src/stm32f1xx_hal_adc.o
 .debug_aranges
                0x00000418       0x80 ./Drivers/STM32F1xx_HAL_Driver/Src/stm32f1xx_hal_adc_ex.o
 .debug_aranges
                0x00000498      0x138 ./Drivers/STM32F1xx_HAL_Driver/Src/stm32f1xx_hal_can.o
 .debug_aranges
                0x000005d0      0x100 ./Drivers/STM32F1xx_HAL_Driver/Src/stm32f1xx_hal_cortex.o
 .debug_aranges
                0x000006d0       0x58 ./Drivers/STM32F1xx_HAL_Driver/Src/stm32f1xx_hal_gpio.o
 .debug_aranges
                0x00000728       0x90 ./Drivers/STM32F1xx_HAL_Driver/Src/stm32f1xx_hal_rcc.o
 .debug_aranges
                0x000007b8       0x30 ./Drivers/STM32F1xx_HAL_Driver/Src/stm32f1xx_hal_rcc_ex.o
 .debug_aranges
                0x000007e8      0x3d0 ./Drivers/STM32F1xx_HAL_Driver/Src/stm32f1xx_hal_tim.o
 .debug_aranges
                0x00000bb8      0x168 ./Drivers/STM32F1xx_HAL_Driver/Src/stm32f1xx_hal_tim_ex.o
 .debug_aranges
                0x00000d20       0x40 ./Middlewares/Third_Party/FreeRTOS/Source/list.o
 .debug_aranges
                0x00000d60       0xe0 ./Middlewares/Third_Party/FreeRTOS/Source/queue.o
 .debug_aranges
                0x00000e40      0x148 ./Middlewares/Third_Party/FreeRTOS/Source/tasks.o
 .debug_aranges
                0x00000f88       0x78 ./Middlewares/Third_Party/FreeRTOS/Source/portable/GCC/ARM_CM3/port.o

.debug_rnglists
                0x00000000      0xc84
 .debug_rnglists
                0x00000000      0x1a7 ./Core/Src/main.o
 .debug_rnglists
                0x000001a7       0x1a ./Core/Src/system_stm32f1xx.o
 .debug_rnglists
                0x000001c1       0x19 ./Core/Startup/startup_stm32f103c8tx.o
 .debug_rnglists
                0x000001da       0xa3 ./Drivers/STM32F1xx_HAL_Driver/Src/stm32f1xx_hal.o
 .debug_rnglists
                0x0000027d       0xbc ./Drivers/STM32F1xx_HAL_Driver/Src/stm32f1xx_hal_adc.o
 .debug_rnglists
                0x00000339       0x65 ./Drivers/STM32F1xx_HAL_Driver/Src/stm32f1xx_hal_adc_ex.o
 .debug_rnglists
                0x0000039e       0xed ./Drivers/STM32F1xx_HAL_Driver/Src/stm32f1xx_hal_can.o
 .debug_rnglists
                0x0000048b       0xbb ./Drivers/STM32F1xx_HAL_Driver/Src/stm32f1xx_hal_cortex.o
 .debug_rnglists
                0x00000546       0x3f ./Drivers/STM32F1xx_HAL_Driver/Src/stm32f1xx_hal_gpio.o
 .debug_rnglists
                0x00000585       0x6c ./Drivers/STM32F1xx_HAL_Driver/Src/stm32f1xx_hal_rcc.o
 .debug_rnglists
                0x000005f1       0x21 ./Drivers/STM32F1xx_HAL_Driver/Src/stm32f1xx_hal_rcc_ex.o
 .debug_rnglists
                0x00000612      0x31a ./Drivers/STM32F1xx_HAL_Driver/Src/stm32f1xx_hal_tim.o
 .debug_rnglists
                0x0000092c      0x125 ./Drivers/STM32F1xx_HAL_Driver/Src/stm32f1xx_hal_tim_ex.o
 .debug_rnglists
                0x00000a51       0x2b ./Middlewares/Third_Party/FreeRTOS/Source/list.o
 .debug_rnglists
                0x00000a7c       0xaf ./Middlewares/Third_Party/FreeRTOS/Source/queue.o
 .debug_rnglists
                0x00000b2b      0x102 ./Middlewares/Third_Party/FreeRTOS/Source/tasks.o
 .debug_rnglists
                0x00000c2d       0x57 ./Middlewares/Third_Party/FreeRTOS/Source/portable/GCC/ARM_CM3/port.o

.debug_macro    0x00000000    0x1927d
 .debug_macro   0x00000000      0x3cf ./Core/Src/main.o
 .debug_macro   0x000003cf      0xacc ./Core/Src/main.o
 .debug_macro   0x00000e9b       0x94 ./Core/Src/main.o
 .debug_macro   0x00000f2f       0x2e ./Core/Src/main.o
 .debug_macro   0x00000f5d       0x22 ./Core/Src/main.o
 .debug_macro   0x00000f7f       0x22 ./Core/Src/main.o
 .debug_macro   0x00000fa1       0x8e ./Core/Src/main.o
 .debug_macro   0x0000102f       0x51 ./Core/Src/main.o
 .debug_macro   0x00001080      0x103 ./Core/Src/main.o
 .debug_macro   0x00001183       0x6a ./Core/Src/main.o
 .debug_macro   0x000011ed      0x1df ./Core/Src/main.o
 .debug_macro   0x000013cc       0x1c ./Core/Src/main.o
 .debug_macro   0x000013e8       0x22 ./Core/Src/main.o
 .debug_macro   0x0000140a       0xbd ./Core/Src/main.o
 .debug_macro   0x000014c7      0xd23 ./Core/Src/main.o
 .debug_macro   0x000021ea     0xe09e ./Core/Src/main.o
 .debug_macro   0x00010288       0x6d ./Core/Src/main.o
 .debug_macro   0x000102f5     0x34a2 ./Core/Src/main.o
 .debug_macro   0x00013797      0x190 ./Core/Src/main.o
 .debug_macro   0x00013927       0x5c ./Core/Src/main.o
 .debug_macro   0x00013983      0x5bc ./Core/Src/main.o
 .debug_macro   0x00013f3f      0x289 ./Core/Src/main.o
 .debug_macro   0x000141c8      0x1cb ./Core/Src/main.o
 .debug_macro   0x00014393      0x114 ./Core/Src/main.o
 .debug_macro   0x000144a7      0x1b2 ./Core/Src/main.o
 .debug_macro   0x00014659       0x27 ./Core/Src/main.o
 .debug_macro   0x00014680       0x57 ./Core/Src/main.o
 .debug_macro   0x000146d7      0x1bc ./Core/Src/main.o
 .debug_macro   0x00014893       0x34 ./Core/Src/main.o
 .debug_macro   0x000148c7       0x3c ./Core/Src/main.o
 .debug_macro   0x00014903      0x46a ./Core/Src/main.o
 .debug_macro   0x00014d6d      0x1b5 ./Core/Src/main.o
 .debug_macro   0x00014f22      0x408 ./Core/Src/main.o
 .debug_macro   0x0001532a       0x87 ./Core/Src/main.o
 .debug_macro   0x000153b1      0x240 ./Core/Src/main.o
 .debug_macro   0x000155f1      0x140 ./Core/Src/main.o
 .debug_macro   0x00015731      0x8ed ./Core/Src/main.o
 .debug_macro   0x0001601e       0x83 ./Core/Src/main.o
 .debug_macro   0x000160a1      0x118 ./Core/Src/main.o
 .debug_macro   0x000161b9      0x15a ./Core/Src/main.o
 .debug_macro   0x00016313       0xde ./Core/Src/main.o
 .debug_macro   0x000163f1       0x1c ./Core/Src/main.o
 .debug_macro   0x0001640d       0x26 ./Core/Src/main.o
 .debug_macro   0x00016433      0x4c6 ./Core/Src/main.o
 .debug_macro   0x000168f9       0xb5 ./Core/Src/main.o
 .debug_macro   0x000169ae       0xaa ./Core/Src/main.o
 .debug_macro   0x00016a58       0x80 ./Core/Src/main.o
 .debug_macro   0x00016ad8       0x22 ./Core/Src/main.o
 .debug_macro   0x00016afa       0x61 ./Core/Src/main.o
 .debug_macro   0x00016b5b       0x24 ./Core/Src/main.o
 .debug_macro   0x00016b7f       0x43 ./Core/Src/main.o
 .debug_macro   0x00016bc2       0x34 ./Core/Src/main.o
 .debug_macro   0x00016bf6      0x364 ./Core/Src/main.o
 .debug_macro   0x00016f5a       0x16 ./Core/Src/main.o
 .debug_macro   0x00016f70       0x4a ./Core/Src/main.o
 .debug_macro   0x00016fba       0x34 ./Core/Src/main.o
 .debug_macro   0x00016fee       0x10 ./Core/Src/main.o
 .debug_macro   0x00016ffe       0x58 ./Core/Src/main.o
 .debug_macro   0x00017056       0x8e ./Core/Src/main.o
 .debug_macro   0x000170e4       0x1c ./Core/Src/main.o
 .debug_macro   0x00017100      0x17e ./Core/Src/main.o
 .debug_macro   0x0001727e       0x10 ./Core/Src/main.o
 .debug_macro   0x0001728e       0x3c ./Core/Src/main.o
 .debug_macro   0x000172ca       0x20 ./Core/Src/main.o
 .debug_macro   0x000172ea      0x1a3 ./Core/Src/system_stm32f1xx.o
 .debug_macro   0x0001748d      0x1c7 ./Drivers/STM32F1xx_HAL_Driver/Src/stm32f1xx_hal.o
 .debug_macro   0x00017654      0x1c0 ./Drivers/STM32F1xx_HAL_Driver/Src/stm32f1xx_hal_adc.o
 .debug_macro   0x00017814      0x1b5 ./Drivers/STM32F1xx_HAL_Driver/Src/stm32f1xx_hal_adc_ex.o
 .debug_macro   0x000179c9      0x1b2 ./Drivers/STM32F1xx_HAL_Driver/Src/stm32f1xx_hal_can.o
 .debug_macro   0x00017b7b      0x1a3 ./Drivers/STM32F1xx_HAL_Driver/Src/stm32f1xx_hal_cortex.o
 .debug_macro   0x00017d1e      0x20e ./Drivers/STM32F1xx_HAL_Driver/Src/stm32f1xx_hal_gpio.o
 .debug_macro   0x00017f2c      0x1b5 ./Drivers/STM32F1xx_HAL_Driver/Src/stm32f1xx_hal_rcc.o
 .debug_macro   0x000180e1      0x1a3 ./Drivers/STM32F1xx_HAL_Driver/Src/stm32f1xx_hal_rcc_ex.o
 .debug_macro   0x00018284      0x1a4 ./Drivers/STM32F1xx_HAL_Driver/Src/stm32f1xx_hal_tim.o
 .debug_macro   0x00018428      0x1a3 ./Drivers/STM32F1xx_HAL_Driver/Src/stm32f1xx_hal_tim_ex.o
 .debug_macro   0x000185cb      0x2c8 ./Middlewares/Third_Party/FreeRTOS/Source/list.o
 .debug_macro   0x00018893      0x357 ./Middlewares/Third_Party/FreeRTOS/Source/queue.o
 .debug_macro   0x00018bea       0x16 ./Middlewares/Third_Party/FreeRTOS/Source/queue.o
 .debug_macro   0x00018c00      0x3ba ./Middlewares/Third_Party/FreeRTOS/Source/tasks.o
 .debug_macro   0x00018fba       0x10 ./Middlewares/Third_Party/FreeRTOS/Source/tasks.o
 .debug_macro   0x00018fca      0x2b3 ./Middlewares/Third_Party/FreeRTOS/Source/portable/GCC/ARM_CM3/port.o

.debug_line     0x00000000    0x11839
 .debug_line    0x00000000     0x1ad0 ./Core/Src/main.o
 .debug_line    0x00001ad0      0x797 ./Core/Src/system_stm32f1xx.o
 .debug_line    0x00002267       0x78 ./Core/Startup/startup_stm32f103c8tx.o
 .debug_line    0x000022df      0x9cb ./Drivers/STM32F1xx_HAL_Driver/Src/stm32f1xx_hal.o
 .debug_line    0x00002caa      0xfed ./Drivers/STM32F1xx_HAL_Driver/Src/stm32f1xx_hal_adc.o
 .debug_line    0x00003c97      0xd0f ./Drivers/STM32F1xx_HAL_Driver/Src/stm32f1xx_hal_adc_ex.o
 .debug_line    0x000049a6     0x11c1 ./Drivers/STM32F1xx_HAL_Driver/Src/stm32f1xx_hal_can.o
 .debug_line    0x00005b67      0xb92 ./Drivers/STM32F1xx_HAL_Driver/Src/stm32f1xx_hal_cortex.o
 .debug_line    0x000066f9      0xa22 ./Drivers/STM32F1xx_HAL_Driver/Src/stm32f1xx_hal_gpio.o
 .debug_line    0x0000711b      0xe81 ./Drivers/STM32F1xx_HAL_Driver/Src/stm32f1xx_hal_rcc.o
 .debug_line    0x00007f9c      0x932 ./Drivers/STM32F1xx_HAL_Driver/Src/stm32f1xx_hal_rcc_ex.o
 .debug_line    0x000088ce     0x34bc ./Drivers/STM32F1xx_HAL_Driver/Src/stm32f1xx_hal_tim.o
 .debug_line    0x0000bd8a     0x188c ./Drivers/STM32F1xx_HAL_Driver/Src/stm32f1xx_hal_tim_ex.o
 .debug_line    0x0000d616      0xa6b ./Middlewares/Third_Party/FreeRTOS/Source/list.o
 .debug_line    0x0000e081     0x1692 ./Middlewares/Third_Party/FreeRTOS/Source/queue.o
 .debug_line    0x0000f713     0x167a ./Middlewares/Third_Party/FreeRTOS/Source/tasks.o
 .debug_line    0x00010d8d      0xaac ./Middlewares/Third_Party/FreeRTOS/Source/portable/GCC/ARM_CM3/port.o

.debug_str      0x00000000    0x95b2e
 .debug_str     0x00000000    0x95b2e ./Core/Src/main.o
                              0x910d0 (size before relaxing)
 .debug_str     0x00095b2e    0x877be ./Core/Src/system_stm32f1xx.o
 .debug_str     0x00095b2e       0x8c ./Core/Startup/startup_stm32f103c8tx.o
 .debug_str     0x00095b2e    0x87ef1 ./Drivers/STM32F1xx_HAL_Driver/Src/stm32f1xx_hal.o
 .debug_str     0x00095b2e    0x87ea2 ./Drivers/STM32F1xx_HAL_Driver/Src/stm32f1xx_hal_adc.o
 .debug_str     0x00095b2e    0x87e72 ./Drivers/STM32F1xx_HAL_Driver/Src/stm32f1xx_hal_adc_ex.o
 .debug_str     0x00095b2e    0x87fc6 ./Drivers/STM32F1xx_HAL_Driver/Src/stm32f1xx_hal_can.o
 .debug_str     0x00095b2e    0x87e3d ./Drivers/STM32F1xx_HAL_Driver/Src/stm32f1xx_hal_cortex.o
 .debug_str     0x00095b2e    0x87b44 ./Drivers/STM32F1xx_HAL_Driver/Src/stm32f1xx_hal_gpio.o
 .debug_str     0x00095b2e    0x87bed ./Drivers/STM32F1xx_HAL_Driver/Src/stm32f1xx_hal_rcc.o
 .debug_str     0x00095b2e    0x8793d ./Drivers/STM32F1xx_HAL_Driver/Src/stm32f1xx_hal_rcc_ex.o
 .debug_str     0x00095b2e    0x88bef ./Drivers/STM32F1xx_HAL_Driver/Src/stm32f1xx_hal_tim.o
 .debug_str     0x00095b2e    0x883fb ./Drivers/STM32F1xx_HAL_Driver/Src/stm32f1xx_hal_tim_ex.o
 .debug_str     0x00095b2e    0x8e15c ./Middlewares/Third_Party/FreeRTOS/Source/list.o
 .debug_str     0x00095b2e    0x8f8e0 ./Middlewares/Third_Party/FreeRTOS/Source/queue.o
 .debug_str     0x00095b2e    0x903e9 ./Middlewares/Third_Party/FreeRTOS/Source/tasks.o
 .debug_str     0x00095b2e    0x8bc99 ./Middlewares/Third_Party/FreeRTOS/Source/portable/GCC/ARM_CM3/port.o

.comment        0x00000000       0x43
 .comment       0x00000000       0x43 ./Core/Src/main.o
                                 0x44 (size before relaxing)
 .comment       0x00000043       0x44 ./Core/Src/system_stm32f1xx.o
 .comment       0x00000043       0x44 ./Drivers/STM32F1xx_HAL_Driver/Src/stm32f1xx_hal.o
 .comment       0x00000043       0x44 ./Drivers/STM32F1xx_HAL_Driver/Src/stm32f1xx_hal_adc.o
 .comment       0x00000043       0x44 ./Drivers/STM32F1xx_HAL_Driver/Src/stm32f1xx_hal_adc_ex.o
 .comment       0x00000043       0x44 ./Drivers/STM32F1xx_HAL_Driver/Src/stm32f1xx_hal_can.o
 .comment       0x00000043       0x44 ./Drivers/STM32F1xx_HAL_Driver/Src/stm32f1xx_hal_cortex.o
 .comment       0x00000043       0x44 ./Drivers/STM32F1xx_HAL_Driver/Src/stm32f1xx_hal_gpio.o
 .comment       0x00000043       0x44 ./Drivers/STM32F1xx_HAL_Driver/Src/stm32f1xx_hal_rcc.o
 .comment       0x00000043       0x44 ./Drivers/STM32F1xx_HAL_Driver/Src/stm32f1xx_hal_rcc_ex.o
 .comment       0x00000043       0x44 ./Drivers/STM32F1xx_HAL_Driver/Src/stm32f1xx_hal_tim.o
 .comment       0x00000043       0x44 ./Drivers/STM32F1xx_HAL_Driver/Src/stm32f1xx_hal_tim_ex.o
 .comment       0x00000043       0x44 ./Middlewares/Third_Party/FreeRTOS/Source/list.o
 .comment       0x00000043       0x44 ./Middlewares/Third_Party/FreeRTOS/Source/queue.o
 .comment       0x00000043       0x44 ./Middlewares/Third_Party/FreeRTOS/Source/tasks.o
 .comment       0x00000043       0x44 ./Middlewares/Third_Party/FreeRTOS/Source/portable/GCC/ARM_CM3/port.o

.debug_frame    0x00000000     0x4054
 .debug_frame   0x00000000      0x814 ./Core/Src/main.o
 .debug_frame   0x00000814       0x50 ./Core/Src/system_stm32f1xx.o
 .debug_frame   0x00000864      0x2e4 ./Drivers/STM32F1xx_HAL_Driver/Src/stm32f1xx_hal.o
 .debug_frame   0x00000b48      0x3e0 ./Drivers/STM32F1xx_HAL_Driver/Src/stm32f1xx_hal_adc.o
 .debug_frame   0x00000f28      0x1f4 ./Drivers/STM32F1xx_HAL_Driver/Src/stm32f1xx_hal_adc_ex.o
 .debug_frame   0x0000111c      0x524 ./Drivers/STM32F1xx_HAL_Driver/Src/stm32f1xx_hal_can.o
 .debug_frame   0x00001640      0x3f0 ./Drivers/STM32F1xx_HAL_Driver/Src/stm32f1xx_hal_cortex.o
 .debug_frame   0x00001a30      0x130 ./Drivers/STM32F1xx_HAL_Driver/Src/stm32f1xx_hal_gpio.o
 .debug_frame   0x00001b60      0x1f8 ./Drivers/STM32F1xx_HAL_Driver/Src/stm32f1xx_hal_rcc.o
 .debug_frame   0x00001d58       0x7c ./Drivers/STM32F1xx_HAL_Driver/Src/stm32f1xx_hal_rcc_ex.o
 .debug_frame   0x00001dd4     0x10e8 ./Drivers/STM32F1xx_HAL_Driver/Src/stm32f1xx_hal_tim.o
 .debug_frame   0x00002ebc      0x600 ./Drivers/STM32F1xx_HAL_Driver/Src/stm32f1xx_hal_tim_ex.o
 .debug_frame   0x000034bc       0xc4 ./Middlewares/Third_Party/FreeRTOS/Source/list.o
 .debug_frame   0x00003580      0x398 ./Middlewares/Third_Party/FreeRTOS/Source/queue.o
 .debug_frame   0x00003918      0x54c ./Middlewares/Third_Party/FreeRTOS/Source/tasks.o
 .debug_frame   0x00003e64      0x17c ./Middlewares/Third_Party/FreeRTOS/Source/portable/GCC/ARM_CM3/port.o
 .debug_frame   0x00003fe0       0x20 C:/ST/STM32CubeIDE_2.1.1/STM32CubeIDE/plugins/com.st.stm32cube.ide.mcu.externaltools.gnu-tools-for-stm32.14.3.rel1.win32_1.0.100.202602081740/tools/bin/../lib/gcc/arm-none-eabi/14.3.1/../../../../arm-none-eabi/lib/thumb/v7-m/nofp\libc_nano.a(libc_a-memset.o)
 .debug_frame   0x00004000       0x2c C:/ST/STM32CubeIDE_2.1.1/STM32CubeIDE/plugins/com.st.stm32cube.ide.mcu.externaltools.gnu-tools-for-stm32.14.3.rel1.win32_1.0.100.202602081740/tools/bin/../lib/gcc/arm-none-eabi/14.3.1/../../../../arm-none-eabi/lib/thumb/v7-m/nofp\libc_nano.a(libc_a-init.o)
 .debug_frame   0x0000402c       0x28 C:/ST/STM32CubeIDE_2.1.1/STM32CubeIDE/plugins/com.st.stm32cube.ide.mcu.externaltools.gnu-tools-for-stm32.14.3.rel1.win32_1.0.100.202602081740/tools/bin/../lib/gcc/arm-none-eabi/14.3.1/../../../../arm-none-eabi/lib/thumb/v7-m/nofp\libc_nano.a(libc_a-memcpy-stub.o)

.debug_line_str
                0x00000000       0x70
 .debug_line_str
                0x00000000       0x70 ./Core/Startup/startup_stm32f103c8tx.o
