../Core/Src/main.c:238:5:main	4
../Core/Src/main.c:273:13:RTOS_CreateObjects	7
../Core/Src/main.c:309:13:SensorControlTask	8
../Core/Src/main.c:353:13:CanTxTask	7
../Core/Src/main.c:385:13:TemperatureTask	4
../Core/Src/main.c:426:13:TelemetryTask	2
../Core/Src/main.c:445:17:ADC_ReadPiezoRaw	3
../Core/Src/main.c:462:17:Piezo_RawToPercent	3
../Core/Src/main.c:478:13:Sensor_ProcessEvent	8
../Core/Src/main.c:510:13:Sensor_ProcessCommand	10
../Core/Src/main.c:562:13:Sensor_UpdateTemperature	7
../Core/Src/main.c:591:13:Sensor_UpdateTestFault	4
../Core/Src/main.c:599:13:Sensor_LatchFault	3
../Core/Src/main.c:614:13:Sensor_ResetFaults	1
../Core/Src/main.c:625:18:Command_FromChar	11
../Core/Src/main.c:644:13:Command_ToChar	9
../Core/Src/main.c:659:13:CAN_QueueFrame	8
../Core/Src/main.c:690:13:CAN_EnsureStarted	6
../Core/Src/main.c:729:13:CAN_TransmitFrame	6
../Core/Src/main.c:764:13:CAN_SendAck	6
../Core/Src/main.c:779:13:CAN_SendTelemetry	6
../Core/Src/main.c:798:13:CAN_SendStatus	4
../Core/Src/main.c:816:13:CAN_SendFault	4
../Core/Src/main.c:834:13:CAN_NotifyTxTaskFromISR	3
../Core/Src/main.c:845:13:DWT_Init	1
../Core/Src/main.c:852:13:OW_DelayUs	2
../Core/Src/main.c:861:13:OW_SetOutput	1
../Core/Src/main.c:872:13:OW_SetInput	1
../Core/Src/main.c:882:13:OW_Reset	1
../Core/Src/main.c:902:13:OW_WriteByte	3
../Core/Src/main.c:926:16:OW_ReadByte	3
../Core/Src/main.c:953:16:OW_Crc8	4
../Core/Src/main.c:973:13:DS18B20_StartConversion	2
../Core/Src/main.c:984:13:DS18B20_ReadTemperature	9
../Core/Src/main.c:1022:13:CAN_ConfigFilters	2
../Core/Src/main.c:1042:13:MX_ADC1_Init	3
../Core/Src/main.c:1066:13:MX_CAN_Init	2
../Core/Src/main.c:1086:13:MX_GPIO_Init	1
../Core/Src/main.c:1109:6:HAL_CAN_MspInit	2
../Core/Src/main.c:1137:6:HAL_ADC_MspInit	2
../Core/Src/main.c:1153:6:HAL_TIM_Base_MspInit	2
../Core/Src/main.c:1160:6:HAL_CAN_RxFifo0MsgPendingCallback	20
../Core/Src/main.c:1216:6:HAL_CAN_TxMailbox0CompleteCallback	2
../Core/Src/main.c:1223:6:HAL_CAN_TxMailbox1CompleteCallback	2
../Core/Src/main.c:1230:6:HAL_CAN_TxMailbox2CompleteCallback	2
../Core/Src/main.c:1237:6:HAL_CAN_TxMailbox0AbortCallback	2
../Core/Src/main.c:1244:6:HAL_CAN_TxMailbox1AbortCallback	2
../Core/Src/main.c:1251:6:HAL_CAN_TxMailbox2AbortCallback	2
../Core/Src/main.c:1258:6:USB_LP_CAN1_RX0_IRQHandler	1
../Core/Src/main.c:1263:6:USB_HP_CAN1_TX_IRQHandler	1
../Core/Src/main.c:1268:6:TIM2_IRQHandler	1
../Core/Src/main.c:1273:19:HAL_InitTick	5
../Core/Src/main.c:1307:6:HAL_SuspendTick	1
../Core/Src/main.c:1312:6:HAL_ResumeTick	1
../Core/Src/main.c:1317:6:HAL_TIM_PeriodElapsedCallback	2
../Core/Src/main.c:1324:6:vApplicationGetIdleTaskMemory	1
../Core/Src/main.c:1333:6:vApplicationStackOverflowHook	1
../Core/Src/main.c:1340:6:vApplicationMallocFailedHook	1
../Core/Src/main.c:1345:6:SystemClock_Config	4
../Core/Src/main.c:1379:6:Error_Handler	1
