../Core/Src/main.c:253:5:main	8	static
../Core/Src/main.c:284:13:RTOS_CreateObjects	64	static,ignoring_inline_asm
../Core/Src/main.c:331:13:BridgeControlTask	40	static
../Core/Src/main.c:345:13:CanTxTask	40	static
../Core/Src/main.c:381:13:UartParserTask	160	static
../Core/Src/main.c:400:13:UartTxTask	216	static
../Core/Src/main.c:418:13:HeartbeatTask	48	static
../Core/Src/main.c:434:13:Bridge_PostEvent	48	static
../Core/Src/main.c:455:13:Bridge_HandleEvent	16	static
../Core/Src/main.c:491:13:Bridge_HandleCanRx	136	static
../Core/Src/main.c:537:13:Bridge_HandleUartCanTx	24	static
../Core/Src/main.c:566:13:Bridge_HandlePing	56	static
../Core/Src/main.c:593:13:Bridge_SendStatusLine	296	static
../Core/Src/main.c:620:13:Bridge_SendHeartbeat	200	static
../Core/Src/main.c:643:13:Alarm_Set	16	static
../Core/Src/main.c:650:13:Alarm_Trigger	16	static
../Core/Src/main.c:655:13:Alarm_Clear	8	static
../Core/Src/main.c:660:13:Alarm_UpdateOutputs	16	static
../Core/Src/main.c:672:13:Alarm_HandleCanFrame	24	static
../Core/Src/main.c:703:13:SensorTelemetry_Update	112	static
../Core/Src/main.c:739:13:UART_QueueText	416	static
../Core/Src/main.c:775:13:UART_QueueError	72	static
../Core/Src/main.c:795:13:UART_ProcessByte	24	static
../Core/Src/main.c:827:13:UART_ProcessCommand	64	static
../Core/Src/main.c:941:15:String_LengthBounded	24	static
../Core/Src/main.c:955:13:ToUpperAscii	16	static
../Core/Src/main.c:963:13:HexCharToNibble	16	static
../Core/Src/main.c:980:13:ParseHexU32	24	static
../Core/Src/main.c:1012:13:ParseDecU8	24	static
../Core/Src/main.c:1036:13:HexStringToBytes	32	static
../Core/Src/main.c:1057:13:CAN_QueueFrame	72	static
../Core/Src/main.c:1089:13:CAN_IsActive	16	static
../Core/Src/main.c:1099:13:CAN_EnsureStarted	16	static
../Core/Src/main.c:1139:13:CAN_TransmitFrame	48	static
../Core/Src/main.c:1176:13:CAN_NotifyTxTaskFromISR	16	static,ignoring_inline_asm
../Core/Src/main.c:1186:13:CAN_ConfigFilters	48	static
../Core/Src/main.c:1206:6:HAL_CAN_RxFifo0MsgPendingCallback	104	static,ignoring_inline_asm
../Core/Src/main.c:1269:6:HAL_CAN_TxMailbox0CompleteCallback	16	static
../Core/Src/main.c:1276:6:HAL_CAN_TxMailbox1CompleteCallback	16	static
../Core/Src/main.c:1283:6:HAL_CAN_TxMailbox2CompleteCallback	16	static
../Core/Src/main.c:1290:6:HAL_CAN_TxMailbox0AbortCallback	16	static
../Core/Src/main.c:1297:6:HAL_CAN_TxMailbox1AbortCallback	16	static
../Core/Src/main.c:1304:6:HAL_CAN_TxMailbox2AbortCallback	16	static
../Core/Src/main.c:1311:6:HAL_CAN_ErrorCallback	16	static
../Core/Src/main.c:1319:6:HAL_UART_RxCpltCallback	24	static,ignoring_inline_asm
../Core/Src/main.c:1341:6:HAL_UART_ErrorCallback	24	static
../Core/Src/main.c:1350:6:USB_LP_CAN1_RX0_IRQHandler	8	static
../Core/Src/main.c:1355:6:USB_HP_CAN1_TX_IRQHandler	8	static
../Core/Src/main.c:1360:6:USART1_IRQHandler	8	static
../Core/Src/main.c:1365:6:TIM2_IRQHandler	8	static
../Core/Src/main.c:1370:19:HAL_InitTick	32	static
../Core/Src/main.c:1405:6:HAL_SuspendTick	4	static
../Core/Src/main.c:1410:6:HAL_ResumeTick	4	static
../Core/Src/main.c:1415:6:HAL_TIM_PeriodElapsedCallback	16	static
../Core/Src/main.c:1422:6:vApplicationGetIdleTaskMemory	24	static
../Core/Src/main.c:1431:6:vApplicationStackOverflowHook	16	static
../Core/Src/main.c:1438:6:vApplicationMallocFailedHook	8	static
../Core/Src/main.c:1443:6:SystemClock_Config	72	static
../Core/Src/main.c:1474:13:MX_CAN_Init	8	static
../Core/Src/main.c:1494:13:MX_USART1_UART_Init	8	static
../Core/Src/main.c:1510:13:MX_GPIO_Init	48	static
../Core/Src/main.c:1548:6:HAL_CAN_MspInit	48	static
../Core/Src/main.c:1576:6:HAL_UART_MspInit	40	static
../Core/Src/main.c:1601:6:HAL_TIM_Base_MspInit	24	static
../Core/Src/main.c:1608:6:Error_Handler	16	static,ignoring_inline_asm
