../Core/Src/main.c:253:5:main	4
../Core/Src/main.c:284:13:RTOS_CreateObjects	10
../Core/Src/main.c:331:13:BridgeControlTask	2
../Core/Src/main.c:345:13:CanTxTask	7
../Core/Src/main.c:381:13:UartParserTask	2
../Core/Src/main.c:400:13:UartTxTask	3
../Core/Src/main.c:418:13:HeartbeatTask	1
../Core/Src/main.c:434:13:Bridge_PostEvent	6
../Core/Src/main.c:455:13:Bridge_HandleEvent	9
../Core/Src/main.c:491:13:Bridge_HandleCanRx	10
../Core/Src/main.c:537:13:Bridge_HandleUartCanTx	11
../Core/Src/main.c:566:13:Bridge_HandlePing	3
../Core/Src/main.c:593:13:Bridge_SendStatusLine	2
../Core/Src/main.c:620:13:Bridge_SendHeartbeat	2
../Core/Src/main.c:643:13:Alarm_Set	3
../Core/Src/main.c:650:13:Alarm_Trigger	1
../Core/Src/main.c:655:13:Alarm_Clear	1
../Core/Src/main.c:660:13:Alarm_UpdateOutputs	1
../Core/Src/main.c:672:13:Alarm_HandleCanFrame	13
../Core/Src/main.c:703:13:SensorTelemetry_Update	6
../Core/Src/main.c:739:13:UART_QueueText	9
../Core/Src/main.c:775:13:UART_QueueError	3
../Core/Src/main.c:795:13:UART_ProcessByte	5
../Core/Src/main.c:827:13:UART_ProcessCommand	28
../Core/Src/main.c:941:15:String_LengthBounded	4
../Core/Src/main.c:955:13:ToUpperAscii	3
../Core/Src/main.c:963:13:HexCharToNibble	7
../Core/Src/main.c:980:13:ParseHexU32	11
../Core/Src/main.c:1012:13:ParseDecU8	8
../Core/Src/main.c:1036:13:HexStringToBytes	7
../Core/Src/main.c:1057:13:CAN_QueueFrame	9
../Core/Src/main.c:1089:13:CAN_IsActive	4
../Core/Src/main.c:1099:13:CAN_EnsureStarted	5
../Core/Src/main.c:1139:13:CAN_TransmitFrame	6
../Core/Src/main.c:1176:13:CAN_NotifyTxTaskFromISR	3
../Core/Src/main.c:1186:13:CAN_ConfigFilters	2
../Core/Src/main.c:1206:6:HAL_CAN_RxFifo0MsgPendingCallback	19
../Core/Src/main.c:1269:6:HAL_CAN_TxMailbox0CompleteCallback	2
../Core/Src/main.c:1276:6:HAL_CAN_TxMailbox1CompleteCallback	2
../Core/Src/main.c:1283:6:HAL_CAN_TxMailbox2CompleteCallback	2
../Core/Src/main.c:1290:6:HAL_CAN_TxMailbox0AbortCallback	2
../Core/Src/main.c:1297:6:HAL_CAN_TxMailbox1AbortCallback	2
../Core/Src/main.c:1304:6:HAL_CAN_TxMailbox2AbortCallback	2
../Core/Src/main.c:1311:6:HAL_CAN_ErrorCallback	2
../Core/Src/main.c:1319:6:HAL_UART_RxCpltCallback	6
../Core/Src/main.c:1341:6:HAL_UART_ErrorCallback	2
../Core/Src/main.c:1350:6:USB_LP_CAN1_RX0_IRQHandler	1
../Core/Src/main.c:1355:6:USB_HP_CAN1_TX_IRQHandler	1
../Core/Src/main.c:1360:6:USART1_IRQHandler	1
../Core/Src/main.c:1365:6:TIM2_IRQHandler	1
../Core/Src/main.c:1370:19:HAL_InitTick	5
../Core/Src/main.c:1405:6:HAL_SuspendTick	1
../Core/Src/main.c:1410:6:HAL_ResumeTick	1
../Core/Src/main.c:1415:6:HAL_TIM_PeriodElapsedCallback	2
../Core/Src/main.c:1422:6:vApplicationGetIdleTaskMemory	1
../Core/Src/main.c:1431:6:vApplicationStackOverflowHook	1
../Core/Src/main.c:1438:6:vApplicationMallocFailedHook	1
../Core/Src/main.c:1443:6:SystemClock_Config	3
../Core/Src/main.c:1474:13:MX_CAN_Init	2
../Core/Src/main.c:1494:13:MX_USART1_UART_Init	2
../Core/Src/main.c:1510:13:MX_GPIO_Init	1
../Core/Src/main.c:1548:6:HAL_CAN_MspInit	2
../Core/Src/main.c:1576:6:HAL_UART_MspInit	2
../Core/Src/main.c:1601:6:HAL_TIM_Base_MspInit	2
../Core/Src/main.c:1608:6:Error_Handler	2
