../Core/Src/main.c:287:5:main	8	static
../Core/Src/main.c:326:13:RTOS_CreateObjects	48	static,ignoring_inline_asm
../Core/Src/main.c:361:13:MotorControlTask	48	static
../Core/Src/main.c:410:13:CanTxTask	32	static
../Core/Src/main.c:442:13:TelemetryTask	56	static
../Core/Src/main.c:461:17:ADC_ReadCurrentRaw	16	static
../Core/Src/main.c:477:17:Current_mA_FromRaw	32	static
../Core/Src/main.c:486:16:ClampPercent	16	static
../Core/Src/main.c:491:13:PWM_SetComparePercent	24	static
../Core/Src/main.c:506:13:Motor_DriveBrake	8	static
../Core/Src/main.c:513:13:Motor_SelectDirection	24	static
../Core/Src/main.c:519:13:Motor_Wake	8	static
../Core/Src/main.c:531:13:Motor_Start	24	static
../Core/Src/main.c:556:13:Motor_StopBrake	16	static
../Core/Src/main.c:571:13:Motor_SetSpeedPercent	16	static
../Core/Src/main.c:577:13:Motor_AdjustSpeedPercent	24	static
../Core/Src/main.c:590:13:Motor_ApplyTargetSpeed	8	static
../Core/Src/main.c:604:13:Motor_LatchFault	16	static
../Core/Src/main.c:616:13:Motor_ResetFaults	4	static
../Core/Src/main.c:627:13:Motor_UpdateSafety	16	static
../Core/Src/main.c:635:13:Motor_UpdateCurrent	16	static
../Core/Src/main.c:653:13:Motor_UpdateDriverFault	24	static
../Core/Src/main.c:678:13:Motor_UpdateTestFault	16	static
../Core/Src/main.c:687:13:Motor_UpdateRuntime	16	static
../Core/Src/main.c:703:13:Motor_PublishSnapshot	8	static
../Core/Src/main.c:708:13:ToUpperAscii	16	static
../Core/Src/main.c:716:13:Payload_HasTextPrefix	40	static
../Core/Src/main.c:731:18:Command_FromPayload	24	static
../Core/Src/main.c:768:13:Command_ToChar	16	static
../Core/Src/main.c:787:23:Command_Decode	24	static
../Core/Src/main.c:800:13:Command_Process	24	static
../Core/Src/main.c:888:13:Control_HandleRxFrame	24	static
../Core/Src/main.c:911:13:CAN_QueueFrame	40	static
../Core/Src/main.c:941:13:CAN_EnsureStarted	16	static
../Core/Src/main.c:980:13:CAN_TransmitFrame	48	static
../Core/Src/main.c:1015:13:CAN_SendAck	24	static
../Core/Src/main.c:1026:13:CAN_SendFault	24	static
../Core/Src/main.c:1038:13:CAN_SendStatusFrom	24	static
../Core/Src/main.c:1050:13:CAN_SendBasicFrom	24	static
../Core/Src/main.c:1062:13:CAN_SendSpeedFrom	24	static
../Core/Src/main.c:1074:13:CAN_SendCountersFrom	24	static
../Core/Src/main.c:1089:13:CAN_NotifyTxTaskFromISR	16	static,ignoring_inline_asm
../Core/Src/main.c:1099:13:CAN_ConfigFilters	48	static
../Core/Src/main.c:1119:13:MX_ADC1_Init	24	static
../Core/Src/main.c:1143:13:MX_CAN_Init	8	static
../Core/Src/main.c:1163:13:MX_TIM3_Init	64	static
../Core/Src/main.c:1204:13:MX_GPIO_Init	48	static
../Core/Src/main.c:1228:6:HAL_CAN_MspInit	48	static
../Core/Src/main.c:1256:6:HAL_ADC_MspInit	40	static
../Core/Src/main.c:1270:6:HAL_TIM_Base_MspInit	24	static
../Core/Src/main.c:1279:6:HAL_TIM_PWM_MspInit	24	static
../Core/Src/main.c:1286:6:HAL_TIM_MspPostInit	40	static
../Core/Src/main.c:1300:6:HAL_CAN_RxFifo0MsgPendingCallback	88	static,ignoring_inline_asm
../Core/Src/main.c:1355:6:HAL_CAN_TxMailbox0CompleteCallback	16	static
../Core/Src/main.c:1362:6:HAL_CAN_TxMailbox1CompleteCallback	16	static
../Core/Src/main.c:1369:6:HAL_CAN_TxMailbox2CompleteCallback	16	static
../Core/Src/main.c:1376:6:HAL_CAN_TxMailbox0AbortCallback	16	static
../Core/Src/main.c:1383:6:HAL_CAN_TxMailbox1AbortCallback	16	static
../Core/Src/main.c:1390:6:HAL_CAN_TxMailbox2AbortCallback	16	static
../Core/Src/main.c:1397:6:USB_LP_CAN1_RX0_IRQHandler	8	static
../Core/Src/main.c:1402:6:USB_HP_CAN1_TX_IRQHandler	8	static
../Core/Src/main.c:1407:6:TIM2_IRQHandler	8	static
../Core/Src/main.c:1412:19:HAL_InitTick	32	static
../Core/Src/main.c:1445:6:HAL_SuspendTick	4	static
../Core/Src/main.c:1450:6:HAL_ResumeTick	4	static
../Core/Src/main.c:1455:6:HAL_TIM_PeriodElapsedCallback	16	static
../Core/Src/main.c:1462:6:vApplicationGetIdleTaskMemory	24	static
../Core/Src/main.c:1471:6:vApplicationStackOverflowHook	16	static
../Core/Src/main.c:1478:6:vApplicationMallocFailedHook	8	static
../Core/Src/main.c:1483:6:SystemClock_Config	88	static
../Core/Src/main.c:1517:6:Error_Handler	8	static,ignoring_inline_asm
